Archive member included because of file (symbol)

C:/NXP/S32DS_ARM_v2018.R1/Cross_Tools/gcc-arm-none-eabi-4_9/arm-none-eabi/newlib/lib/armv7e-m/fpu\libc_nano.a(lib_a-exit.o)
                              C:/NXP/S32DS_ARM_v2018.R1/Cross_Tools/gcc-arm-none-eabi-4_9/arm-none-eabi/newlib/lib/armv7e-m/fpu/crt0.o (exit)
C:/NXP/S32DS_ARM_v2018.R1/Cross_Tools/gcc-arm-none-eabi-4_9/arm-none-eabi/newlib/lib/armv7e-m/fpu\libc_nano.a(lib_a-impure.o)
                              C:/NXP/S32DS_ARM_v2018.R1/Cross_Tools/gcc-arm-none-eabi-4_9/arm-none-eabi/newlib/lib/armv7e-m/fpu\libc_nano.a(lib_a-exit.o) (_global_impure_ptr)
C:/NXP/S32DS_ARM_v2018.R1/Cross_Tools/gcc-arm-none-eabi-4_9/arm-none-eabi/newlib/lib/armv7e-m/fpu\libc_nano.a(lib_a-init.o)
                              C:/NXP/S32DS_ARM_v2018.R1/Cross_Tools/gcc-arm-none-eabi-4_9/arm-none-eabi/newlib/lib/armv7e-m/fpu/crt0.o (__libc_init_array)
C:/NXP/S32DS_ARM_v2018.R1/Cross_Tools/gcc-arm-none-eabi-4_9/arm-none-eabi/newlib/lib/armv7e-m/fpu\libc_nano.a(lib_a-memcmp.o)
                              ./SDK/rtos/FreeRTOS_S32K/Source/tasks.o (memcmp)
C:/NXP/S32DS_ARM_v2018.R1/Cross_Tools/gcc-arm-none-eabi-4_9/arm-none-eabi/newlib/lib/armv7e-m/fpu\libc_nano.a(lib_a-memcpy.o)
                              ./SDK/rtos/FreeRTOS_S32K/Source/queue.o (memcpy)
C:/NXP/S32DS_ARM_v2018.R1/Cross_Tools/gcc-arm-none-eabi-4_9/arm-none-eabi/newlib/lib/armv7e-m/fpu\libc_nano.a(lib_a-memset.o)
                              C:/NXP/S32DS_ARM_v2018.R1/Cross_Tools/gcc-arm-none-eabi-4_9/arm-none-eabi/newlib/lib/armv7e-m/fpu/crt0.o (memset)
C:/NXP/S32DS_ARM_v2018.R1/Cross_Tools/gcc-arm-none-eabi-4_9/arm-none-eabi/newlib/lib/armv7e-m/fpu\librdimon_nano.a(rdimon-_exit.o)
                              C:/NXP/S32DS_ARM_v2018.R1/Cross_Tools/gcc-arm-none-eabi-4_9/arm-none-eabi/newlib/lib/armv7e-m/fpu\libc_nano.a(lib_a-exit.o) (_exit)
C:/NXP/S32DS_ARM_v2018.R1/Cross_Tools/gcc-arm-none-eabi-4_9/arm-none-eabi/newlib/lib/armv7e-m/fpu\librdimon_nano.a(rdimon-_kill.o)
                              C:/NXP/S32DS_ARM_v2018.R1/Cross_Tools/gcc-arm-none-eabi-4_9/arm-none-eabi/newlib/lib/armv7e-m/fpu\librdimon_nano.a(rdimon-_exit.o) (_kill)

Allocating common symbols
Common symbol       size              file

RxDATA              0x8               ./Sources/FlexCAN.o
RxID                0x4               ./Sources/can.o
g_xtal0ClkFreq      0x4               ./SDK/platform/drivers/src/clock/S32K1xx/clock_S32K1xx.o
xQueueRegistry      0x40              ./SDK/rtos/FreeRTOS_S32K/Source/queue.o
RxLENGTH            0x4               ./Sources/can.o
g_RtcClkInFreq      0x4               ./SDK/platform/drivers/src/clock/S32K1xx/clock_S32K1xx.o
RxCODE              0x4               ./Sources/can.o
g_TClkFreq          0xc               ./SDK/platform/drivers/src/clock/S32K1xx/clock_S32K1xx.o
RxTIMESTAMP         0x4               ./Sources/can.o

Discarded input sections

 .text          0x00000000        0x0 c:/nxp/s32ds_arm_v2018.r1/cross_tools/gcc-arm-none-eabi-4_9/bin/../lib/gcc/arm-none-eabi/4.9.3/armv7e-m/fpu/crti.o
 .data          0x00000000        0x0 c:/nxp/s32ds_arm_v2018.r1/cross_tools/gcc-arm-none-eabi-4_9/bin/../lib/gcc/arm-none-eabi/4.9.3/armv7e-m/fpu/crti.o
 .bss           0x00000000        0x0 c:/nxp/s32ds_arm_v2018.r1/cross_tools/gcc-arm-none-eabi-4_9/bin/../lib/gcc/arm-none-eabi/4.9.3/armv7e-m/fpu/crti.o
 .data          0x00000000        0x4 c:/nxp/s32ds_arm_v2018.r1/cross_tools/gcc-arm-none-eabi-4_9/bin/../lib/gcc/arm-none-eabi/4.9.3/armv7e-m/fpu/crtbegin.o
 .text          0x00000000       0x74 C:/NXP/S32DS_ARM_v2018.R1/Cross_Tools/gcc-arm-none-eabi-4_9/arm-none-eabi/newlib/lib/armv7e-m/fpu/crt0.o
 .data          0x00000000        0x0 C:/NXP/S32DS_ARM_v2018.R1/Cross_Tools/gcc-arm-none-eabi-4_9/arm-none-eabi/newlib/lib/armv7e-m/fpu/crt0.o
 .bss           0x00000000        0x0 C:/NXP/S32DS_ARM_v2018.R1/Cross_Tools/gcc-arm-none-eabi-4_9/arm-none-eabi/newlib/lib/armv7e-m/fpu/crt0.o
 .ARM.extab     0x00000000        0x0 C:/NXP/S32DS_ARM_v2018.R1/Cross_Tools/gcc-arm-none-eabi-4_9/arm-none-eabi/newlib/lib/armv7e-m/fpu/crt0.o
 .ARM.exidx     0x00000000        0x8 C:/NXP/S32DS_ARM_v2018.R1/Cross_Tools/gcc-arm-none-eabi-4_9/arm-none-eabi/newlib/lib/armv7e-m/fpu/crt0.o
 .ARM.attributes
                0x00000000       0x20 C:/NXP/S32DS_ARM_v2018.R1/Cross_Tools/gcc-arm-none-eabi-4_9/arm-none-eabi/newlib/lib/armv7e-m/fpu/crt0.o
 .group         0x00000000        0x8 ./Sources/rtos.o
 .group         0x00000000        0x8 ./Sources/rtos.o
 .group         0x00000000        0x8 ./Sources/rtos.o
 .group         0x00000000        0x8 ./Sources/rtos.o
 .group         0x00000000        0x8 ./Sources/rtos.o
 .group         0x00000000        0x8 ./Sources/rtos.o
 .group         0x00000000        0x8 ./Sources/rtos.o
 .group         0x00000000        0x8 ./Sources/rtos.o
 .group         0x00000000        0x8 ./Sources/rtos.o
 .group         0x00000000        0x8 ./Sources/rtos.o
[...]
Memory Configuration

Name             Origin             Length             Attributes
m_interrupts     0x1fff8000         0x00000400         xr
m_text           0x1fff8400         0x00007c00         xr
m_data           0x20000000         0x00007000         rw
*default*        0x00000000         0xffffffff

Linker script and memory map

LOAD c:/nxp/s32ds_arm_v2018.r1/cross_tools/gcc-arm-none-eabi-4_9/bin/../lib/gcc/arm-none-eabi/4.9.3/armv7e-m/fpu/crti.o
LOAD c:/nxp/s32ds_arm_v2018.r1/cross_tools/gcc-arm-none-eabi-4_9/bin/../lib/gcc/arm-none-eabi/4.9.3/armv7e-m/fpu/crtbegin.o
LOAD C:/NXP/S32DS_ARM_v2018.R1/Cross_Tools/gcc-arm-none-eabi-4_9/arm-none-eabi/newlib/lib/armv7e-m/fpu/crt0.o
LOAD ./Sources/rtos.o
LOAD ./Sources/main.o
LOAD ./Sources/gpio.o
LOAD ./Sources/eeeprom.o
LOAD ./Sources/cluster.o
LOAD ./Sources/clock.o
LOAD ./Sources/can.o
LOAD ./Sources/LPSPI.o
LOAD ./Sources/LCD_DOS.o
LOAD ./Sources/FlexCAN.o
LOAD ./SDK/rtos/FreeRTOS_S32K/Source/portable/MemMang/heap_2.o
LOAD ./SDK/rtos/FreeRTOS_S32K/Source/portable/GCC/ARM_CM4F/port.o
LOAD ./SDK/rtos/FreeRTOS_S32K/Source/timers.o
LOAD ./SDK/rtos/FreeRTOS_S32K/Source/tasks.o
LOAD ./SDK/rtos/FreeRTOS_S32K/Source/queue.o
LOAD ./SDK/rtos/FreeRTOS_S32K/Source/list.o
LOAD ./SDK/rtos/FreeRTOS_S32K/Source/event_groups.o
LOAD ./SDK/rtos/FreeRTOS_S32K/Source/croutine.o
LOAD ./SDK/platform/drivers/src/pins/pins_port_hw_access.o
LOAD ./SDK/platform/drivers/src/pins/pins_driver.o
LOAD ./SDK/platform/drivers/src/interrupt/interrupt_manager.o
LOAD ./SDK/platform/drivers/src/clock/clock_manager.o
LOAD ./SDK/platform/drivers/src/clock/S32K1xx/clock_S32K1xx.o
LOAD ./SDK/platform/devices/startup.o
LOAD ./SDK/platform/devices/S32K144/startup/system_S32K144.o
LOAD ./Project_Settings/Startup_Code/startup_S32K144.o
LOAD ./Generated_Code/pin_mux.o
LOAD ./Generated_Code/clockMan1.o
LOAD ./Generated_Code/Cpu.o
LOAD C:/NXP/S32DS_ARM_v2018.R1/Cross_Tools/gcc-arm-none-eabi-4_9/arm-none-eabi/newlib/lib/armv7e-m/fpu\libc_nano.a
LOAD c:/nxp/s32ds_arm_v2018.r1/cross_tools/gcc-arm-none-eabi-4_9/bin/../lib/gcc/arm-none-eabi/4.9.3/armv7e-m/fpu\libgcc.a
LOAD C:/NXP/S32DS_ARM_v2018.R1/Cross_Tools/gcc-arm-none-eabi-4_9/arm-none-eabi/newlib/lib/armv7e-m/fpu\libm.a
LOAD C:/NXP/S32DS_ARM_v2018.R1/Cross_Tools/gcc-arm-none-eabi-4_9/arm-none-eabi/newlib/lib/armv7e-m/fpu\librdimon_nano.a
START GROUP
LOAD c:/nxp/s32ds_arm_v2018.r1/cross_tools/gcc-arm-none-eabi-4_9/bin/../lib/gcc/arm-none-eabi/4.9.3/armv7e-m/fpu\libgcc.a
LOAD C:/NXP/S32DS_ARM_v2018.R1/Cross_Tools/gcc-arm-none-eabi-4_9/arm-none-eabi/newlib/lib/armv7e-m/fpu\libc_nano.a
END GROUP
START GROUP
LOAD c:/nxp/s32ds_arm_v2018.r1/cross_tools/gcc-arm-none-eabi-4_9/bin/../lib/gcc/arm-none-eabi/4.9.3/armv7e-m/fpu\libgcc.a
LOAD C:/NXP/S32DS_ARM_v2018.R1/Cross_Tools/gcc-arm-none-eabi-4_9/arm-none-eabi/newlib/lib/armv7e-m/fpu\libc_nano.a
LOAD C:/NXP/S32DS_ARM_v2018.R1/Cross_Tools/gcc-arm-none-eabi-4_9/arm-none-eabi/newlib/lib/armv7e-m/fpu\libnosys.a
END GROUP
START GROUP
LOAD c:/nxp/s32ds_arm_v2018.r1/cross_tools/gcc-arm-none-eabi-4_9/bin/../lib/gcc/arm-none-eabi/4.9.3/armv7e-m/fpu\libgcc.a
LOAD C:/NXP/S32DS_ARM_v2018.R1/Cross_Tools/gcc-arm-none-eabi-4_9/arm-none-eabi/newlib/lib/armv7e-m/fpu\libc_nano.a
LOAD C:/NXP/S32DS_ARM_v2018.R1/Cross_Tools/gcc-arm-none-eabi-4_9/arm-none-eabi/newlib/lib/armv7e-m/fpu\libnosys.a
END GROUP
LOAD c:/nxp/s32ds_arm_v2018.r1/cross_tools/gcc-arm-none-eabi-4_9/bin/../lib/gcc/arm-none-eabi/4.9.3/armv7e-m/fpu/crtend.o
LOAD c:/nxp/s32ds_arm_v2018.r1/cross_tools/gcc-arm-none-eabi-4_9/bin/../lib/gcc/arm-none-eabi/4.9.3/armv7e-m/fpu/crtn.o
                0x00000400                HEAP_SIZE = DEFINED (__heap_size__)?__heap_size__:0x400
                0x00000400                STACK_SIZE = DEFINED (__stack_size__)?__stack_size__:0x400

.interrupts     0x1fff8000      0x400
                0x1fff8000                __VECTOR_TABLE = .
                0x1fff8000                . = ALIGN (0x4)
 *(.isr_vector)
 .isr_vector    0x1fff8000      0x400 ./Project_Settings/Startup_Code/startup_S32K144.o
                0x1fff8000                __isr_vector
                0x1fff8400                . = ALIGN (0x4)
                0x1fff8000                __VECTOR_RAM = __VECTOR_TABLE
                0x00000000                __RAM_VECTOR_TABLE_SIZE = 0x0

.text           0x1fff8400     0x12e4
                0x1fff8400                . = ALIGN (0x4)
 *(.text)
 .text          0x1fff8400       0x5c c:/nxp/s32ds_arm_v2018.r1/cross_tools/gcc-arm-none-eabi-4_9/bin/../lib/gcc/arm-none-eabi/4.9.3/armv7e-m/fpu/crtbegin.o
 .text          0x1fff845c       0x44 ./Project_Settings/Startup_Code/startup_S32K144.o
                0x1fff845c                Reset_Handler
                0x1fff849c                DebugMon_Handler
                0x1fff849c                Reserved88_IRQHandler
                0x1fff849c                CAN0_ORed_IRQHandler
                0x1fff849c                HardFault_Handler
                0x1fff849c                Reserved86_IRQHandler
                0x1fff849c                Reserved103_IRQHandler
                0x1fff849c                FTM2_Ovf_Reload_IRQHandler
                0x1fff849c                Reserved50_IRQHandler
                0x1fff849c                FTFC_Fault_IRQHandler
                0x1fff849c                FTM0_Ch6_Ch7_IRQHandler
                0x1fff849c                Reserved114_IRQHandler
                0x1fff849c                NMI_Handler
                0x1fff849c                Reserved89_IRQHandler
                0x1fff849c                ERM_double_fault_IRQHandler
                0x1fff849c                DMA2_IRQHandler
                0x1fff849c                Reserved59_IRQHandler
                0x1fff849c                LPIT0_Ch0_IRQHandler
                0x1fff849c                Reserved99_IRQHandler
                0x1fff849c                FTM3_Ch6_Ch7_IRQHandler
                0x1fff849c                CAN2_ORed_0_15_MB_IRQHandler
                0x1fff849c                LPIT0_Ch3_IRQHandler
                0x1fff849c                Reserved92_IRQHandler
                0x1fff849c                FTM0_Ch4_Ch5_IRQHandler
                0x1fff849c                CAN1_Error_IRQHandler
                0x1fff849c                FTM3_Ch0_Ch1_IRQHandler
                0x1fff849c                SWI_IRQHandler
                0x1fff849c                ADC0_IRQHandler
                0x1fff849c                FTM2_Ch4_Ch5_IRQHandler
                0x1fff849c                UsageFault_Handler
                0x1fff849c                FTM0_Ovf_Reload_IRQHandler
                0x1fff849c                DefaultISR
                0x1fff849c                DMA9_IRQHandler
                0x1fff849c                Reserved58_IRQHandler
                0x1fff849c                CAN1_ORed_0_15_MB_IRQHandler
                0x1fff849c                FTM1_Ch2_Ch3_IRQHandler
                0x1fff849c                DMA14_IRQHandler
                0x1fff849c                Reserved82_IRQHandler
                0x1fff849c                CAN0_ORed_16_31_MB_IRQHandler
                0x1fff849c                LPI2C0_Slave_IRQHandler
                0x1fff849c                Reserved71_IRQHandler
                0x1fff849c                PORTD_IRQHandler
                0x1fff849c                Reserved69_IRQHandler
                0x1fff849c                PORTB_IRQHandler
                0x1fff849c                Reserved70_IRQHandler
                0x1fff849c                ADC1_IRQHandler
                0x1fff849c                FTM2_Ch2_Ch3_IRQHandler
                0x1fff849c                Reserved53_IRQHandler
                0x1fff849c                DMA5_IRQHandler
                0x1fff849c                RTC_IRQHandler
                0x1fff849c                PDB0_IRQHandler
                0x1fff849c                Reserved54_IRQHandler
                0x1fff849c                FTM2_Ch6_Ch7_IRQHandler
                0x1fff849c                FTM3_Ch2_Ch3_IRQHandler
                0x1fff849c                FTM2_Ch0_Ch1_IRQHandler
                0x1fff849c                LPSPI1_IRQHandler
                0x1fff849c                LPUART1_RxTx_IRQHandler
                0x1fff849c                RTC_Seconds_IRQHandler
                0x1fff849c                CAN2_ORed_IRQHandler
                0x1fff849c                Reserved72_IRQHandler
                0x1fff849c                Reserved110_IRQHandler
                0x1fff849c                DMA11_IRQHandler
                0x1fff849c                Reserved107_IRQHandler
                0x1fff849c                Read_Collision_IRQHandler
                0x1fff849c                CAN2_Error_IRQHandler
                0x1fff849c                FTFC_IRQHandler
                0x1fff849c                DMA7_IRQHandler
                0x1fff849c                FTM1_Ch6_Ch7_IRQHandler
                0x1fff849c                Reserved105_IRQHandler
                0x1fff849c                LPIT0_Ch1_IRQHandler
                0x1fff849c                FTM1_Ch4_Ch5_IRQHandler
                0x1fff849c                FTM3_Ovf_Reload_IRQHandler
                0x1fff849c                LPUART2_RxTx_IRQHandler
                0x1fff849c                LPSPI0_IRQHandler
                0x1fff849c                WDOG_EWM_IRQHandler
                0x1fff849c                MemManage_Handler
                0x1fff849c                Reserved90_IRQHandler
                0x1fff849c                Reserved83_IRQHandler
                0x1fff849c                FTM0_Fault_IRQHandler
                0x1fff849c                Reserved48_IRQHandler
                0x1fff849c                ERM_single_fault_IRQHandler
                0x1fff849c                FTM2_Fault_IRQHandler
                0x1fff849c                FTM0_Ch2_Ch3_IRQHandler
                0x1fff849c                DMA13_IRQHandler
                0x1fff849c                FTM0_Ch0_Ch1_IRQHandler
                0x1fff849c                FTM3_Fault_IRQHandler
                0x1fff849c                RCM_IRQHandler
                0x1fff849c                DMA3_IRQHandler
                0x1fff849c                Reserved100_IRQHandler
                0x1fff849c                DMA0_IRQHandler
                0x1fff849c                Reserved91_IRQHandler
                0x1fff849c                CAN1_ORed_IRQHandler
                0x1fff849c                DMA15_IRQHandler
                0x1fff849c                SCG_IRQHandler
                0x1fff849c                PDB1_IRQHandler
                0x1fff849c                Reserved81_IRQHandler
                0x1fff849c                Reserved46_IRQHandler
                0x1fff849c                Reserved45_IRQHandler
                0x1fff849c                CAN0_Error_IRQHandler
                0x1fff849c                Reserved112_IRQHandler
                0x1fff849c                LPI2C0_Master_IRQHandler
                0x1fff849c                DMA4_IRQHandler
                0x1fff849c                FTM1_Fault_IRQHandler
                0x1fff849c                Reserved106_IRQHandler
                0x1fff849c                DMA_Error_IRQHandler
                0x1fff849c                LVD_LVW_IRQHandler
                0x1fff849c                LPIT0_Ch2_IRQHandler
                0x1fff849c                PORTA_IRQHandler
                0x1fff849c                MCM_IRQHandler
                0x1fff849c                LPSPI2_IRQHandler
                0x1fff849c                DMA12_IRQHandler
                0x1fff849c                FTM3_Ch4_Ch5_IRQHandler
                0x1fff849c                CAN0_ORed_0_15_MB_IRQHandler
                0x1fff849c                PORTE_IRQHandler
                0x1fff849c                LPUART0_RxTx_IRQHandler
                0x1fff849c                LPTMR0_IRQHandler
                0x1fff849c                BusFault_Handler
                0x1fff849c                Reserved87_IRQHandler
                0x1fff849c                FTM1_Ovf_Reload_IRQHandler
                0x1fff849c                DMA8_IRQHandler
                0x1fff849c                Reserved93_IRQHandler
                0x1fff849c                DMA10_IRQHandler
                0x1fff849c                CAN0_Wake_Up_IRQHandler
                0x1fff849c                CMP0_IRQHandler
                0x1fff849c                Reserved52_IRQHandler
                0x1fff849c                PORTC_IRQHandler
                0x1fff849c                DMA6_IRQHandler
                0x1fff849c                FTM1_Ch0_Ch1_IRQHandler
                0x1fff849c                FLEXIO_IRQHandler
                0x1fff849c                DMA1_IRQHandler
                0x1fff849c                Reserved113_IRQHandler
 *(.text*)
 .text.vApplicationStackOverflowHook
                0x1fff84a0       0x14 ./Sources/rtos.o
                0x1fff84a0                vApplicationStackOverflowHook
 .text.vApplicationTickHook
                0x1fff84b4        0x4 ./Sources/rtos.o
                0x1fff84b4                vApplicationTickHook
 .text.main     0x1fff84b8       0x38 ./Sources/main.o
                0x1fff84b8                main
 .text.GPIO_Clock_Set_Up
                0x1fff84f0       0x5c ./Sources/gpio.o
                0x1fff84f0                GPIO_Clock_Set_Up
 .text.GPIO_Get_Port_Char
                0x1fff854c       0xb4 ./Sources/gpio.o
                0x1fff854c                GPIO_Get_Port_Char
 .text.GPIO_Get_Port_Pin
                0x1fff8600      0x100 ./Sources/gpio.o
                0x1fff8600                GPIO_Get_Port_Pin
 .text.GPIO_Init_As_Input
                0x1fff8700       0xd0 ./Sources/gpio.o
                0x1fff8700                GPIO_Init_As_Input
 .text.GPIO_Read_Input
                0x1fff87d0       0x9c ./Sources/gpio.o
                0x1fff87d0                GPIO_Read_Input
 .text.GPIO_Init_As_Output
                0x1fff886c       0xcc ./Sources/gpio.o
                0x1fff886c                GPIO_Init_As_Output
 .text.GPIO_Set_Off_Output
                0x1fff8938       0x84 ./Sources/gpio.o
                0x1fff8938                GPIO_Set_Off_Output
 .text.GPIO_Set_On_Output
                0x1fff89bc       0x84 ./Sources/gpio.o
                0x1fff89bc                GPIO_Set_On_Output
 .text.CLUSTER_Display_Velocimeter_Value
                0x1fff8a40      0x350 ./Sources/cluster.o
                0x1fff8a40                CLUSTER_Display_Velocimeter_Value
 .text.CLUSTER_Initialize
                0x1fff8d90      0x124 ./Sources/cluster.o
                0x1fff8d90                CLUSTER_Initialize
 .text.CLOCK_SOSC_Init_8MHz
                0x1fff8eb4       0x38 ./Sources/clock.o
                0x1fff8eb4                CLOCK_SOSC_Init_8MHz
 .text.CLOCK_SPLL_Init_160MHz
                0x1fff8eec       0x4c ./Sources/clock.o
                0x1fff8eec                CLOCK_SPLL_Init_160MHz
 .text.CLOCK_Setup_80MHz
                0x1fff8f38       0x1c ./Sources/clock.o
                0x1fff8f38                CLOCK_Setup_80MHz
 .text.CLOCK_Disable_Watchdog
                0x1fff8f54       0x1c ./Sources/clock.o
                0x1fff8f54                CLOCK_Disable_Watchdog
 .text.CAN_Init
                0x1fff8f70       0xa0 ./Sources/can.o
                0x1fff8f70                CAN_Init
 .text.CAN_transmit
                0x1fff9010       0x28 ./Sources/can.o
                0x1fff9010                CAN_transmit
 .text.CAN_receive
                0x1fff9038       0xc8 ./Sources/can.o
                0x1fff9038                CAN_receive
 .text.LCD_Send_Nibble
                0x1fff9100       0x44 ./Sources/LCD_DOS.o
                0x1fff9100                LCD_Send_Nibble
 .text.LCD_Init
                0x1fff9144      0x150 ./Sources/LCD_DOS.o
                0x1fff9144                LCD_Init
 .text.SVC_Handler
                0x1fff9294       0x20 ./SDK/rtos/FreeRTOS_S32K/Source/portable/GCC/ARM_CM4F/port.o
                0x1fff9294                SVC_Handler
 .text.PendSV_Handler
                0x1fff92b4       0x60 ./SDK/rtos/FreeRTOS_S32K/Source/portable/GCC/ARM_CM4F/port.o
                0x1fff92b4                PendSV_Handler
 .text.SysTick_Handler
                0x1fff9314       0x30 ./SDK/rtos/FreeRTOS_S32K/Source/portable/GCC/ARM_CM4F/port.o
                0x1fff9314                SysTick_Handler
 .text.prvResetNextTaskUnblockTime
                0x1fff9344       0x2c ./SDK/rtos/FreeRTOS_S32K/Source/tasks.o
 .text.xTaskIncrementTick
                0x1fff9370      0x134 ./SDK/rtos/FreeRTOS_S32K/Source/tasks.o
                0x1fff9370                xTaskIncrementTick
 .text.vTaskSwitchContext
                0x1fff94a4       0xcc ./SDK/rtos/FreeRTOS_S32K/Source/tasks.o
                0x1fff94a4                vTaskSwitchContext
 .text.vListInsertEnd
                0x1fff9570       0x18 ./SDK/rtos/FreeRTOS_S32K/Source/list.o
                0x1fff9570                vListInsertEnd
 .text.uxListRemove
                0x1fff9588       0x24 ./SDK/rtos/FreeRTOS_S32K/Source/list.o
                0x1fff9588                uxListRemove
 .text.init_data_bss
                0x1fff95ac       0xb0 ./SDK/platform/devices/startup.o
                0x1fff95ac                init_data_bss
 .text.SystemInit
                0x1fff965c       0x3c ./SDK/platform/devices/S32K144/startup/system_S32K144.o
                0x1fff965c                SystemInit
 .text.memcmp   0x1fff9698       0x20 C:/NXP/S32DS_ARM_v2018.R1/Cross_Tools/gcc-arm-none-eabi-4_9/arm-none-eabi/newlib/lib/armv7e-m/fpu\libc_nano.a(lib_a-memcmp.o)
                0x1fff9698                memcmp
 *(.rodata)
 *(.rodata*)
 .rodata.ucExpectedStackBytes.5686
                0x1fff96b8       0x14 ./SDK/rtos/FreeRTOS_S32K/Source/tasks.o
 *(.glue_7)
 .glue_7        0x00000000        0x0 linker stubs
 *(.glue_7t)
 .glue_7t       0x00000000        0x0 linker stubs
 *(.eh_frame)
 .eh_frame      0x1fff96cc        0x0 c:/nxp/s32ds_arm_v2018.r1/cross_tools/gcc-arm-none-eabi-4_9/bin/../lib/gcc/arm-none-eabi/4.9.3/armv7e-m/fpu/crtbegin.o
 *(.init)
 .init          0x1fff96cc        0x4 c:/nxp/s32ds_arm_v2018.r1/cross_tools/gcc-arm-none-eabi-4_9/bin/../lib/gcc/arm-none-eabi/4.9.3/armv7e-m/fpu/crti.o
                0x1fff96cc                _init
 .init          0x1fff96d0        0x8 c:/nxp/s32ds_arm_v2018.r1/cross_tools/gcc-arm-none-eabi-4_9/bin/../lib/gcc/arm-none-eabi/4.9.3/armv7e-m/fpu/crtn.o
 *(.fini)
 .fini          0x1fff96d8        0x4 c:/nxp/s32ds_arm_v2018.r1/cross_tools/gcc-arm-none-eabi-4_9/bin/../lib/gcc/arm-none-eabi/4.9.3/armv7e-m/fpu/crti.o
                0x1fff96d8                _fini
 .fini          0x1fff96dc        0x8 c:/nxp/s32ds_arm_v2018.r1/cross_tools/gcc-arm-none-eabi-4_9/bin/../lib/gcc/arm-none-eabi/4.9.3/armv7e-m/fpu/crtn.o
                0x1fff96e4                . = ALIGN (0x4)

.vfp11_veneer   0x1fff96e4        0x0
 .vfp11_veneer  0x00000000        0x0 linker stubs

.v4_bx          0x1fff96e4        0x0
 .v4_bx         0x00000000        0x0 linker stubs

.iplt           0x1fff96e4        0x0
 .iplt          0x00000000        0x0 c:/nxp/s32ds_arm_v2018.r1/cross_tools/gcc-arm-none-eabi-4_9/bin/../lib/gcc/arm-none-eabi/4.9.3/armv7e-m/fpu/crtbegin.o

.rel.dyn        0x1fff96e4        0x0
 .rel.iplt      0x00000000        0x0 c:/nxp/s32ds_arm_v2018.r1/cross_tools/gcc-arm-none-eabi-4_9/bin/../lib/gcc/arm-none-eabi/4.9.3/armv7e-m/fpu/crtbegin.o

.code_ram       0x1fff96e4        0x0
                0x1fff96e4                . = ALIGN (0x4)
                0x1fff96e4                __CODE_RAM = .
 *(.code_ram)
                0x1fff96e4                __CODE_ROM = .
                0x1fff96e4                __CODE_END = .
                0x1fff96e4                . = ALIGN (0x4)

.ARM.extab
 *(.ARM.extab* .gnu.linkonce.armextab.*)

.ARM            0x1fff96e4        0x0
                0x1fff96e4                __exidx_start = .
 *(.ARM.exidx*)
                0x1fff96e4                __exidx_end = .

.ctors          0x1fff96e4        0x0
                0x1fff96e4                __CTOR_LIST__ = .
 *crtbegin.o(.ctors)
 *crtbegin?.o(.ctors)
 *(EXCLUDE_FILE(*crtend.o *crtend?.o) .ctors)
 *(SORT(.ctors.*))
 *(.ctors)
                0x1fff96e4                __CTOR_END__ = .

.dtors          0x1fff96e4        0x0
                0x1fff96e4                __DTOR_LIST__ = .
 *crtbegin.o(.dtors)
 *crtbegin?.o(.dtors)
 *(EXCLUDE_FILE(*crtend.o *crtend?.o) .dtors)
 *(SORT(.dtors.*))
 *(.dtors)
                0x1fff96e4                __DTOR_END__ = .

.preinit_array  0x1fff96e4        0x0
                0x1fff96e4                PROVIDE (__preinit_array_start, .)
 *(.preinit_array*)
                0x1fff96e4                PROVIDE (__preinit_array_end, .)

.init_array     0x1fff96e4        0x4
                0x1fff96e4                PROVIDE (__init_array_start, .)
 *(SORT(.init_array.*))
 *(.init_array*)
 .init_array    0x1fff96e4        0x4 c:/nxp/s32ds_arm_v2018.r1/cross_tools/gcc-arm-none-eabi-4_9/bin/../lib/gcc/arm-none-eabi/4.9.3/armv7e-m/fpu/crtbegin.o
                0x1fff96e8                PROVIDE (__init_array_end, .)

.fini_array     0x1fff96e8        0x4
                0x1fff96e8                PROVIDE (__fini_array_start, .)
 *(SORT(.fini_array.*))
 *(.fini_array*)
 .fini_array    0x1fff96e8        0x4 c:/nxp/s32ds_arm_v2018.r1/cross_tools/gcc-arm-none-eabi-4_9/bin/../lib/gcc/arm-none-eabi/4.9.3/armv7e-m/fpu/crtbegin.o
                0x1fff96ec                PROVIDE (__fini_array_end, .)
                0x1fff96ec                __etext = .
                0x1fff96ec                __DATA_ROM = .
                0x1fff96ec                __DATA_END = __DATA_ROM

.customSectionBlock
 *(.customSection)

.data           0x20000000        0x4
                0x20000000                . = ALIGN (0x4)
                0x20000000                __DATA_RAM = .
                0x20000000                __data_start__ = .
 *(.data)
 *(.data*)
 *(.jcr*)
 .jcr           0x20000000        0x0 c:/nxp/s32ds_arm_v2018.r1/cross_tools/gcc-arm-none-eabi-4_9/bin/../lib/gcc/arm-none-eabi/4.9.3/armv7e-m/fpu/crtbegin.o
 .jcr           0x20000000        0x4 c:/nxp/s32ds_arm_v2018.r1/cross_tools/gcc-arm-none-eabi-4_9/bin/../lib/gcc/arm-none-eabi/4.9.3/armv7e-m/fpu/crtend.o
                0x20000004                . = ALIGN (0x4)
                0x20000004                __data_end__ = .

.igot.plt       0x20000004        0x0
 .igot.plt      0x00000000        0x0 c:/nxp/s32ds_arm_v2018.r1/cross_tools/gcc-arm-none-eabi-4_9/bin/../lib/gcc/arm-none-eabi/4.9.3/armv7e-m/fpu/crtbegin.o

.bss            0x20000004       0xb8
                0x20000004                . = ALIGN (0x4)
                0x20000004                __BSS_START = .
                0x20000004                __bss_start__ = .
 *(.bss)
 .bss           0x20000004       0x1c c:/nxp/s32ds_arm_v2018.r1/cross_tools/gcc-arm-none-eabi-4_9/bin/../lib/gcc/arm-none-eabi/4.9.3/armv7e-m/fpu/crtbegin.o
 *(.bss*)
 .bss.xNumOfOverflows
                0x20000020        0x4 ./SDK/rtos/FreeRTOS_S32K/Source/tasks.o
 .bss.pxDelayedTaskList
                0x20000024        0x4 ./SDK/rtos/FreeRTOS_S32K/Source/tasks.o
 .bss.pxOverflowDelayedTaskList
                0x20000028        0x4 ./SDK/rtos/FreeRTOS_S32K/Source/tasks.o
 .bss.uxPendedTicks
                0x2000002c        0x4 ./SDK/rtos/FreeRTOS_S32K/Source/tasks.o
 .bss.pxReadyTasksLists
                0x20000030       0x64 ./SDK/rtos/FreeRTOS_S32K/Source/tasks.o
 .bss.pxCurrentTCB
                0x20000094        0x4 ./SDK/rtos/FreeRTOS_S32K/Source/tasks.o
                0x20000094                pxCurrentTCB
 .bss.uxSchedulerSuspended
                0x20000098        0x4 ./SDK/rtos/FreeRTOS_S32K/Source/tasks.o
 .bss.xTickCount
                0x2000009c        0x4 ./SDK/rtos/FreeRTOS_S32K/Source/tasks.o
 .bss.xNextTaskUnblockTime
                0x200000a0        0x4 ./SDK/rtos/FreeRTOS_S32K/Source/tasks.o
 .bss.uxTopReadyPriority
                0x200000a4        0x4 ./SDK/rtos/FreeRTOS_S32K/Source/tasks.o
 .bss.xYieldPending
                0x200000a8        0x4 ./SDK/rtos/FreeRTOS_S32K/Source/tasks.o
 *(COMMON)
 COMMON         0x200000ac       0x10 ./Sources/can.o
                0x200000ac                RxID
                0x200000b0                RxLENGTH
                0x200000b4                RxCODE
                0x200000b8                RxTIMESTAMP
                0x200000bc                . = ALIGN (0x4)
                0x200000bc                __bss_end__ = .
                0x200000bc                __BSS_END = .

.heap           0x200000bc      0x404
                0x200000c0                . = ALIGN (0x8)
 *fill*         0x200000bc        0x4 
                0x200000c0                __end__ = .
                0x200000c0                PROVIDE (end, .)
                0x200000c0                PROVIDE (_end, .)
                0x200000c0                PROVIDE (__end, .)
                0x200000c0                __HeapBase = .
                0x200004c0                . = (. + HEAP_SIZE)
 *fill*         0x200000c0      0x400 
                0x200004c0                __HeapLimit = .
                0x200004c0                __heap_limit = .

.stack          0x200004c0      0x400
                0x200004c0                . = ALIGN (0x8)
                0x200008c0                . = (. + STACK_SIZE)
 *fill*         0x200004c0      0x400 
                0x20007000                __StackTop = (ORIGIN (m_data) + 0x7000)
                0x20006c00                __StackLimit = (__StackTop - STACK_SIZE)
                0x20007000                PROVIDE (__stack, __StackTop)

.ARM.attributes
                0x00000000       0x30
 *(.ARM.attributes)
 .ARM.attributes
                0x00000000       0x22 c:/nxp/s32ds_arm_v2018.r1/cross_tools/gcc-arm-none-eabi-4_9/bin/../lib/gcc/arm-none-eabi/4.9.3/armv7e-m/fpu/crti.o
 .ARM.attributes
                0x00000022       0x34 c:/nxp/s32ds_arm_v2018.r1/cross_tools/gcc-arm-none-eabi-4_9/bin/../lib/gcc/arm-none-eabi/4.9.3/armv7e-m/fpu/crtbegin.o
 .ARM.attributes
                0x00000056       0x39 ./Sources/rtos.o
 .ARM.attributes
                0x0000008f       0x39 ./Sources/main.o
 .ARM.attributes
                0x000000c8       0x39 ./Sources/gpio.o
 .ARM.attributes
                0x00000101       0x39 ./Sources/cluster.o
 .ARM.attributes
                0x0000013a       0x39 ./Sources/clock.o
 .ARM.attributes
                0x00000173       0x39 ./Sources/can.o
 .ARM.attributes
                0x000001ac       0x39 ./Sources/LCD_DOS.o
 .ARM.attributes
                0x000001e5       0x39 ./SDK/rtos/FreeRTOS_S32K/Source/portable/GCC/ARM_CM4F/port.o
 .ARM.attributes
                0x0000021e       0x39 ./SDK/rtos/FreeRTOS_S32K/Source/tasks.o
 .ARM.attributes
                0x00000257       0x39 ./SDK/rtos/FreeRTOS_S32K/Source/list.o
 .ARM.attributes
                0x00000290       0x39 ./SDK/platform/devices/startup.o
 .ARM.attributes
                0x000002c9       0x39 ./SDK/platform/devices/S32K144/startup/system_S32K144.o
 .ARM.attributes
                0x00000302       0x1f ./Project_Settings/Startup_Code/startup_S32K144.o
 .ARM.attributes
                0x00000321       0x34 C:/NXP/S32DS_ARM_v2018.R1/Cross_Tools/gcc-arm-none-eabi-4_9/arm-none-eabi/newlib/lib/armv7e-m/fpu\libc_nano.a(lib_a-memcmp.o)
 .ARM.attributes
                0x00000355       0x34 c:/nxp/s32ds_arm_v2018.r1/cross_tools/gcc-arm-none-eabi-4_9/bin/../lib/gcc/arm-none-eabi/4.9.3/armv7e-m/fpu/crtend.o
 .ARM.attributes
                0x00000389       0x22 c:/nxp/s32ds_arm_v2018.r1/cross_tools/gcc-arm-none-eabi-4_9/bin/../lib/gcc/arm-none-eabi/4.9.3/armv7e-m/fpu/crtn.o
                0x00000001                ASSERT ((__StackLimit >= __HeapLimit), region m_data overflowed with stack and heap)

/DISCARD/
 *(.FlashConfig)
OUTPUT(clusterRtosFinal.elf elf32-littlearm)

.debug_info     0x00000000     0x6c4b
 .debug_info    0x00000000      0x994 ./Sources/rtos.o
 .debug_info    0x00000994      0x367 ./Sources/main.o
 .debug_info    0x00000cfb      0xad2 ./Sources/gpio.o
 .debug_info    0x000017cd     0x10d3 ./Sources/cluster.o
 .debug_info    0x000028a0      0x2d9 ./Sources/clock.o
 .debug_info    0x00002b79      0x688 ./Sources/can.o
 .debug_info    0x00003201      0x2a6 ./Sources/LCD_DOS.o
 .debug_info    0x000034a7      0x542 ./SDK/rtos/FreeRTOS_S32K/Source/portable/GCC/ARM_CM4F/port.o
 .debug_info    0x000039e9     0x25a5 ./SDK/rtos/FreeRTOS_S32K/Source/tasks.o
 .debug_info    0x00005f8e      0x29a ./SDK/rtos/FreeRTOS_S32K/Source/list.o
 .debug_info    0x00006228      0x430 ./SDK/platform/devices/startup.o
 .debug_info    0x00006658      0x516 ./SDK/platform/devices/S32K144/startup/system_S32K144.o
 .debug_info    0x00006b6e       0xdd ./Project_Settings/Startup_Code/startup_S32K144.o

.debug_abbrev   0x00000000     0x13f7
 .debug_abbrev  0x00000000      0x26e ./Sources/rtos.o
 .debug_abbrev  0x0000026e       0xe9 ./Sources/main.o
 .debug_abbrev  0x00000357      0x21a ./Sources/gpio.o
 .debug_abbrev  0x00000571      0x1b6 ./Sources/cluster.o
 .debug_abbrev  0x00000727       0xcf ./Sources/clock.o
 .debug_abbrev  0x000007f6      0x1e2 ./Sources/can.o
 .debug_abbrev  0x000009d8      0x11b ./Sources/LCD_DOS.o
 .debug_abbrev  0x00000af3      0x210 ./SDK/rtos/FreeRTOS_S32K/Source/portable/GCC/ARM_CM4F/port.o
 .debug_abbrev  0x00000d03      0x3a5 ./SDK/rtos/FreeRTOS_S32K/Source/tasks.o
 .debug_abbrev  0x000010a8       0xdd ./SDK/rtos/FreeRTOS_S32K/Source/list.o
 .debug_abbrev  0x00001185      0x12a ./SDK/platform/devices/startup.o
 .debug_abbrev  0x000012af      0x134 ./SDK/platform/devices/S32K144/startup/system_S32K144.o
 .debug_abbrev  0x000013e3       0x14 ./Project_Settings/Startup_Code/startup_S32K144.o

.debug_loc      0x00000000     0x2d22
 .debug_loc     0x00000000       0x84 ./Sources/rtos.o
 .debug_loc     0x00000084      0xc15 ./Sources/gpio.o
 .debug_loc     0x00000c99      0x458 ./Sources/cluster.o
 .debug_loc     0x000010f1      0x290 ./Sources/can.o
 .debug_loc     0x00001381       0x82 ./Sources/LCD_DOS.o
 .debug_loc     0x00001403       0xa7 ./SDK/rtos/FreeRTOS_S32K/Source/portable/GCC/ARM_CM4F/port.o
 .debug_loc     0x000014aa     0x1650 ./SDK/rtos/FreeRTOS_S32K/Source/tasks.o
 .debug_loc     0x00002afa       0x65 ./SDK/rtos/FreeRTOS_S32K/Source/list.o
 .debug_loc     0x00002b5f       0xae ./SDK/platform/devices/startup.o
 .debug_loc     0x00002c0d      0x115 ./SDK/platform/devices/S32K144/startup/system_S32K144.o

.debug_aranges  0x00000000      0x4c0
 .debug_aranges
                0x00000000       0x70 ./Sources/rtos.o
 .debug_aranges
                0x00000070       0x20 ./Sources/main.o
 .debug_aranges
                0x00000090       0x88 ./Sources/gpio.o
 .debug_aranges
                0x00000118       0x48 ./Sources/cluster.o
 .debug_aranges
                0x00000160       0x38 ./Sources/clock.o
 .debug_aranges
                0x00000198       0x40 ./Sources/can.o
 .debug_aranges
                0x000001d8       0x40 ./Sources/LCD_DOS.o
 .debug_aranges
                0x00000218       0x80 ./SDK/rtos/FreeRTOS_S32K/Source/portable/GCC/ARM_CM4F/port.o
 .debug_aranges
                0x00000298      0x178 ./SDK/rtos/FreeRTOS_S32K/Source/tasks.o
 .debug_aranges
                0x00000410       0x40 ./SDK/rtos/FreeRTOS_S32K/Source/list.o
 .debug_aranges
                0x00000450       0x20 ./SDK/platform/devices/startup.o
 .debug_aranges
                0x00000470       0x30 ./SDK/platform/devices/S32K144/startup/system_S32K144.o
 .debug_aranges
                0x000004a0       0x20 ./Project_Settings/Startup_Code/startup_S32K144.o

.debug_ranges   0x00000000      0x488
 .debug_ranges  0x00000000       0x60 ./Sources/rtos.o
 .debug_ranges  0x00000060       0x10 ./Sources/main.o
 .debug_ranges  0x00000070       0x78 ./Sources/gpio.o
 .debug_ranges  0x000000e8       0x38 ./Sources/cluster.o
 .debug_ranges  0x00000120       0x28 ./Sources/clock.o
 .debug_ranges  0x00000148       0x30 ./Sources/can.o
 .debug_ranges  0x00000178       0x30 ./Sources/LCD_DOS.o
 .debug_ranges  0x000001a8       0x70 ./SDK/rtos/FreeRTOS_S32K/Source/portable/GCC/ARM_CM4F/port.o
 .debug_ranges  0x00000218      0x210 ./SDK/rtos/FreeRTOS_S32K/Source/tasks.o
 .debug_ranges  0x00000428       0x30 ./SDK/rtos/FreeRTOS_S32K/Source/list.o
 .debug_ranges  0x00000458       0x10 ./SDK/platform/devices/startup.o
 .debug_ranges  0x00000468       0x20 ./SDK/platform/devices/S32K144/startup/system_S32K144.o

.debug_macro    0x00000000    0x27601
 .debug_macro   0x00000000      0xb87 ./Sources/rtos.o
 .debug_macro   0x00000b87      0x166 ./Sources/rtos.o
 .debug_macro   0x00000ced       0x22 ./Sources/rtos.o
 .debug_macro   0x00000d0f       0x44 ./Sources/rtos.o
 .debug_macro   0x00000d53       0xe3 ./Sources/rtos.o
 .debug_macro   0x00000e36       0x22 ./Sources/rtos.o
 .debug_macro   0x00000e58      0x1df ./Sources/rtos.o
 .debug_macro   0x00001037      0x160 ./Sources/rtos.o
 .debug_macro   0x00001197      0x15d ./Sources/rtos.o
 .debug_macro   0x000012f4       0xe4 ./Sources/rtos.o
 .debug_macro   0x000013d8       0x10 ./Sources/rtos.o
 .debug_macro   0x000013e8       0x1f ./Sources/rtos.o
 .debug_macro   0x00001407      0x337 ./Sources/rtos.o
 .debug_macro   0x0000173e       0xc0 ./Sources/rtos.o
 .debug_macro   0x000017fe       0x8c ./Sources/rtos.o
 .debug_macro   0x0000188a       0xb0 ./Sources/rtos.o
 .debug_macro   0x0000193a       0x91 ./Sources/rtos.o
 .debug_macro   0x000019cb       0x10 ./Sources/rtos.o
 .debug_macro   0x000019db       0x73 ./Sources/rtos.o
 .debug_macro   0x00001a4e     0xecc2 ./Sources/rtos.o
 .debug_macro   0x00010710      0xa20 ./Sources/rtos.o
 .debug_macro   0x00011130       0x22 ./Sources/rtos.o
 .debug_macro   0x00011152       0x71 ./Sources/rtos.o
 .debug_macro   0x000111c3       0x28 ./Sources/rtos.o
 .debug_macro   0x000111eb       0x16 ./Sources/rtos.o
 .debug_macro   0x00011201      0x1d8 ./Sources/rtos.o
 .debug_macro   0x000113d9       0x10 ./Sources/rtos.o
 .debug_macro   0x000113e9       0x46 ./Sources/rtos.o
 .debug_macro   0x0001142f      0xb21 ./Sources/main.o
 .debug_macro   0x00011f50       0x19 ./Sources/main.o
 .debug_macro   0x00011f69     0xecad ./Sources/main.o
 .debug_macro   0x00020c16      0x9ce ./Sources/gpio.o
 .debug_macro   0x000215e4      0xa0a ./Sources/cluster.o
 .debug_macro   0x00021fee      0x9cb ./Sources/clock.o
 .debug_macro   0x000229b9      0x9d9 ./Sources/can.o
 .debug_macro   0x00023392      0xa0e ./Sources/LCD_DOS.o
 .debug_macro   0x00023da0      0xae6 ./SDK/rtos/FreeRTOS_S32K/Source/portable/GCC/ARM_CM4F/port.o
 .debug_macro   0x00024886      0xbba ./SDK/rtos/FreeRTOS_S32K/Source/tasks.o
 .debug_macro   0x00025440       0x16 ./SDK/rtos/FreeRTOS_S32K/Source/tasks.o
 .debug_macro   0x00025456       0x35 ./SDK/rtos/FreeRTOS_S32K/Source/tasks.o
 .debug_macro   0x0002548b       0x17 ./SDK/rtos/FreeRTOS_S32K/Source/tasks.o
 .debug_macro   0x000254a2       0x1c ./SDK/rtos/FreeRTOS_S32K/Source/tasks.o
 .debug_macro   0x000254be       0x10 ./SDK/rtos/FreeRTOS_S32K/Source/tasks.o
 .debug_macro   0x000254ce       0x10 ./SDK/rtos/FreeRTOS_S32K/Source/tasks.o
 .debug_macro   0x000254de       0x22 ./SDK/rtos/FreeRTOS_S32K/Source/tasks.o
 .debug_macro   0x00025500       0xbe ./SDK/rtos/FreeRTOS_S32K/Source/tasks.o
 .debug_macro   0x000255be       0x16 ./SDK/rtos/FreeRTOS_S32K/Source/tasks.o
 .debug_macro   0x000255d4      0x166 ./SDK/rtos/FreeRTOS_S32K/Source/tasks.o
 .debug_macro   0x0002573a      0xabc ./SDK/rtos/FreeRTOS_S32K/Source/list.o
 .debug_macro   0x000261f6      0xa06 ./SDK/platform/devices/startup.o
 .debug_macro   0x00026bfc      0xa05 ./SDK/platform/devices/S32K144/startup/system_S32K144.o

.debug_line     0x00000000     0x42bc
 .debug_line    0x00000000      0x853 ./Sources/rtos.o
 .debug_line    0x00000853      0x73a ./Sources/main.o
 .debug_line    0x00000f8d      0x4be ./Sources/gpio.o
 .debug_line    0x0000144b      0x45f ./Sources/cluster.o
 .debug_line    0x000018aa      0x318 ./Sources/clock.o
 .debug_line    0x00001bc2      0x312 ./Sources/can.o
 .debug_line    0x00001ed4      0x382 ./Sources/LCD_DOS.o
 .debug_line    0x00002256      0x54f ./SDK/rtos/FreeRTOS_S32K/Source/portable/GCC/ARM_CM4F/port.o
 .debug_line    0x000027a5      0xe0c ./SDK/rtos/FreeRTOS_S32K/Source/tasks.o
 .debug_line    0x000035b1      0x4cb ./SDK/rtos/FreeRTOS_S32K/Source/list.o
 .debug_line    0x00003a7c      0x37d ./SDK/platform/devices/startup.o
 .debug_line    0x00003df9      0x403 ./SDK/platform/devices/S32K144/startup/system_S32K144.o
 .debug_line    0x000041fc       0xc0 ./Project_Settings/Startup_Code/startup_S32K144.o

.debug_str      0x00000000    0x72b7e
 .debug_str     0x00000000    0x6d160 ./Sources/rtos.o
                              0x6d60e (size before relaxing)
 .debug_str     0x0006d160       0x4e ./Sources/main.o
                              0x6b2b3 (size before relaxing)
 .debug_str     0x0006d1ae      0x7fe ./Sources/gpio.o
                              0x6343d (size before relaxing)
 .debug_str     0x0006d9ac      0x1d8 ./Sources/cluster.o
                              0x62faa (size before relaxing)
 .debug_str     0x0006db84       0xb2 ./Sources/clock.o
                              0x62784 (size before relaxing)
 .debug_str     0x0006dc36      0x1cc ./Sources/can.o
                              0x62944 (size before relaxing)
 .debug_str     0x0006de02       0x36 ./Sources/LCD_DOS.o
                              0x62d5c (size before relaxing)
 .debug_str     0x0006de38      0x850 ./SDK/rtos/FreeRTOS_S32K/Source/portable/GCC/ARM_CM4F/port.o
                               0x718b (size before relaxing)
 .debug_str     0x0006e688     0x4192 ./SDK/rtos/FreeRTOS_S32K/Source/tasks.o
                               0xb4f6 (size before relaxing)
 .debug_str     0x0007281a       0xa2 ./SDK/rtos/FreeRTOS_S32K/Source/list.o
                               0x86af (size before relaxing)
 .debug_str     0x000728bc      0x1d1 ./SDK/platform/devices/startup.o
                              0x67cb7 (size before relaxing)
 .debug_str     0x00072a8d       0xf1 ./SDK/platform/devices/S32K144/startup/system_S32K144.o
                              0x67d91 (size before relaxing)

.comment        0x00000000       0x70
 .comment       0x00000000       0x70 ./Sources/rtos.o
                                 0x71 (size before relaxing)
 .comment       0x00000000       0x71 ./Sources/main.o
 .comment       0x00000000       0x71 ./Sources/gpio.o
 .comment       0x00000000       0x71 ./Sources/cluster.o
 .comment       0x00000000       0x71 ./Sources/clock.o
 .comment       0x00000000       0x71 ./Sources/can.o
 .comment       0x00000000       0x71 ./Sources/LCD_DOS.o
 .comment       0x00000000       0x71 ./SDK/rtos/FreeRTOS_S32K/Source/portable/GCC/ARM_CM4F/port.o
 .comment       0x00000000       0x71 ./SDK/rtos/FreeRTOS_S32K/Source/tasks.o
 .comment       0x00000000       0x71 ./SDK/rtos/FreeRTOS_S32K/Source/list.o
 .comment       0x00000000       0x71 ./SDK/platform/devices/startup.o
 .comment       0x00000000       0x71 ./SDK/platform/devices/S32K144/startup/system_S32K144.o

.debug_frame    0x00000000      0xb14
 .debug_frame   0x00000000      0x114 ./Sources/rtos.o
 .debug_frame   0x00000114       0x28 ./Sources/main.o
 .debug_frame   0x0000013c      0x15c ./Sources/gpio.o
 .debug_frame   0x00000298       0xbc ./Sources/cluster.o
 .debug_frame   0x00000354       0x50 ./Sources/clock.o
 .debug_frame   0x000003a4       0x7c ./Sources/can.o
 .debug_frame   0x00000420       0x80 ./Sources/LCD_DOS.o
 .debug_frame   0x000004a0       0xf0 ./SDK/rtos/FreeRTOS_S32K/Source/portable/GCC/ARM_CM4F/port.o
 .debug_frame   0x00000590      0x484 ./SDK/rtos/FreeRTOS_S32K/Source/tasks.o
 .debug_frame   0x00000a14       0x6c ./SDK/rtos/FreeRTOS_S32K/Source/list.o
 .debug_frame   0x00000a80       0x2c ./SDK/platform/devices/startup.o
 .debug_frame   0x00000aac       0x40 ./SDK/platform/devices/S32K144/startup/system_S32K144.o
 .debug_frame   0x00000aec       0x28 C:/NXP/S32DS_ARM_v2018.R1/Cross_Tools/gcc-arm-none-eabi-4_9/arm-none-eabi/newlib/lib/armv7e-m/fpu\libc_nano.a(lib_a-memcmp.o)
