Archive member included because of file (symbol)

C:/NXP/S32DS_ARM_v2018.R1/Cross_Tools/gcc-arm-none-eabi-4_9/arm-none-eabi/newlib/lib/armv7e-m/fpu\libc_nano.a(lib_a-exit.o)
                              C:/NXP/S32DS_ARM_v2018.R1/Cross_Tools/gcc-arm-none-eabi-4_9/arm-none-eabi/newlib/lib/armv7e-m/fpu/crt0.o (exit)
C:/NXP/S32DS_ARM_v2018.R1/Cross_Tools/gcc-arm-none-eabi-4_9/arm-none-eabi/newlib/lib/armv7e-m/fpu\libc_nano.a(lib_a-impure.o)
                              C:/NXP/S32DS_ARM_v2018.R1/Cross_Tools/gcc-arm-none-eabi-4_9/arm-none-eabi/newlib/lib/armv7e-m/fpu\libc_nano.a(lib_a-exit.o) (_global_impure_ptr)
C:/NXP/S32DS_ARM_v2018.R1/Cross_Tools/gcc-arm-none-eabi-4_9/arm-none-eabi/newlib/lib/armv7e-m/fpu\libc_nano.a(lib_a-init.o)
                              C:/NXP/S32DS_ARM_v2018.R1/Cross_Tools/gcc-arm-none-eabi-4_9/arm-none-eabi/newlib/lib/armv7e-m/fpu/crt0.o (__libc_init_array)
C:/NXP/S32DS_ARM_v2018.R1/Cross_Tools/gcc-arm-none-eabi-4_9/arm-none-eabi/newlib/lib/armv7e-m/fpu\libc_nano.a(lib_a-memcmp.o)
                              ./SDK/rtos/FreeRTOS_S32K/Source/tasks.o (memcmp)
C:/NXP/S32DS_ARM_v2018.R1/Cross_Tools/gcc-arm-none-eabi-4_9/arm-none-eabi/newlib/lib/armv7e-m/fpu\libc_nano.a(lib_a-memcpy.o)
                              ./SDK/rtos/FreeRTOS_S32K/Source/queue.o (memcpy)
C:/NXP/S32DS_ARM_v2018.R1/Cross_Tools/gcc-arm-none-eabi-4_9/arm-none-eabi/newlib/lib/armv7e-m/fpu\libc_nano.a(lib_a-memset.o)
                              C:/NXP/S32DS_ARM_v2018.R1/Cross_Tools/gcc-arm-none-eabi-4_9/arm-none-eabi/newlib/lib/armv7e-m/fpu/crt0.o (memset)
C:/NXP/S32DS_ARM_v2018.R1/Cross_Tools/gcc-arm-none-eabi-4_9/arm-none-eabi/newlib/lib/armv7e-m/fpu\librdimon_nano.a(rdimon-_exit.o)
                              C:/NXP/S32DS_ARM_v2018.R1/Cross_Tools/gcc-arm-none-eabi-4_9/arm-none-eabi/newlib/lib/armv7e-m/fpu\libc_nano.a(lib_a-exit.o) (_exit)
C:/NXP/S32DS_ARM_v2018.R1/Cross_Tools/gcc-arm-none-eabi-4_9/arm-none-eabi/newlib/lib/armv7e-m/fpu\librdimon_nano.a(rdimon-_kill.o)
                              C:/NXP/S32DS_ARM_v2018.R1/Cross_Tools/gcc-arm-none-eabi-4_9/arm-none-eabi/newlib/lib/armv7e-m/fpu\librdimon_nano.a(rdimon-_exit.o) (_kill)

Allocating common symbols
Common symbol       size              file

RxDATA              0x8               ./Sources/FlexCAN.o
RxID                0x4               ./Sources/can.o
g_xtal0ClkFreq      0x4               ./SDK/platform/drivers/src/clock/S32K1xx/clock_S32K1xx.o
xQueueRegistry      0x40              ./SDK/rtos/FreeRTOS_S32K/Source/queue.o
RxLENGTH            0x4               ./Sources/can.o
g_RtcClkInFreq      0x4               ./SDK/platform/drivers/src/clock/S32K1xx/clock_S32K1xx.o
RxCODE              0x4               ./Sources/can.o
g_TClkFreq          0xc               ./SDK/platform/drivers/src/clock/S32K1xx/clock_S32K1xx.o
RxTIMESTAMP         0x4               ./Sources/can.o

Discarded input sections

 .text          0x00000000        0x0 c:/nxp/s32ds_arm_v2018.r1/cross_tools/gcc-arm-none-eabi-4_9/bin/../lib/gcc/arm-none-eabi/4.9.3/armv7e-m/fpu/crti.o
 .data          0x00000000        0x0 c:/nxp/s32ds_arm_v2018.r1/cross_tools/gcc-arm-none-eabi-4_9/bin/../lib/gcc/arm-none-eabi/4.9.3/armv7e-m/fpu/crti.o
 .bss           0x00000000        0x0 c:/nxp/s32ds_arm_v2018.r1/cross_tools/gcc-arm-none-eabi-4_9/bin/../lib/gcc/arm-none-eabi/4.9.3/armv7e-m/fpu/crti.o
 .data          0x00000000        0x4 c:/nxp/s32ds_arm_v2018.r1/cross_tools/gcc-arm-none-eabi-4_9/bin/../lib/gcc/arm-none-eabi/4.9.3/armv7e-m/fpu/crtbegin.o
 .text          0x00000000       0x74 C:/NXP/S32DS_ARM_v2018.R1/Cross_Tools/gcc-arm-none-eabi-4_9/arm-none-eabi/newlib/lib/armv7e-m/fpu/crt0.o
 .data          0x00000000        0x0 C:/NXP/S32DS_ARM_v2018.R1/Cross_Tools/gcc-arm-none-eabi-4_9/arm-none-eabi/newlib/lib/armv7e-m/fpu/crt0.o
 .bss           0x00000000        0x0 C:/NXP/S32DS_ARM_v2018.R1/Cross_Tools/gcc-arm-none-eabi-4_9/arm-none-eabi/newlib/lib/armv7e-m/fpu/crt0.o
 .ARM.extab     0x00000000        0x0 C:/NXP/S32DS_ARM_v2018.R1/Cross_Tools/gcc-arm-none-eabi-4_9/arm-none-eabi/newlib/lib/armv7e-m/fpu/crt0.o
 .ARM.exidx     0x00000000        0x8 C:/NXP/S32DS_ARM_v2018.R1/Cross_Tools/gcc-arm-none-eabi-4_9/arm-none-eabi/newlib/lib/armv7e-m/fpu/crt0.o
 .ARM.attributes
                0x00000000       0x20 C:/NXP/S32DS_ARM_v2018.R1/Cross_Tools/gcc-arm-none-eabi-4_9/arm-none-eabi/newlib/lib/armv7e-m/fpu/crt0.o
 .group         0x00000000        0x8 ./Sources/rtos.o
 .group         0x00000000        0x8 ./Sources/rtos.o
 .group         0x00000000        0x8 ./Sources/rtos.o
 .group         0x00000000        0x8 ./Sources/rtos.o
 .group         0x00000000        0x8 ./Sources/rtos.o
 .group         0x00000000        0x8 ./Sources/rtos.o
 .group         0x00000000        0x8 ./Sources/rtos.o
 .group         0x00000000        0x8 ./Sources/rtos.o
 .group         0x00000000        0x8 ./Sources/rtos.o
 .group         0x00000000        0x8 ./Sources/rtos.o
[...]
Memory Configuration

Name             Origin             Length             Attributes
m_interrupts     0x1fff8000         0x00000400         xr
m_text           0x1fff8400         0x00007c00         xr
m_data           0x20000000         0x00007000         rw
*default*        0x00000000         0xffffffff

Linker script and memory map

LOAD c:/nxp/s32ds_arm_v2018.r1/cross_tools/gcc-arm-none-eabi-4_9/bin/../lib/gcc/arm-none-eabi/4.9.3/armv7e-m/fpu/crti.o
LOAD c:/nxp/s32ds_arm_v2018.r1/cross_tools/gcc-arm-none-eabi-4_9/bin/../lib/gcc/arm-none-eabi/4.9.3/armv7e-m/fpu/crtbegin.o
LOAD C:/NXP/S32DS_ARM_v2018.R1/Cross_Tools/gcc-arm-none-eabi-4_9/arm-none-eabi/newlib/lib/armv7e-m/fpu/crt0.o
LOAD ./Sources/rtos.o
LOAD ./Sources/main.o
LOAD ./Sources/gpio.o
LOAD ./Sources/eeeprom.o
LOAD ./Sources/cluster.o
LOAD ./Sources/clock.o
LOAD ./Sources/can.o
LOAD ./Sources/LPSPI.o
LOAD ./Sources/LCD_DOS.o
LOAD ./Sources/FlexCAN.o
LOAD ./SDK/rtos/FreeRTOS_S32K/Source/portable/MemMang/heap_2.o
LOAD ./SDK/rtos/FreeRTOS_S32K/Source/portable/GCC/ARM_CM4F/port.o
LOAD ./SDK/rtos/FreeRTOS_S32K/Source/timers.o
LOAD ./SDK/rtos/FreeRTOS_S32K/Source/tasks.o
LOAD ./SDK/rtos/FreeRTOS_S32K/Source/queue.o
LOAD ./SDK/rtos/FreeRTOS_S32K/Source/list.o
LOAD ./SDK/rtos/FreeRTOS_S32K/Source/event_groups.o
LOAD ./SDK/rtos/FreeRTOS_S32K/Source/croutine.o
LOAD ./SDK/platform/drivers/src/pins/pins_port_hw_access.o
LOAD ./SDK/platform/drivers/src/pins/pins_driver.o
LOAD ./SDK/platform/drivers/src/interrupt/interrupt_manager.o
LOAD ./SDK/platform/drivers/src/clock/clock_manager.o
LOAD ./SDK/platform/drivers/src/clock/S32K1xx/clock_S32K1xx.o
LOAD ./SDK/platform/devices/startup.o
LOAD ./SDK/platform/devices/S32K144/startup/system_S32K144.o
LOAD ./Project_Settings/Startup_Code/startup_S32K144.o
LOAD ./Generated_Code/pin_mux.o
LOAD ./Generated_Code/clockMan1.o
LOAD ./Generated_Code/Cpu.o
LOAD C:/NXP/S32DS_ARM_v2018.R1/Cross_Tools/gcc-arm-none-eabi-4_9/arm-none-eabi/newlib/lib/armv7e-m/fpu\libc_nano.a
LOAD c:/nxp/s32ds_arm_v2018.r1/cross_tools/gcc-arm-none-eabi-4_9/bin/../lib/gcc/arm-none-eabi/4.9.3/armv7e-m/fpu\libgcc.a
LOAD C:/NXP/S32DS_ARM_v2018.R1/Cross_Tools/gcc-arm-none-eabi-4_9/arm-none-eabi/newlib/lib/armv7e-m/fpu\libm.a
LOAD C:/NXP/S32DS_ARM_v2018.R1/Cross_Tools/gcc-arm-none-eabi-4_9/arm-none-eabi/newlib/lib/armv7e-m/fpu\librdimon_nano.a
START GROUP
LOAD c:/nxp/s32ds_arm_v2018.r1/cross_tools/gcc-arm-none-eabi-4_9/bin/../lib/gcc/arm-none-eabi/4.9.3/armv7e-m/fpu\libgcc.a
LOAD C:/NXP/S32DS_ARM_v2018.R1/Cross_Tools/gcc-arm-none-eabi-4_9/arm-none-eabi/newlib/lib/armv7e-m/fpu\libc_nano.a
END GROUP
START GROUP
LOAD c:/nxp/s32ds_arm_v2018.r1/cross_tools/gcc-arm-none-eabi-4_9/bin/../lib/gcc/arm-none-eabi/4.9.3/armv7e-m/fpu\libgcc.a
LOAD C:/NXP/S32DS_ARM_v2018.R1/Cross_Tools/gcc-arm-none-eabi-4_9/arm-none-eabi/newlib/lib/armv7e-m/fpu\libc_nano.a
LOAD C:/NXP/S32DS_ARM_v2018.R1/Cross_Tools/gcc-arm-none-eabi-4_9/arm-none-eabi/newlib/lib/armv7e-m/fpu\libnosys.a
END GROUP
START GROUP
LOAD c:/nxp/s32ds_arm_v2018.r1/cross_tools/gcc-arm-none-eabi-4_9/bin/../lib/gcc/arm-none-eabi/4.9.3/armv7e-m/fpu\libgcc.a
LOAD C:/NXP/S32DS_ARM_v2018.R1/Cross_Tools/gcc-arm-none-eabi-4_9/arm-none-eabi/newlib/lib/armv7e-m/fpu\libc_nano.a
LOAD C:/NXP/S32DS_ARM_v2018.R1/Cross_Tools/gcc-arm-none-eabi-4_9/arm-none-eabi/newlib/lib/armv7e-m/fpu\libnosys.a
END GROUP
LOAD c:/nxp/s32ds_arm_v2018.r1/cross_tools/gcc-arm-none-eabi-4_9/bin/../lib/gcc/arm-none-eabi/4.9.3/armv7e-m/fpu/crtend.o
LOAD c:/nxp/s32ds_arm_v2018.r1/cross_tools/gcc-arm-none-eabi-4_9/bin/../lib/gcc/arm-none-eabi/4.9.3/armv7e-m/fpu/crtn.o
                0x00000400                HEAP_SIZE = DEFINED (__heap_size__)?__heap_size__:0x400
                0x00000400                STACK_SIZE = DEFINED (__stack_size__)?__stack_size__:0x400

.interrupts     0x1fff8000      0x400
                0x1fff8000                __VECTOR_TABLE = .
                0x1fff8000                . = ALIGN (0x4)
 *(.isr_vector)
 .isr_vector    0x1fff8000      0x400 ./Project_Settings/Startup_Code/startup_S32K144.o
                0x1fff8000                __isr_vector
                0x1fff8400                . = ALIGN (0x4)
                0x1fff8000                __VECTOR_RAM = __VECTOR_TABLE
                0x00000000                __RAM_VECTOR_TABLE_SIZE = 0x0

.text           0x1fff8400     0x2d00
                0x1fff8400                . = ALIGN (0x4)
 *(.text)
 .text          0x1fff8400       0x5c c:/nxp/s32ds_arm_v2018.r1/cross_tools/gcc-arm-none-eabi-4_9/bin/../lib/gcc/arm-none-eabi/4.9.3/armv7e-m/fpu/crtbegin.o
 .text          0x1fff845c       0x44 ./Project_Settings/Startup_Code/startup_S32K144.o
                0x1fff845c                Reset_Handler
                0x1fff849c                DebugMon_Handler
                0x1fff849c                Reserved88_IRQHandler
                0x1fff849c                CAN0_ORed_IRQHandler
                0x1fff849c                HardFault_Handler
                0x1fff849c                Reserved86_IRQHandler
                0x1fff849c                Reserved103_IRQHandler
                0x1fff849c                FTM2_Ovf_Reload_IRQHandler
                0x1fff849c                Reserved50_IRQHandler
                0x1fff849c                FTFC_Fault_IRQHandler
                0x1fff849c                FTM0_Ch6_Ch7_IRQHandler
                0x1fff849c                Reserved114_IRQHandler
                0x1fff849c                NMI_Handler
                0x1fff849c                Reserved89_IRQHandler
                0x1fff849c                ERM_double_fault_IRQHandler
                0x1fff849c                DMA2_IRQHandler
                0x1fff849c                Reserved59_IRQHandler
                0x1fff849c                LPIT0_Ch0_IRQHandler
                0x1fff849c                Reserved99_IRQHandler
                0x1fff849c                FTM3_Ch6_Ch7_IRQHandler
                0x1fff849c                CAN2_ORed_0_15_MB_IRQHandler
                0x1fff849c                LPIT0_Ch3_IRQHandler
                0x1fff849c                Reserved92_IRQHandler
                0x1fff849c                FTM0_Ch4_Ch5_IRQHandler
                0x1fff849c                CAN1_Error_IRQHandler
                0x1fff849c                FTM3_Ch0_Ch1_IRQHandler
                0x1fff849c                SWI_IRQHandler
                0x1fff849c                ADC0_IRQHandler
                0x1fff849c                FTM2_Ch4_Ch5_IRQHandler
                0x1fff849c                UsageFault_Handler
                0x1fff849c                FTM0_Ovf_Reload_IRQHandler
                0x1fff849c                DefaultISR
                0x1fff849c                DMA9_IRQHandler
                0x1fff849c                Reserved58_IRQHandler
                0x1fff849c                CAN1_ORed_0_15_MB_IRQHandler
                0x1fff849c                FTM1_Ch2_Ch3_IRQHandler
                0x1fff849c                DMA14_IRQHandler
                0x1fff849c                Reserved82_IRQHandler
                0x1fff849c                CAN0_ORed_16_31_MB_IRQHandler
                0x1fff849c                LPI2C0_Slave_IRQHandler
                0x1fff849c                Reserved71_IRQHandler
                0x1fff849c                PORTD_IRQHandler
                0x1fff849c                Reserved69_IRQHandler
                0x1fff849c                PORTB_IRQHandler
                0x1fff849c                Reserved70_IRQHandler
                0x1fff849c                ADC1_IRQHandler
                0x1fff849c                FTM2_Ch2_Ch3_IRQHandler
                0x1fff849c                Reserved53_IRQHandler
                0x1fff849c                DMA5_IRQHandler
                0x1fff849c                RTC_IRQHandler
                0x1fff849c                PDB0_IRQHandler
                0x1fff849c                Reserved54_IRQHandler
                0x1fff849c                FTM2_Ch6_Ch7_IRQHandler
                0x1fff849c                FTM3_Ch2_Ch3_IRQHandler
                0x1fff849c                FTM2_Ch0_Ch1_IRQHandler
                0x1fff849c                LPSPI1_IRQHandler
                0x1fff849c                LPUART1_RxTx_IRQHandler
                0x1fff849c                RTC_Seconds_IRQHandler
                0x1fff849c                CAN2_ORed_IRQHandler
                0x1fff849c                Reserved72_IRQHandler
                0x1fff849c                Reserved110_IRQHandler
                0x1fff849c                DMA11_IRQHandler
                0x1fff849c                Reserved107_IRQHandler
                0x1fff849c                Read_Collision_IRQHandler
                0x1fff849c                CAN2_Error_IRQHandler
                0x1fff849c                FTFC_IRQHandler
                0x1fff849c                DMA7_IRQHandler
                0x1fff849c                FTM1_Ch6_Ch7_IRQHandler
                0x1fff849c                Reserved105_IRQHandler
                0x1fff849c                LPIT0_Ch1_IRQHandler
                0x1fff849c                FTM1_Ch4_Ch5_IRQHandler
                0x1fff849c                FTM3_Ovf_Reload_IRQHandler
                0x1fff849c                LPUART2_RxTx_IRQHandler
                0x1fff849c                LPSPI0_IRQHandler
                0x1fff849c                WDOG_EWM_IRQHandler
                0x1fff849c                MemManage_Handler
                0x1fff849c                Reserved90_IRQHandler
                0x1fff849c                Reserved83_IRQHandler
                0x1fff849c                FTM0_Fault_IRQHandler
                0x1fff849c                Reserved48_IRQHandler
                0x1fff849c                ERM_single_fault_IRQHandler
                0x1fff849c                FTM2_Fault_IRQHandler
                0x1fff849c                FTM0_Ch2_Ch3_IRQHandler
                0x1fff849c                DMA13_IRQHandler
                0x1fff849c                FTM0_Ch0_Ch1_IRQHandler
                0x1fff849c                FTM3_Fault_IRQHandler
                0x1fff849c                RCM_IRQHandler
                0x1fff849c                DMA3_IRQHandler
                0x1fff849c                Reserved100_IRQHandler
                0x1fff849c                DMA0_IRQHandler
                0x1fff849c                Reserved91_IRQHandler
                0x1fff849c                CAN1_ORed_IRQHandler
                0x1fff849c                DMA15_IRQHandler
                0x1fff849c                SCG_IRQHandler
                0x1fff849c                PDB1_IRQHandler
                0x1fff849c                Reserved81_IRQHandler
                0x1fff849c                Reserved46_IRQHandler
                0x1fff849c                Reserved45_IRQHandler
                0x1fff849c                CAN0_Error_IRQHandler
                0x1fff849c                Reserved112_IRQHandler
                0x1fff849c                LPI2C0_Master_IRQHandler
                0x1fff849c                DMA4_IRQHandler
                0x1fff849c                FTM1_Fault_IRQHandler
                0x1fff849c                Reserved106_IRQHandler
                0x1fff849c                DMA_Error_IRQHandler
                0x1fff849c                LVD_LVW_IRQHandler
                0x1fff849c                LPIT0_Ch2_IRQHandler
                0x1fff849c                PORTA_IRQHandler
                0x1fff849c                MCM_IRQHandler
                0x1fff849c                LPSPI2_IRQHandler
                0x1fff849c                DMA12_IRQHandler
                0x1fff849c                FTM3_Ch4_Ch5_IRQHandler
                0x1fff849c                CAN0_ORed_0_15_MB_IRQHandler
                0x1fff849c                PORTE_IRQHandler
                0x1fff849c                LPUART0_RxTx_IRQHandler
                0x1fff849c                LPTMR0_IRQHandler
                0x1fff849c                BusFault_Handler
                0x1fff849c                Reserved87_IRQHandler
                0x1fff849c                FTM1_Ovf_Reload_IRQHandler
                0x1fff849c                DMA8_IRQHandler
                0x1fff849c                Reserved93_IRQHandler
                0x1fff849c                DMA10_IRQHandler
                0x1fff849c                CAN0_Wake_Up_IRQHandler
                0x1fff849c                CMP0_IRQHandler
                0x1fff849c                Reserved52_IRQHandler
                0x1fff849c                PORTC_IRQHandler
                0x1fff849c                DMA6_IRQHandler
                0x1fff849c                FTM1_Ch0_Ch1_IRQHandler
                0x1fff849c                FLEXIO_IRQHandler
                0x1fff849c                DMA1_IRQHandler
                0x1fff849c                Reserved113_IRQHandler
 *(.text*)
 .text.odTask   0x1fff84a0       0x40 ./Sources/rtos.o
 .text.tnkTask  0x1fff84e0       0x2c ./Sources/rtos.o
 .text.speedTask
                0x1fff850c       0x28 ./Sources/rtos.o
 .text.canTask  0x1fff8534       0x38 ./Sources/rtos.o
 .text.rtos_start
                0x1fff856c       0x98 ./Sources/rtos.o
                0x1fff856c                rtos_start
 .text.vApplicationMallocFailedHook
                0x1fff8604       0x14 ./Sources/rtos.o
                0x1fff8604                vApplicationMallocFailedHook
 .text.vApplicationStackOverflowHook
                0x1fff8618       0x14 ./Sources/rtos.o
                0x1fff8618                vApplicationStackOverflowHook
 .text.vApplicationIdleHook
                0x1fff862c       0x14 ./Sources/rtos.o
                0x1fff862c                vApplicationIdleHook
 .text.vApplicationTickHook
                0x1fff8640        0x4 ./Sources/rtos.o
                0x1fff8640                vApplicationTickHook
 .text.main     0x1fff8644       0x1c ./Sources/main.o
                0x1fff8644                main
 .text.GPIO_Clock_Set_Up
                0x1fff8660       0x5c ./Sources/gpio.o
                0x1fff8660                GPIO_Clock_Set_Up
 .text.GPIO_Get_Port_Char
                0x1fff86bc       0xb4 ./Sources/gpio.o
                0x1fff86bc                GPIO_Get_Port_Char
 .text.GPIO_Get_Port_Pin
                0x1fff8770      0x100 ./Sources/gpio.o
                0x1fff8770                GPIO_Get_Port_Pin
 .text.GPIO_Init_As_Input
                0x1fff8870       0xd0 ./Sources/gpio.o
                0x1fff8870                GPIO_Init_As_Input
 .text.GPIO_Read_Input
                0x1fff8940       0x9c ./Sources/gpio.o
                0x1fff8940                GPIO_Read_Input
 .text.GPIO_Init_As_Output
                0x1fff89dc       0xcc ./Sources/gpio.o
                0x1fff89dc                GPIO_Init_As_Output
 .text.GPIO_Set_Off_Output
                0x1fff8aa8       0x84 ./Sources/gpio.o
                0x1fff8aa8                GPIO_Set_Off_Output
 .text.GPIO_Set_On_Output
                0x1fff8b2c       0x84 ./Sources/gpio.o
                0x1fff8b2c                GPIO_Set_On_Output
 .text.EEEPROM_Init
                0x1fff8bb0       0x58 ./Sources/eeeprom.o
                0x1fff8bb0                EEEPROM_Init
 .text.EEEPROM_Write_Data
                0x1fff8c08       0x34 ./Sources/eeeprom.o
                0x1fff8c08                EEEPROM_Write_Data
 .text.EEEPROM_Read_Data
                0x1fff8c3c       0x34 ./Sources/eeeprom.o
                0x1fff8c3c                EEEPROM_Read_Data
 .text.CLUSTER_Initialize
                0x1fff8c70      0x110 ./Sources/cluster.o
                0x1fff8c70                CLUSTER_Initialize
 .text.CLUSTER_Display_Gas_Tank_Level
                0x1fff8d80      0x15c ./Sources/cluster.o
                0x1fff8d80                CLUSTER_Display_Gas_Tank_Level
 .text.CLUSTER_Display_Velocimeter_Value
                0x1fff8edc      0x414 ./Sources/cluster.o
                0x1fff8edc                CLUSTER_Display_Velocimeter_Value
 .text.CLOCK_SOSC_Init_8MHz
                0x1fff92f0       0x38 ./Sources/clock.o
                0x1fff92f0                CLOCK_SOSC_Init_8MHz
 .text.CLOCK_SPLL_Init_160MHz
                0x1fff9328       0x4c ./Sources/clock.o
                0x1fff9328                CLOCK_SPLL_Init_160MHz
 .text.CLOCK_Setup_80MHz
                0x1fff9374       0x1c ./Sources/clock.o
                0x1fff9374                CLOCK_Setup_80MHz
 .text.CLOCK_Disable_Watchdog
                0x1fff9390       0x1c ./Sources/clock.o
                0x1fff9390                CLOCK_Disable_Watchdog
 .text.CAN_Init
                0x1fff93ac       0xa0 ./Sources/can.o
                0x1fff93ac                CAN_Init
 .text.CAN_transmit
                0x1fff944c       0x28 ./Sources/can.o
                0x1fff944c                CAN_transmit
 .text.CAN_receive
                0x1fff9474      0x148 ./Sources/can.o
                0x1fff9474                CAN_receive
 .text.pvPortMalloc
                0x1fff95bc       0xd0 ./SDK/rtos/FreeRTOS_S32K/Source/portable/MemMang/heap_2.o
                0x1fff95bc                pvPortMalloc
 .text.vPortFree
                0x1fff968c       0x44 ./SDK/rtos/FreeRTOS_S32K/Source/portable/MemMang/heap_2.o
                0x1fff968c                vPortFree
 .text.xPortGetFreeHeapSize
                0x1fff96d0        0xc ./SDK/rtos/FreeRTOS_S32K/Source/portable/MemMang/heap_2.o
                0x1fff96d0                xPortGetFreeHeapSize
 .text.prvTaskExitError
                0x1fff96dc       0x34 ./SDK/rtos/FreeRTOS_S32K/Source/portable/GCC/ARM_CM4F/port.o
 .text.prvPortStartFirstTask
                0x1fff9710       0x20 ./SDK/rtos/FreeRTOS_S32K/Source/portable/GCC/ARM_CM4F/port.o
 .text.vPortEnableVFP
                0x1fff9730       0x14 ./SDK/rtos/FreeRTOS_S32K/Source/portable/GCC/ARM_CM4F/port.o
 .text.pxPortInitialiseStack
                0x1fff9744       0x28 ./SDK/rtos/FreeRTOS_S32K/Source/portable/GCC/ARM_CM4F/port.o
                0x1fff9744                pxPortInitialiseStack
 .text.SVC_Handler
                0x1fff976c       0x20 ./SDK/rtos/FreeRTOS_S32K/Source/portable/GCC/ARM_CM4F/port.o
                0x1fff976c                SVC_Handler
 .text.vPortEnterCritical
                0x1fff978c       0x44 ./SDK/rtos/FreeRTOS_S32K/Source/portable/GCC/ARM_CM4F/port.o
                0x1fff978c                vPortEnterCritical
 .text.vPortExitCritical
                0x1fff97d0       0x2c ./SDK/rtos/FreeRTOS_S32K/Source/portable/GCC/ARM_CM4F/port.o
                0x1fff97d0                vPortExitCritical
 .text.PendSV_Handler
                0x1fff97fc       0x60 ./SDK/rtos/FreeRTOS_S32K/Source/portable/GCC/ARM_CM4F/port.o
                0x1fff97fc                PendSV_Handler
 .text.SysTick_Handler
                0x1fff985c       0x30 ./SDK/rtos/FreeRTOS_S32K/Source/portable/GCC/ARM_CM4F/port.o
                0x1fff985c                SysTick_Handler
 .text.vPortSetupTimerInterrupt
                0x1fff988c       0x14 ./SDK/rtos/FreeRTOS_S32K/Source/portable/GCC/ARM_CM4F/port.o
                0x1fff988c                vPortSetupTimerInterrupt
 .text.xPortStartScheduler
                0x1fff98a0       0xf8 ./SDK/rtos/FreeRTOS_S32K/Source/portable/GCC/ARM_CM4F/port.o
                0x1fff98a0                xPortStartScheduler
 .text.vPortValidateInterruptPriority
                0x1fff9998       0x5c ./SDK/rtos/FreeRTOS_S32K/Source/portable/GCC/ARM_CM4F/port.o
                0x1fff9998                vPortValidateInterruptPriority
 .text.prvInsertTimerInActiveList
                0x1fff99f4       0x48 ./SDK/rtos/FreeRTOS_S32K/Source/timers.o
 .text.prvCheckForValidListAndQueue
                0x1fff9a3c       0x6c ./SDK/rtos/FreeRTOS_S32K/Source/timers.o
 .text.xTimerCreateTimerTask
                0x1fff9aa8       0x4c ./SDK/rtos/FreeRTOS_S32K/Source/timers.o
                0x1fff9aa8                xTimerCreateTimerTask
 .text.xTimerGenericCommand
                0x1fff9af4       0x48 ./SDK/rtos/FreeRTOS_S32K/Source/timers.o
                0x1fff9af4                xTimerGenericCommand
 .text.prvSampleTimeNow
                0x1fff9b3c       0xac ./SDK/rtos/FreeRTOS_S32K/Source/timers.o
 .text.prvTimerTask
                0x1fff9be8      0x1a8 ./SDK/rtos/FreeRTOS_S32K/Source/timers.o
 .text.prvResetNextTaskUnblockTime
                0x1fff9d90       0x2c ./SDK/rtos/FreeRTOS_S32K/Source/tasks.o
 .text.prvAddCurrentTaskToDelayedList
                0x1fff9dbc       0x54 ./SDK/rtos/FreeRTOS_S32K/Source/tasks.o
 .text.xTaskGenericCreate
                0x1fff9e10      0x200 ./SDK/rtos/FreeRTOS_S32K/Source/tasks.o
                0x1fff9e10                xTaskGenericCreate
 .text.vTaskStartScheduler
                0x1fffa010       0x7c ./SDK/rtos/FreeRTOS_S32K/Source/tasks.o
                0x1fffa010                vTaskStartScheduler
 .text.vTaskSuspendAll
                0x1fffa08c       0x10 ./SDK/rtos/FreeRTOS_S32K/Source/tasks.o
                0x1fffa08c                vTaskSuspendAll
 .text.xTaskGetTickCount
                0x1fffa09c        0xc ./SDK/rtos/FreeRTOS_S32K/Source/tasks.o
                0x1fffa09c                xTaskGetTickCount
 .text.xTaskIncrementTick
                0x1fffa0a8      0x134 ./SDK/rtos/FreeRTOS_S32K/Source/tasks.o
                0x1fffa0a8                xTaskIncrementTick
 .text.xTaskResumeAll
                0x1fffa1dc      0x104 ./SDK/rtos/FreeRTOS_S32K/Source/tasks.o
                0x1fffa1dc                xTaskResumeAll
 .text.vTaskDelayUntil
                0x1fffa2e0       0xc8 ./SDK/rtos/FreeRTOS_S32K/Source/tasks.o
                0x1fffa2e0                vTaskDelayUntil
 .text.prvIdleTask
                0x1fffa3a8       0x7c ./SDK/rtos/FreeRTOS_S32K/Source/tasks.o
 .text.vTaskSwitchContext
                0x1fffa424       0xcc ./SDK/rtos/FreeRTOS_S32K/Source/tasks.o
                0x1fffa424                vTaskSwitchContext
 .text.vTaskPlaceOnEventList
                0x1fffa4f0       0x70 ./SDK/rtos/FreeRTOS_S32K/Source/tasks.o
                0x1fffa4f0                vTaskPlaceOnEventList
 .text.vTaskPlaceOnEventListRestricted
                0x1fffa560       0x70 ./SDK/rtos/FreeRTOS_S32K/Source/tasks.o
                0x1fffa560                vTaskPlaceOnEventListRestricted
 .text.xTaskRemoveFromEventList
                0x1fffa5d0       0x88 ./SDK/rtos/FreeRTOS_S32K/Source/tasks.o
                0x1fffa5d0                xTaskRemoveFromEventList
 .text.vTaskSetTimeOutState
                0x1fffa658       0x2c ./SDK/rtos/FreeRTOS_S32K/Source/tasks.o
                0x1fffa658                vTaskSetTimeOutState
 .text.xTaskCheckForTimeOut
                0x1fffa684       0x80 ./SDK/rtos/FreeRTOS_S32K/Source/tasks.o
                0x1fffa684                xTaskCheckForTimeOut
 .text.vTaskMissedYield
                0x1fffa704        0xc ./SDK/rtos/FreeRTOS_S32K/Source/tasks.o
                0x1fffa704                vTaskMissedYield
 .text.xTaskGetSchedulerState
                0x1fffa710       0x20 ./SDK/rtos/FreeRTOS_S32K/Source/tasks.o
                0x1fffa710                xTaskGetSchedulerState
 .text.vTaskPriorityInherit
                0x1fffa730       0xa0 ./SDK/rtos/FreeRTOS_S32K/Source/tasks.o
                0x1fffa730                vTaskPriorityInherit
 .text.xTaskPriorityDisinherit
                0x1fffa7d0       0xb4 ./SDK/rtos/FreeRTOS_S32K/Source/tasks.o
                0x1fffa7d0                xTaskPriorityDisinherit
 .text.pvTaskIncrementMutexHeldCount
                0x1fffa884       0x1c ./SDK/rtos/FreeRTOS_S32K/Source/tasks.o
                0x1fffa884                pvTaskIncrementMutexHeldCount
 .text.prvCopyDataToQueue
                0x1fffa8a0       0x7c ./SDK/rtos/FreeRTOS_S32K/Source/queue.o
 .text.prvCopyDataFromQueue
                0x1fffa91c       0x24 ./SDK/rtos/FreeRTOS_S32K/Source/queue.o
 .text.prvUnlockQueue
                0x1fffa940       0x80 ./SDK/rtos/FreeRTOS_S32K/Source/queue.o
 .text.xQueueGenericReset
                0x1fffa9c0       0x80 ./SDK/rtos/FreeRTOS_S32K/Source/queue.o
                0x1fffa9c0                xQueueGenericReset
 .text.xQueueGenericCreate
                0x1fffaa40       0x68 ./SDK/rtos/FreeRTOS_S32K/Source/queue.o
                0x1fffaa40                xQueueGenericCreate
 .text.xQueueGenericSend
                0x1fffaaa8      0x180 ./SDK/rtos/FreeRTOS_S32K/Source/queue.o
                0x1fffaaa8                xQueueGenericSend
 .text.xQueueGenericSendFromISR
                0x1fffac28       0xc8 ./SDK/rtos/FreeRTOS_S32K/Source/queue.o
                0x1fffac28                xQueueGenericSendFromISR
 .text.xQueueGenericReceive
                0x1fffacf0      0x184 ./SDK/rtos/FreeRTOS_S32K/Source/queue.o
                0x1fffacf0                xQueueGenericReceive
 .text.vQueueAddToRegistry
                0x1fffae74       0x34 ./SDK/rtos/FreeRTOS_S32K/Source/queue.o
                0x1fffae74                vQueueAddToRegistry
 .text.vQueueWaitForMessageRestricted
                0x1fffaea8       0x40 ./SDK/rtos/FreeRTOS_S32K/Source/queue.o
                0x1fffaea8                vQueueWaitForMessageRestricted
 .text.vListInitialise
                0x1fffaee8       0x18 ./SDK/rtos/FreeRTOS_S32K/Source/list.o
                0x1fffaee8                vListInitialise
 .text.vListInitialiseItem
                0x1fffaf00        0x8 ./SDK/rtos/FreeRTOS_S32K/Source/list.o
                0x1fffaf00                vListInitialiseItem
 .text.vListInsertEnd
                0x1fffaf08       0x18 ./SDK/rtos/FreeRTOS_S32K/Source/list.o
                0x1fffaf08                vListInsertEnd
 .text.vListInsert
                0x1fffaf20       0x34 ./SDK/rtos/FreeRTOS_S32K/Source/list.o
                0x1fffaf20                vListInsert
 .text.uxListRemove
                0x1fffaf54       0x24 ./SDK/rtos/FreeRTOS_S32K/Source/list.o
                0x1fffaf54                uxListRemove
 .text.init_data_bss
                0x1fffaf78       0xb0 ./SDK/platform/devices/startup.o
                0x1fffaf78                init_data_bss
 .text.SystemInit
                0x1fffb028       0x3c ./SDK/platform/devices/S32K144/startup/system_S32K144.o
                0x1fffb028                SystemInit
 .text.memcmp   0x1fffb064       0x20 C:/NXP/S32DS_ARM_v2018.R1/Cross_Tools/gcc-arm-none-eabi-4_9/arm-none-eabi/newlib/lib/armv7e-m/fpu\libc_nano.a(lib_a-memcmp.o)
                0x1fffb064                memcmp
 .text.memcpy   0x1fffb084       0x16 C:/NXP/S32DS_ARM_v2018.R1/Cross_Tools/gcc-arm-none-eabi-4_9/arm-none-eabi/newlib/lib/armv7e-m/fpu\libc_nano.a(lib_a-memcpy.o)
                0x1fffb084                memcpy
 .text.memset   0x1fffb09a       0x10 C:/NXP/S32DS_ARM_v2018.R1/Cross_Tools/gcc-arm-none-eabi-4_9/arm-none-eabi/newlib/lib/armv7e-m/fpu\libc_nano.a(lib_a-memset.o)
                0x1fffb09a                memset
 *(.rodata)
 *(.rodata*)
 *fill*         0x1fffb0aa        0x2 
 .rodata.str1.4
                0x1fffb0ac        0xf ./Sources/rtos.o
 *fill*         0x1fffb0bb        0x1 
 .rodata.str1.4
                0x1fffb0bc       0x10 ./SDK/rtos/FreeRTOS_S32K/Source/timers.o
 .rodata.ucExpectedStackBytes.5686
                0x1fffb0cc       0x14 ./SDK/rtos/FreeRTOS_S32K/Source/tasks.o
 .rodata.str1.4
                0x1fffb0e0        0x8 ./SDK/rtos/FreeRTOS_S32K/Source/tasks.o
                                  0x5 (size before relaxing)
 *(.glue_7)
 .glue_7        0x00000000        0x0 linker stubs
 *(.glue_7t)
 .glue_7t       0x00000000        0x0 linker stubs
 *(.eh_frame)
 .eh_frame      0x1fffb0e8        0x0 c:/nxp/s32ds_arm_v2018.r1/cross_tools/gcc-arm-none-eabi-4_9/bin/../lib/gcc/arm-none-eabi/4.9.3/armv7e-m/fpu/crtbegin.o
 *(.init)
 .init          0x1fffb0e8        0x4 c:/nxp/s32ds_arm_v2018.r1/cross_tools/gcc-arm-none-eabi-4_9/bin/../lib/gcc/arm-none-eabi/4.9.3/armv7e-m/fpu/crti.o
                0x1fffb0e8                _init
 .init          0x1fffb0ec        0x8 c:/nxp/s32ds_arm_v2018.r1/cross_tools/gcc-arm-none-eabi-4_9/bin/../lib/gcc/arm-none-eabi/4.9.3/armv7e-m/fpu/crtn.o
 *(.fini)
 .fini          0x1fffb0f4        0x4 c:/nxp/s32ds_arm_v2018.r1/cross_tools/gcc-arm-none-eabi-4_9/bin/../lib/gcc/arm-none-eabi/4.9.3/armv7e-m/fpu/crti.o
                0x1fffb0f4                _fini
 .fini          0x1fffb0f8        0x8 c:/nxp/s32ds_arm_v2018.r1/cross_tools/gcc-arm-none-eabi-4_9/bin/../lib/gcc/arm-none-eabi/4.9.3/armv7e-m/fpu/crtn.o
                0x1fffb100                . = ALIGN (0x4)

.vfp11_veneer   0x1fffb100        0x0
 .vfp11_veneer  0x00000000        0x0 linker stubs

.v4_bx          0x1fffb100        0x0
 .v4_bx         0x00000000        0x0 linker stubs

.iplt           0x1fffb100        0x0
 .iplt          0x00000000        0x0 c:/nxp/s32ds_arm_v2018.r1/cross_tools/gcc-arm-none-eabi-4_9/bin/../lib/gcc/arm-none-eabi/4.9.3/armv7e-m/fpu/crtbegin.o

.rel.dyn        0x1fffb100        0x0
 .rel.iplt      0x00000000        0x0 c:/nxp/s32ds_arm_v2018.r1/cross_tools/gcc-arm-none-eabi-4_9/bin/../lib/gcc/arm-none-eabi/4.9.3/armv7e-m/fpu/crtbegin.o

.code_ram       0x1fffb100        0x0
                0x1fffb100                . = ALIGN (0x4)
                0x1fffb100                __CODE_RAM = .
 *(.code_ram)
                0x1fffb100                __CODE_ROM = .
                0x1fffb100                __CODE_END = .
                0x1fffb100                . = ALIGN (0x4)

.ARM.extab
 *(.ARM.extab* .gnu.linkonce.armextab.*)

.ARM            0x1fffb100        0x0
                0x1fffb100                __exidx_start = .
 *(.ARM.exidx*)
                0x1fffb100                __exidx_end = .

.ctors          0x1fffb100        0x0
                0x1fffb100                __CTOR_LIST__ = .
 *crtbegin.o(.ctors)
 *crtbegin?.o(.ctors)
 *(EXCLUDE_FILE(*crtend.o *crtend?.o) .ctors)
 *(SORT(.ctors.*))
 *(.ctors)
                0x1fffb100                __CTOR_END__ = .

.dtors          0x1fffb100        0x0
                0x1fffb100                __DTOR_LIST__ = .
 *crtbegin.o(.dtors)
 *crtbegin?.o(.dtors)
 *(EXCLUDE_FILE(*crtend.o *crtend?.o) .dtors)
 *(SORT(.dtors.*))
 *(.dtors)
                0x1fffb100                __DTOR_END__ = .

.preinit_array  0x1fffb100        0x0
                0x1fffb100                PROVIDE (__preinit_array_start, .)
 *(.preinit_array*)
                0x1fffb100                PROVIDE (__preinit_array_end, .)

.init_array     0x1fffb100        0x4
                0x1fffb100                PROVIDE (__init_array_start, .)
 *(SORT(.init_array.*))
 *(.init_array*)
 .init_array    0x1fffb100        0x4 c:/nxp/s32ds_arm_v2018.r1/cross_tools/gcc-arm-none-eabi-4_9/bin/../lib/gcc/arm-none-eabi/4.9.3/armv7e-m/fpu/crtbegin.o
                0x1fffb104                PROVIDE (__init_array_end, .)

.fini_array     0x1fffb104        0x4
                0x1fffb104                PROVIDE (__fini_array_start, .)
 *(SORT(.fini_array.*))
 *(.fini_array*)
 .fini_array    0x1fffb104        0x4 c:/nxp/s32ds_arm_v2018.r1/cross_tools/gcc-arm-none-eabi-4_9/bin/../lib/gcc/arm-none-eabi/4.9.3/armv7e-m/fpu/crtbegin.o
                0x1fffb108                PROVIDE (__fini_array_end, .)
                0x1fffb108                __etext = .
                0x1fffb108                __DATA_ROM = .
                0x1fffb108                __DATA_END = __DATA_ROM

.customSectionBlock
 *(.customSection)

.data           0x20000000       0x18
                0x20000000                . = ALIGN (0x4)
                0x20000000                __DATA_RAM = .
                0x20000000                __data_start__ = .
 *(.data)
 *(.data*)
 .data.tnkFlag  0x20000000        0x4 ./Sources/rtos.o
                0x20000000                tnkFlag
 .data.tnkCounter
                0x20000004        0x4 ./Sources/rtos.o
                0x20000004                tnkCounter
 .data.odFlag   0x20000008        0x1 ./Sources/rtos.o
                0x20000008                odFlag
 .data.indFlag  0x20000009        0x1 ./Sources/rtos.o
                0x20000009                indFlag
 *fill*         0x2000000a        0x2 
 .data.xFreeBytesRemaining
                0x2000000c        0x4 ./SDK/rtos/FreeRTOS_S32K/Source/portable/MemMang/heap_2.o
 .data.uxCriticalNesting
                0x20000010        0x4 ./SDK/rtos/FreeRTOS_S32K/Source/portable/GCC/ARM_CM4F/port.o
 *(.jcr*)
 .jcr           0x20000014        0x0 c:/nxp/s32ds_arm_v2018.r1/cross_tools/gcc-arm-none-eabi-4_9/bin/../lib/gcc/arm-none-eabi/4.9.3/armv7e-m/fpu/crtbegin.o
 .jcr           0x20000014        0x4 c:/nxp/s32ds_arm_v2018.r1/cross_tools/gcc-arm-none-eabi-4_9/bin/../lib/gcc/arm-none-eabi/4.9.3/armv7e-m/fpu/crtend.o
                0x20000018                . = ALIGN (0x4)
                0x20000018                __data_end__ = .

.igot.plt       0x20000018        0x0
 .igot.plt      0x00000000        0x0 c:/nxp/s32ds_arm_v2018.r1/cross_tools/gcc-arm-none-eabi-4_9/bin/../lib/gcc/arm-none-eabi/4.9.3/armv7e-m/fpu/crtbegin.o

.eeeprom        0x20000018        0xc
 .eeeprom       0x20000018        0xc ./Sources/eeeprom.o
                0x20000018                eeerom_data

.bss            0x20000024     0x21cc
                0x20000024                . = ALIGN (0x4)
                0x20000024                __BSS_START = .
                0x20000024                __bss_start__ = .
 *(.bss)
 .bss           0x20000024       0x1c c:/nxp/s32ds_arm_v2018.r1/cross_tools/gcc-arm-none-eabi-4_9/bin/../lib/gcc/arm-none-eabi/4.9.3/armv7e-m/fpu/crtbegin.o
 *(.bss*)
 .bss.xQueue    0x20000040        0x4 ./Sources/rtos.o
 .bss.speedFlag
                0x20000044        0x4 ./Sources/rtos.o
                0x20000044                speedFlag
 .bss.exit_code
                0x20000048        0x4 ./Sources/main.o
                0x20000048                exit_code
 .bss.xHeapHasBeenInitialised.4655
                0x2000004c        0x4 ./SDK/rtos/FreeRTOS_S32K/Source/portable/MemMang/heap_2.o
 .bss.xStart    0x20000050        0x8 ./SDK/rtos/FreeRTOS_S32K/Source/portable/MemMang/heap_2.o
 .bss.ucHeap    0x20000058     0x2000 ./SDK/rtos/FreeRTOS_S32K/Source/portable/MemMang/heap_2.o
 .bss.xEnd      0x20002058        0x8 ./SDK/rtos/FreeRTOS_S32K/Source/portable/MemMang/heap_2.o
 .bss.ucMaxSysCallPriority
                0x20002060        0x1 ./SDK/rtos/FreeRTOS_S32K/Source/portable/GCC/ARM_CM4F/port.o
 *fill*         0x20002061        0x3 
 .bss.ulMaxPRIGROUPValue
                0x20002064        0x4 ./SDK/rtos/FreeRTOS_S32K/Source/portable/GCC/ARM_CM4F/port.o
 .bss.pxCurrentTimerList
                0x20002068        0x4 ./SDK/rtos/FreeRTOS_S32K/Source/timers.o
 .bss.xActiveTimerList1
                0x2000206c       0x14 ./SDK/rtos/FreeRTOS_S32K/Source/timers.o
 .bss.xActiveTimerList2
                0x20002080       0x14 ./SDK/rtos/FreeRTOS_S32K/Source/timers.o
 .bss.xLastTime.4900
                0x20002094        0x4 ./SDK/rtos/FreeRTOS_S32K/Source/timers.o
 .bss.xTimerQueue
                0x20002098        0x4 ./SDK/rtos/FreeRTOS_S32K/Source/timers.o
 .bss.pxOverflowTimerList
                0x2000209c        0x4 ./SDK/rtos/FreeRTOS_S32K/Source/timers.o
 .bss.xNumOfOverflows
                0x200020a0        0x4 ./SDK/rtos/FreeRTOS_S32K/Source/tasks.o
 .bss.pxDelayedTaskList
                0x200020a4        0x4 ./SDK/rtos/FreeRTOS_S32K/Source/tasks.o
 .bss.xSchedulerRunning
                0x200020a8        0x4 ./SDK/rtos/FreeRTOS_S32K/Source/tasks.o
 .bss.uxTasksDeleted
                0x200020ac        0x4 ./SDK/rtos/FreeRTOS_S32K/Source/tasks.o
 .bss.xDelayedTaskList1
                0x200020b0       0x14 ./SDK/rtos/FreeRTOS_S32K/Source/tasks.o
 .bss.pxOverflowDelayedTaskList
                0x200020c4        0x4 ./SDK/rtos/FreeRTOS_S32K/Source/tasks.o
 .bss.uxPendedTicks
                0x200020c8        0x4 ./SDK/rtos/FreeRTOS_S32K/Source/tasks.o
 .bss.pxReadyTasksLists
                0x200020cc       0x64 ./SDK/rtos/FreeRTOS_S32K/Source/tasks.o
 .bss.xTasksWaitingTermination
                0x20002130       0x14 ./SDK/rtos/FreeRTOS_S32K/Source/tasks.o
 .bss.pxCurrentTCB
                0x20002144        0x4 ./SDK/rtos/FreeRTOS_S32K/Source/tasks.o
                0x20002144                pxCurrentTCB
 .bss.xPendingReadyList
                0x20002148       0x14 ./SDK/rtos/FreeRTOS_S32K/Source/tasks.o
 .bss.uxSchedulerSuspended
                0x2000215c        0x4 ./SDK/rtos/FreeRTOS_S32K/Source/tasks.o
 .bss.xTickCount
                0x20002160        0x4 ./SDK/rtos/FreeRTOS_S32K/Source/tasks.o
 .bss.xNextTaskUnblockTime
                0x20002164        0x4 ./SDK/rtos/FreeRTOS_S32K/Source/tasks.o
 .bss.uxTaskNumber
                0x20002168        0x4 ./SDK/rtos/FreeRTOS_S32K/Source/tasks.o
 .bss.uxCurrentNumberOfTasks
                0x2000216c        0x4 ./SDK/rtos/FreeRTOS_S32K/Source/tasks.o
 .bss.xDelayedTaskList2
                0x20002170       0x14 ./SDK/rtos/FreeRTOS_S32K/Source/tasks.o
 .bss.xSuspendedTaskList
                0x20002184       0x14 ./SDK/rtos/FreeRTOS_S32K/Source/tasks.o
 .bss.uxTopReadyPriority
                0x20002198        0x4 ./SDK/rtos/FreeRTOS_S32K/Source/tasks.o
 .bss.xYieldPending
                0x2000219c        0x4 ./SDK/rtos/FreeRTOS_S32K/Source/tasks.o
 *(COMMON)
 COMMON         0x200021a0       0x10 ./Sources/can.o
                0x200021a0                RxID
                0x200021a4                RxLENGTH
                0x200021a8                RxCODE
                0x200021ac                RxTIMESTAMP
 COMMON         0x200021b0       0x40 ./SDK/rtos/FreeRTOS_S32K/Source/queue.o
                0x200021b0                xQueueRegistry
                0x200021f0                . = ALIGN (0x4)
                0x200021f0                __bss_end__ = .
                0x200021f0                __BSS_END = .

.heap           0x200021f0      0x400
                0x200021f0                . = ALIGN (0x8)
                0x200021f0                __end__ = .
                0x200021f0                PROVIDE (end, .)
                0x200021f0                PROVIDE (_end, .)
                0x200021f0                PROVIDE (__end, .)
                0x200021f0                __HeapBase = .
                0x200025f0                . = (. + HEAP_SIZE)
 *fill*         0x200021f0      0x400 
                0x200025f0                __HeapLimit = .
                0x200025f0                __heap_limit = .

.stack          0x200025f0      0x400
                0x200025f0                . = ALIGN (0x8)
                0x200029f0                . = (. + STACK_SIZE)
 *fill*         0x200025f0      0x400 
                0x20007000                __StackTop = (ORIGIN (m_data) + 0x7000)
                0x20006c00                __StackLimit = (__StackTop - STACK_SIZE)
                0x20007000                PROVIDE (__stack, __StackTop)

.ARM.attributes
                0x00000000       0x30
 *(.ARM.attributes)
 .ARM.attributes
                0x00000000       0x22 c:/nxp/s32ds_arm_v2018.r1/cross_tools/gcc-arm-none-eabi-4_9/bin/../lib/gcc/arm-none-eabi/4.9.3/armv7e-m/fpu/crti.o
 .ARM.attributes
                0x00000022       0x34 c:/nxp/s32ds_arm_v2018.r1/cross_tools/gcc-arm-none-eabi-4_9/bin/../lib/gcc/arm-none-eabi/4.9.3/armv7e-m/fpu/crtbegin.o
 .ARM.attributes
                0x00000056       0x39 ./Sources/rtos.o
 .ARM.attributes
                0x0000008f       0x39 ./Sources/main.o
 .ARM.attributes
                0x000000c8       0x39 ./Sources/gpio.o
 .ARM.attributes
                0x00000101       0x39 ./Sources/eeeprom.o
 .ARM.attributes
                0x0000013a       0x39 ./Sources/cluster.o
 .ARM.attributes
                0x00000173       0x39 ./Sources/clock.o
 .ARM.attributes
                0x000001ac       0x39 ./Sources/can.o
 .ARM.attributes
                0x000001e5       0x39 ./SDK/rtos/FreeRTOS_S32K/Source/portable/MemMang/heap_2.o
 .ARM.attributes
                0x0000021e       0x39 ./SDK/rtos/FreeRTOS_S32K/Source/portable/GCC/ARM_CM4F/port.o
 .ARM.attributes
                0x00000257       0x39 ./SDK/rtos/FreeRTOS_S32K/Source/timers.o
 .ARM.attributes
                0x00000290       0x39 ./SDK/rtos/FreeRTOS_S32K/Source/tasks.o
 .ARM.attributes
                0x000002c9       0x39 ./SDK/rtos/FreeRTOS_S32K/Source/queue.o
 .ARM.attributes
                0x00000302       0x39 ./SDK/rtos/FreeRTOS_S32K/Source/list.o
 .ARM.attributes
                0x0000033b       0x39 ./SDK/platform/devices/startup.o
 .ARM.attributes
                0x00000374       0x39 ./SDK/platform/devices/S32K144/startup/system_S32K144.o
 .ARM.attributes
                0x000003ad       0x1f ./Project_Settings/Startup_Code/startup_S32K144.o
 .ARM.attributes
                0x000003cc       0x34 C:/NXP/S32DS_ARM_v2018.R1/Cross_Tools/gcc-arm-none-eabi-4_9/arm-none-eabi/newlib/lib/armv7e-m/fpu\libc_nano.a(lib_a-memcmp.o)
 .ARM.attributes
                0x00000400       0x34 C:/NXP/S32DS_ARM_v2018.R1/Cross_Tools/gcc-arm-none-eabi-4_9/arm-none-eabi/newlib/lib/armv7e-m/fpu\libc_nano.a(lib_a-memcpy.o)
 .ARM.attributes
                0x00000434       0x34 C:/NXP/S32DS_ARM_v2018.R1/Cross_Tools/gcc-arm-none-eabi-4_9/arm-none-eabi/newlib/lib/armv7e-m/fpu\libc_nano.a(lib_a-memset.o)
 .ARM.attributes
                0x00000468       0x34 c:/nxp/s32ds_arm_v2018.r1/cross_tools/gcc-arm-none-eabi-4_9/bin/../lib/gcc/arm-none-eabi/4.9.3/armv7e-m/fpu/crtend.o
 .ARM.attributes
                0x0000049c       0x22 c:/nxp/s32ds_arm_v2018.r1/cross_tools/gcc-arm-none-eabi-4_9/bin/../lib/gcc/arm-none-eabi/4.9.3/armv7e-m/fpu/crtn.o
                0x00000001                ASSERT ((__StackLimit >= __HeapLimit), region m_data overflowed with stack and heap)

/DISCARD/
 *(.FlashConfig)
OUTPUT(clusterRtosFinal.elf elf32-littlearm)

.debug_info     0x00000000     0x9df4
 .debug_info    0x00000000      0x96a ./Sources/rtos.o
 .debug_info    0x0000096a      0x2ab ./Sources/main.o
 .debug_info    0x00000c15      0xad2 ./Sources/gpio.o
 .debug_info    0x000016e7      0x2a7 ./Sources/eeeprom.o
 .debug_info    0x0000198e     0x13a5 ./Sources/cluster.o
 .debug_info    0x00002d33      0x2d9 ./Sources/clock.o
 .debug_info    0x0000300c      0x6d3 ./Sources/can.o
 .debug_info    0x000036df      0x37b ./SDK/rtos/FreeRTOS_S32K/Source/portable/MemMang/heap_2.o
 .debug_info    0x00003a5a      0x542 ./SDK/rtos/FreeRTOS_S32K/Source/portable/GCC/ARM_CM4F/port.o
 .debug_info    0x00003f9c     0x1250 ./SDK/rtos/FreeRTOS_S32K/Source/timers.o
 .debug_info    0x000051ec     0x25a5 ./SDK/rtos/FreeRTOS_S32K/Source/tasks.o
 .debug_info    0x00007791     0x1997 ./SDK/rtos/FreeRTOS_S32K/Source/queue.o
 .debug_info    0x00009128      0x29a ./SDK/rtos/FreeRTOS_S32K/Source/list.o
 .debug_info    0x000093c2      0x430 ./SDK/platform/devices/startup.o
 .debug_info    0x000097f2      0x516 ./SDK/platform/devices/S32K144/startup/system_S32K144.o
 .debug_info    0x00009d08       0xec ./Project_Settings/Startup_Code/startup_S32K144.o

.debug_abbrev   0x00000000     0x1c1e
 .debug_abbrev  0x00000000      0x26e ./Sources/rtos.o
 .debug_abbrev  0x0000026e       0x93 ./Sources/main.o
 .debug_abbrev  0x00000301      0x21a ./Sources/gpio.o
 .debug_abbrev  0x0000051b      0x138 ./Sources/eeeprom.o
 .debug_abbrev  0x00000653      0x1b2 ./Sources/cluster.o
 .debug_abbrev  0x00000805       0xcf ./Sources/clock.o
 .debug_abbrev  0x000008d4      0x200 ./Sources/can.o
 .debug_abbrev  0x00000ad4      0x1dc ./SDK/rtos/FreeRTOS_S32K/Source/portable/MemMang/heap_2.o
 .debug_abbrev  0x00000cb0      0x210 ./SDK/rtos/FreeRTOS_S32K/Source/portable/GCC/ARM_CM4F/port.o
 .debug_abbrev  0x00000ec0      0x354 ./SDK/rtos/FreeRTOS_S32K/Source/timers.o
 .debug_abbrev  0x00001214      0x3a5 ./SDK/rtos/FreeRTOS_S32K/Source/tasks.o
 .debug_abbrev  0x000015b9      0x316 ./SDK/rtos/FreeRTOS_S32K/Source/queue.o
 .debug_abbrev  0x000018cf       0xdd ./SDK/rtos/FreeRTOS_S32K/Source/list.o
 .debug_abbrev  0x000019ac      0x12a ./SDK/platform/devices/startup.o
 .debug_abbrev  0x00001ad6      0x134 ./SDK/platform/devices/S32K144/startup/system_S32K144.o
 .debug_abbrev  0x00001c0a       0x14 ./Project_Settings/Startup_Code/startup_S32K144.o

.debug_loc      0x00000000     0x4704
 .debug_loc     0x00000000       0x84 ./Sources/rtos.o
 .debug_loc     0x00000084      0xc15 ./Sources/gpio.o
 .debug_loc     0x00000c99       0x6b ./Sources/eeeprom.o
 .debug_loc     0x00000d04      0x4f4 ./Sources/cluster.o
 .debug_loc     0x000011f8      0x2c0 ./Sources/can.o
 .debug_loc     0x000014b8      0x297 ./SDK/rtos/FreeRTOS_S32K/Source/portable/MemMang/heap_2.o
 .debug_loc     0x0000174f       0xa7 ./SDK/rtos/FreeRTOS_S32K/Source/portable/GCC/ARM_CM4F/port.o
 .debug_loc     0x000017f6      0x9f9 ./SDK/rtos/FreeRTOS_S32K/Source/timers.o
 .debug_loc     0x000021ef     0x1650 ./SDK/rtos/FreeRTOS_S32K/Source/tasks.o
 .debug_loc     0x0000383f      0xc9d ./SDK/rtos/FreeRTOS_S32K/Source/queue.o
 .debug_loc     0x000044dc       0x65 ./SDK/rtos/FreeRTOS_S32K/Source/list.o
 .debug_loc     0x00004541       0xae ./SDK/platform/devices/startup.o
 .debug_loc     0x000045ef      0x115 ./SDK/platform/devices/S32K144/startup/system_S32K144.o

.debug_aranges  0x00000000      0x638
 .debug_aranges
                0x00000000       0x70 ./Sources/rtos.o
 .debug_aranges
                0x00000070       0x20 ./Sources/main.o
 .debug_aranges
                0x00000090       0x88 ./Sources/gpio.o
 .debug_aranges
                0x00000118       0x30 ./Sources/eeeprom.o
 .debug_aranges
                0x00000148       0x40 ./Sources/cluster.o
 .debug_aranges
                0x00000188       0x38 ./Sources/clock.o
 .debug_aranges
                0x000001c0       0x38 ./Sources/can.o
 .debug_aranges
                0x000001f8       0x38 ./SDK/rtos/FreeRTOS_S32K/Source/portable/MemMang/heap_2.o
 .debug_aranges
                0x00000230       0x80 ./SDK/rtos/FreeRTOS_S32K/Source/portable/GCC/ARM_CM4F/port.o
 .debug_aranges
                0x000002b0       0x80 ./SDK/rtos/FreeRTOS_S32K/Source/timers.o
 .debug_aranges
                0x00000330      0x178 ./SDK/rtos/FreeRTOS_S32K/Source/tasks.o
 .debug_aranges
                0x000004a8       0xe0 ./SDK/rtos/FreeRTOS_S32K/Source/queue.o
 .debug_aranges
                0x00000588       0x40 ./SDK/rtos/FreeRTOS_S32K/Source/list.o
 .debug_aranges
                0x000005c8       0x20 ./SDK/platform/devices/startup.o
 .debug_aranges
                0x000005e8       0x30 ./SDK/platform/devices/S32K144/startup/system_S32K144.o
 .debug_aranges
                0x00000618       0x20 ./Project_Settings/Startup_Code/startup_S32K144.o

.debug_ranges   0x00000000      0x638
 .debug_ranges  0x00000000       0x60 ./Sources/rtos.o
 .debug_ranges  0x00000060       0x10 ./Sources/main.o
 .debug_ranges  0x00000070       0x78 ./Sources/gpio.o
 .debug_ranges  0x000000e8       0x40 ./Sources/eeeprom.o
 .debug_ranges  0x00000128       0x30 ./Sources/cluster.o
 .debug_ranges  0x00000158       0x28 ./Sources/clock.o
 .debug_ranges  0x00000180       0x28 ./Sources/can.o
 .debug_ranges  0x000001a8       0x28 ./SDK/rtos/FreeRTOS_S32K/Source/portable/MemMang/heap_2.o
 .debug_ranges  0x000001d0       0x70 ./SDK/rtos/FreeRTOS_S32K/Source/portable/GCC/ARM_CM4F/port.o
 .debug_ranges  0x00000240       0xb8 ./SDK/rtos/FreeRTOS_S32K/Source/timers.o
 .debug_ranges  0x000002f8      0x210 ./SDK/rtos/FreeRTOS_S32K/Source/tasks.o
 .debug_ranges  0x00000508       0xd0 ./SDK/rtos/FreeRTOS_S32K/Source/queue.o
 .debug_ranges  0x000005d8       0x30 ./SDK/rtos/FreeRTOS_S32K/Source/list.o
 .debug_ranges  0x00000608       0x10 ./SDK/platform/devices/startup.o
 .debug_ranges  0x00000618       0x20 ./SDK/platform/devices/S32K144/startup/system_S32K144.o

.debug_macro    0x00000000    0x2a1b3
 .debug_macro   0x00000000      0xb94 ./Sources/rtos.o
 .debug_macro   0x00000b94      0x166 ./Sources/rtos.o
 .debug_macro   0x00000cfa       0x22 ./Sources/rtos.o
 .debug_macro   0x00000d1c       0x44 ./Sources/rtos.o
 .debug_macro   0x00000d60       0xe3 ./Sources/rtos.o
 .debug_macro   0x00000e43       0x22 ./Sources/rtos.o
 .debug_macro   0x00000e65      0x1df ./Sources/rtos.o
 .debug_macro   0x00001044      0x160 ./Sources/rtos.o
 .debug_macro   0x000011a4      0x15d ./Sources/rtos.o
 .debug_macro   0x00001301       0xe4 ./Sources/rtos.o
 .debug_macro   0x000013e5       0x10 ./Sources/rtos.o
 .debug_macro   0x000013f5       0x1f ./Sources/rtos.o
 .debug_macro   0x00001414      0x337 ./Sources/rtos.o
 .debug_macro   0x0000174b       0xc0 ./Sources/rtos.o
 .debug_macro   0x0000180b       0x8c ./Sources/rtos.o
 .debug_macro   0x00001897       0xb0 ./Sources/rtos.o
 .debug_macro   0x00001947       0x91 ./Sources/rtos.o
 .debug_macro   0x000019d8       0x10 ./Sources/rtos.o
 .debug_macro   0x000019e8       0x73 ./Sources/rtos.o
 .debug_macro   0x00001a5b     0xecc2 ./Sources/rtos.o
 .debug_macro   0x0001071d      0xa20 ./Sources/rtos.o
 .debug_macro   0x0001113d       0x22 ./Sources/rtos.o
 .debug_macro   0x0001115f       0x71 ./Sources/rtos.o
 .debug_macro   0x000111d0       0x28 ./Sources/rtos.o
 .debug_macro   0x000111f8       0x16 ./Sources/rtos.o
 .debug_macro   0x0001120e      0x1d8 ./Sources/rtos.o
 .debug_macro   0x000113e6       0x10 ./Sources/rtos.o
 .debug_macro   0x000113f6       0x46 ./Sources/rtos.o
 .debug_macro   0x0001143c       0x34 ./Sources/rtos.o
 .debug_macro   0x00011470      0xb2e ./Sources/main.o
 .debug_macro   0x00011f9e       0x19 ./Sources/main.o
 .debug_macro   0x00011fb7     0xecad ./Sources/main.o
 .debug_macro   0x00020c64      0x9ce ./Sources/gpio.o
 .debug_macro   0x00021632      0x9ca ./Sources/eeeprom.o
 .debug_macro   0x00021ffc      0xa17 ./Sources/cluster.o
 .debug_macro   0x00022a13      0x9cb ./Sources/clock.o
 .debug_macro   0x000233de      0xac7 ./Sources/can.o
 .debug_macro   0x00023ea5       0x58 ./Sources/can.o
 .debug_macro   0x00023efd       0x35 ./Sources/can.o
 .debug_macro   0x00023f32       0x9c ./Sources/can.o
 .debug_macro   0x00023fce       0x16 ./Sources/can.o
 .debug_macro   0x00023fe4       0x97 ./Sources/can.o
 .debug_macro   0x0002407b      0x29d ./Sources/can.o
 .debug_macro   0x00024318       0xef ./Sources/can.o
 .debug_macro   0x00024407       0x10 ./Sources/can.o
 .debug_macro   0x00024417       0x52 ./Sources/can.o
 .debug_macro   0x00024469       0x16 ./Sources/can.o
 .debug_macro   0x0002447f       0x43 ./Sources/can.o
 .debug_macro   0x000244c2      0x180 ./Sources/can.o
 .debug_macro   0x00024642       0x10 ./Sources/can.o
 .debug_macro   0x00024652       0x22 ./Sources/can.o
 .debug_macro   0x00024674       0xbe ./Sources/can.o
 .debug_macro   0x00024732       0x16 ./Sources/can.o
 .debug_macro   0x00024748      0x166 ./Sources/can.o
 .debug_macro   0x000248ae      0xaea ./SDK/rtos/FreeRTOS_S32K/Source/portable/MemMang/heap_2.o
 .debug_macro   0x00025398       0x16 ./SDK/rtos/FreeRTOS_S32K/Source/portable/MemMang/heap_2.o
 .debug_macro   0x000253ae      0x10e ./SDK/rtos/FreeRTOS_S32K/Source/portable/MemMang/heap_2.o
 .debug_macro   0x000254bc       0x7f ./SDK/rtos/FreeRTOS_S32K/Source/portable/MemMang/heap_2.o
 .debug_macro   0x0002553b       0x4a ./SDK/rtos/FreeRTOS_S32K/Source/portable/MemMang/heap_2.o
 .debug_macro   0x00025585       0x22 ./SDK/rtos/FreeRTOS_S32K/Source/portable/MemMang/heap_2.o
 .debug_macro   0x000255a7      0xae6 ./SDK/rtos/FreeRTOS_S32K/Source/portable/GCC/ARM_CM4F/port.o
 .debug_macro   0x0002608d      0xaf9 ./SDK/rtos/FreeRTOS_S32K/Source/timers.o
 .debug_macro   0x00026b86      0xbba ./SDK/rtos/FreeRTOS_S32K/Source/tasks.o
 .debug_macro   0x00027740       0x16 ./SDK/rtos/FreeRTOS_S32K/Source/tasks.o
 .debug_macro   0x00027756       0x35 ./SDK/rtos/FreeRTOS_S32K/Source/tasks.o
 .debug_macro   0x0002778b       0x17 ./SDK/rtos/FreeRTOS_S32K/Source/tasks.o
 .debug_macro   0x000277a2       0x1c ./SDK/rtos/FreeRTOS_S32K/Source/tasks.o
 .debug_macro   0x000277be      0xb2e ./SDK/rtos/FreeRTOS_S32K/Source/queue.o
 .debug_macro   0x000282ec      0xabc ./SDK/rtos/FreeRTOS_S32K/Source/list.o
 .debug_macro   0x00028da8      0xa06 ./SDK/platform/devices/startup.o
 .debug_macro   0x000297ae      0xa05 ./SDK/platform/devices/S32K144/startup/system_S32K144.o

.debug_line     0x00000000     0x5a7e
 .debug_line    0x00000000      0x890 ./Sources/rtos.o
 .debug_line    0x00000890      0x75c ./Sources/main.o
 .debug_line    0x00000fec      0x4cd ./Sources/gpio.o
 .debug_line    0x000014b9      0x314 ./Sources/eeeprom.o
 .debug_line    0x000017cd      0x494 ./Sources/cluster.o
 .debug_line    0x00001c61      0x327 ./Sources/clock.o
 .debug_line    0x00001f88      0x3d7 ./Sources/can.o
 .debug_line    0x0000235f      0x514 ./SDK/rtos/FreeRTOS_S32K/Source/portable/MemMang/heap_2.o
 .debug_line    0x00002873      0x55e ./SDK/rtos/FreeRTOS_S32K/Source/portable/GCC/ARM_CM4F/port.o
 .debug_line    0x00002dd1      0x6c4 ./SDK/rtos/FreeRTOS_S32K/Source/timers.o
 .debug_line    0x00003495      0xe1b ./SDK/rtos/FreeRTOS_S32K/Source/tasks.o
 .debug_line    0x000042b0      0xab4 ./SDK/rtos/FreeRTOS_S32K/Source/queue.o
 .debug_line    0x00004d64      0x4da ./SDK/rtos/FreeRTOS_S32K/Source/list.o
 .debug_line    0x0000523e      0x37d ./SDK/platform/devices/startup.o
 .debug_line    0x000055bb      0x403 ./SDK/platform/devices/S32K144/startup/system_S32K144.o
 .debug_line    0x000059be       0xc0 ./Project_Settings/Startup_Code/startup_S32K144.o

.debug_str      0x00000000    0x73a9e
 .debug_str     0x00000000    0x6d19d ./Sources/rtos.o
                              0x6d652 (size before relaxing)
 .debug_str     0x0006d19d       0x4e ./Sources/main.o
                              0x6b2ca (size before relaxing)
 .debug_str     0x0006d1eb      0x7fe ./Sources/gpio.o
                              0x6344c (size before relaxing)
 .debug_str     0x0006d9e9       0xd5 ./Sources/eeeprom.o
                              0x627de (size before relaxing)
 .debug_str     0x0006dabe      0x18d ./Sources/cluster.o
                              0x63073 (size before relaxing)
 .debug_str     0x0006dc4b       0xb2 ./Sources/clock.o
                              0x62793 (size before relaxing)
 .debug_str     0x0006dcfd     0x2dbe ./Sources/can.o
                              0x65945 (size before relaxing)
 .debug_str     0x00070abb      0x490 ./SDK/rtos/FreeRTOS_S32K/Source/portable/MemMang/heap_2.o
                               0x8f23 (size before relaxing)
 .debug_str     0x00070f4b      0x850 ./SDK/rtos/FreeRTOS_S32K/Source/portable/GCC/ARM_CM4F/port.o
                               0x718b (size before relaxing)
 .debug_str     0x0007179b      0x613 ./SDK/rtos/FreeRTOS_S32K/Source/timers.o
                               0xa4f0 (size before relaxing)
 .debug_str     0x00071dae     0x1363 ./SDK/rtos/FreeRTOS_S32K/Source/tasks.o
                               0xb505 (size before relaxing)
 .debug_str     0x00073111      0x634 ./SDK/rtos/FreeRTOS_S32K/Source/queue.o
                               0x9fb1 (size before relaxing)
 .debug_str     0x00073745       0x97 ./SDK/rtos/FreeRTOS_S32K/Source/list.o
                               0x86af (size before relaxing)
 .debug_str     0x000737dc      0x1d1 ./SDK/platform/devices/startup.o
                              0x67cb7 (size before relaxing)
 .debug_str     0x000739ad       0xf1 ./SDK/platform/devices/S32K144/startup/system_S32K144.o
                              0x67d91 (size before relaxing)

.comment        0x00000000       0x70
 .comment       0x00000000       0x70 ./Sources/rtos.o
                                 0x71 (size before relaxing)
 .comment       0x00000000       0x71 ./Sources/main.o
 .comment       0x00000000       0x71 ./Sources/gpio.o
 .comment       0x00000000       0x71 ./Sources/eeeprom.o
 .comment       0x00000000       0x71 ./Sources/cluster.o
 .comment       0x00000000       0x71 ./Sources/clock.o
 .comment       0x00000000       0x71 ./Sources/can.o
 .comment       0x00000000       0x71 ./SDK/rtos/FreeRTOS_S32K/Source/portable/MemMang/heap_2.o
 .comment       0x00000000       0x71 ./SDK/rtos/FreeRTOS_S32K/Source/portable/GCC/ARM_CM4F/port.o
 .comment       0x00000000       0x71 ./SDK/rtos/FreeRTOS_S32K/Source/timers.o
 .comment       0x00000000       0x71 ./SDK/rtos/FreeRTOS_S32K/Source/tasks.o
 .comment       0x00000000       0x71 ./SDK/rtos/FreeRTOS_S32K/Source/queue.o
 .comment       0x00000000       0x71 ./SDK/rtos/FreeRTOS_S32K/Source/list.o
 .comment       0x00000000       0x71 ./SDK/platform/devices/startup.o
 .comment       0x00000000       0x71 ./SDK/platform/devices/S32K144/startup/system_S32K144.o

.debug_frame    0x00000000      0xfc0
 .debug_frame   0x00000000      0x114 ./Sources/rtos.o
 .debug_frame   0x00000114       0x28 ./Sources/main.o
 .debug_frame   0x0000013c      0x15c ./Sources/gpio.o
 .debug_frame   0x00000298       0x4c ./Sources/eeeprom.o
 .debug_frame   0x000002e4       0x9c ./Sources/cluster.o
 .debug_frame   0x00000380       0x50 ./Sources/clock.o
 .debug_frame   0x000003d0       0x6c ./Sources/can.o
 .debug_frame   0x0000043c       0x70 ./SDK/rtos/FreeRTOS_S32K/Source/portable/MemMang/heap_2.o
 .debug_frame   0x000004ac       0xf0 ./SDK/rtos/FreeRTOS_S32K/Source/portable/GCC/ARM_CM4F/port.o
 .debug_frame   0x0000059c      0x1a4 ./SDK/rtos/FreeRTOS_S32K/Source/timers.o
 .debug_frame   0x00000740      0x484 ./SDK/rtos/FreeRTOS_S32K/Source/tasks.o
 .debug_frame   0x00000bc4      0x2b4 ./SDK/rtos/FreeRTOS_S32K/Source/queue.o
 .debug_frame   0x00000e78       0x6c ./SDK/rtos/FreeRTOS_S32K/Source/list.o
 .debug_frame   0x00000ee4       0x2c ./SDK/platform/devices/startup.o
 .debug_frame   0x00000f10       0x40 ./SDK/platform/devices/S32K144/startup/system_S32K144.o
 .debug_frame   0x00000f50       0x28 C:/NXP/S32DS_ARM_v2018.R1/Cross_Tools/gcc-arm-none-eabi-4_9/arm-none-eabi/newlib/lib/armv7e-m/fpu\libc_nano.a(lib_a-memcmp.o)
 .debug_frame   0x00000f78       0x28 C:/NXP/S32DS_ARM_v2018.R1/Cross_Tools/gcc-arm-none-eabi-4_9/arm-none-eabi/newlib/lib/armv7e-m/fpu\libc_nano.a(lib_a-memcpy.o)
 .debug_frame   0x00000fa0       0x20 C:/NXP/S32DS_ARM_v2018.R1/Cross_Tools/gcc-arm-none-eabi-4_9/arm-none-eabi/newlib/lib/armv7e-m/fpu\libc_nano.a(lib_a-memset.o)
