Archive member included because of file (symbol)

C:/NXP/S32DS_ARM_v2018.R1/Cross_Tools/gcc-arm-none-eabi-4_9/arm-none-eabi/newlib/lib/armv7e-m/fpu\libc_nano.a(lib_a-exit.o)
                              C:/NXP/S32DS_ARM_v2018.R1/Cross_Tools/gcc-arm-none-eabi-4_9/arm-none-eabi/newlib/lib/armv7e-m/fpu/crt0.o (exit)
C:/NXP/S32DS_ARM_v2018.R1/Cross_Tools/gcc-arm-none-eabi-4_9/arm-none-eabi/newlib/lib/armv7e-m/fpu\libc_nano.a(lib_a-impure.o)
                              C:/NXP/S32DS_ARM_v2018.R1/Cross_Tools/gcc-arm-none-eabi-4_9/arm-none-eabi/newlib/lib/armv7e-m/fpu\libc_nano.a(lib_a-exit.o) (_global_impure_ptr)
C:/NXP/S32DS_ARM_v2018.R1/Cross_Tools/gcc-arm-none-eabi-4_9/arm-none-eabi/newlib/lib/armv7e-m/fpu\libc_nano.a(lib_a-init.o)
                              C:/NXP/S32DS_ARM_v2018.R1/Cross_Tools/gcc-arm-none-eabi-4_9/arm-none-eabi/newlib/lib/armv7e-m/fpu/crt0.o (__libc_init_array)
C:/NXP/S32DS_ARM_v2018.R1/Cross_Tools/gcc-arm-none-eabi-4_9/arm-none-eabi/newlib/lib/armv7e-m/fpu\libc_nano.a(lib_a-memcmp.o)
                              ./SDK/rtos/FreeRTOS_S32K/Source/tasks.o (memcmp)
C:/NXP/S32DS_ARM_v2018.R1/Cross_Tools/gcc-arm-none-eabi-4_9/arm-none-eabi/newlib/lib/armv7e-m/fpu\libc_nano.a(lib_a-memcpy.o)
                              ./SDK/rtos/FreeRTOS_S32K/Source/queue.o (memcpy)
C:/NXP/S32DS_ARM_v2018.R1/Cross_Tools/gcc-arm-none-eabi-4_9/arm-none-eabi/newlib/lib/armv7e-m/fpu\libc_nano.a(lib_a-memset.o)
                              C:/NXP/S32DS_ARM_v2018.R1/Cross_Tools/gcc-arm-none-eabi-4_9/arm-none-eabi/newlib/lib/armv7e-m/fpu/crt0.o (memset)
C:/NXP/S32DS_ARM_v2018.R1/Cross_Tools/gcc-arm-none-eabi-4_9/arm-none-eabi/newlib/lib/armv7e-m/fpu\librdimon_nano.a(rdimon-_exit.o)
                              C:/NXP/S32DS_ARM_v2018.R1/Cross_Tools/gcc-arm-none-eabi-4_9/arm-none-eabi/newlib/lib/armv7e-m/fpu\libc_nano.a(lib_a-exit.o) (_exit)
C:/NXP/S32DS_ARM_v2018.R1/Cross_Tools/gcc-arm-none-eabi-4_9/arm-none-eabi/newlib/lib/armv7e-m/fpu\librdimon_nano.a(rdimon-_kill.o)
                              C:/NXP/S32DS_ARM_v2018.R1/Cross_Tools/gcc-arm-none-eabi-4_9/arm-none-eabi/newlib/lib/armv7e-m/fpu\librdimon_nano.a(rdimon-_exit.o) (_kill)

Allocating common symbols
Common symbol       size              file

g_xtal0ClkFreq      0x4               ./SDK/platform/drivers/src/clock/S32K1xx/clock_S32K1xx.o
xQueueRegistry      0x40              ./SDK/rtos/FreeRTOS_S32K/Source/queue.o
g_RtcClkInFreq      0x4               ./SDK/platform/drivers/src/clock/S32K1xx/clock_S32K1xx.o
g_TClkFreq          0xc               ./SDK/platform/drivers/src/clock/S32K1xx/clock_S32K1xx.o

Discarded input sections

 .text          0x00000000        0x0 c:/nxp/s32ds_arm_v2018.r1/cross_tools/gcc-arm-none-eabi-4_9/bin/../lib/gcc/arm-none-eabi/4.9.3/armv7e-m/fpu/crti.o
 .data          0x00000000        0x0 c:/nxp/s32ds_arm_v2018.r1/cross_tools/gcc-arm-none-eabi-4_9/bin/../lib/gcc/arm-none-eabi/4.9.3/armv7e-m/fpu/crti.o
 .bss           0x00000000        0x0 c:/nxp/s32ds_arm_v2018.r1/cross_tools/gcc-arm-none-eabi-4_9/bin/../lib/gcc/arm-none-eabi/4.9.3/armv7e-m/fpu/crti.o
 .data          0x00000000        0x4 c:/nxp/s32ds_arm_v2018.r1/cross_tools/gcc-arm-none-eabi-4_9/bin/../lib/gcc/arm-none-eabi/4.9.3/armv7e-m/fpu/crtbegin.o
 .text          0x00000000       0x74 C:/NXP/S32DS_ARM_v2018.R1/Cross_Tools/gcc-arm-none-eabi-4_9/arm-none-eabi/newlib/lib/armv7e-m/fpu/crt0.o
 .data          0x00000000        0x0 C:/NXP/S32DS_ARM_v2018.R1/Cross_Tools/gcc-arm-none-eabi-4_9/arm-none-eabi/newlib/lib/armv7e-m/fpu/crt0.o
 .bss           0x00000000        0x0 C:/NXP/S32DS_ARM_v2018.R1/Cross_Tools/gcc-arm-none-eabi-4_9/arm-none-eabi/newlib/lib/armv7e-m/fpu/crt0.o
 .ARM.extab     0x00000000        0x0 C:/NXP/S32DS_ARM_v2018.R1/Cross_Tools/gcc-arm-none-eabi-4_9/arm-none-eabi/newlib/lib/armv7e-m/fpu/crt0.o
 .ARM.exidx     0x00000000        0x8 C:/NXP/S32DS_ARM_v2018.R1/Cross_Tools/gcc-arm-none-eabi-4_9/arm-none-eabi/newlib/lib/armv7e-m/fpu/crt0.o
 .ARM.attributes
                0x00000000       0x20 C:/NXP/S32DS_ARM_v2018.R1/Cross_Tools/gcc-arm-none-eabi-4_9/arm-none-eabi/newlib/lib/armv7e-m/fpu/crt0.o
 .group         0x00000000        0x8 ./Sources/rtos.o
 .group         0x00000000        0x8 ./Sources/rtos.o
 .group         0x00000000        0x8 ./Sources/rtos.o
 .group         0x00000000        0x8 ./Sources/rtos.o
 .group         0x00000000        0x8 ./Sources/rtos.o
 .group         0x00000000        0x8 ./Sources/rtos.o
 .group         0x00000000        0x8 ./Sources/rtos.o
 .group         0x00000000        0x8 ./Sources/rtos.o
 .group         0x00000000        0x8 ./Sources/rtos.o
 .group         0x00000000        0x8 ./Sources/rtos.o
 .group         0x00000000        0x8 ./Sources/rtos.o
 .group         0x00000000        0x8 ./Sources/rtos.o
 .group         0x00000000        0x8 ./Sources/rtos.o
 .group         0x00000000        0x8 ./Sources/rtos.o
[...]
Memory Configuration

Name             Origin             Length             Attributes
m_interrupts     0x1fff8000         0x00000400         xr
m_text           0x1fff8400         0x00007c00         xr
m_data           0x20000000         0x00007000         rw
*default*        0x00000000         0xffffffff

Linker script and memory map

LOAD c:/nxp/s32ds_arm_v2018.r1/cross_tools/gcc-arm-none-eabi-4_9/bin/../lib/gcc/arm-none-eabi/4.9.3/armv7e-m/fpu/crti.o
LOAD c:/nxp/s32ds_arm_v2018.r1/cross_tools/gcc-arm-none-eabi-4_9/bin/../lib/gcc/arm-none-eabi/4.9.3/armv7e-m/fpu/crtbegin.o
LOAD C:/NXP/S32DS_ARM_v2018.R1/Cross_Tools/gcc-arm-none-eabi-4_9/arm-none-eabi/newlib/lib/armv7e-m/fpu/crt0.o
LOAD ./Sources/rtos.o
LOAD ./Sources/main.o
LOAD ./SDK/rtos/FreeRTOS_S32K/Source/portable/MemMang/heap_2.o
LOAD ./SDK/rtos/FreeRTOS_S32K/Source/portable/GCC/ARM_CM4F/port.o
LOAD ./SDK/rtos/FreeRTOS_S32K/Source/timers.o
LOAD ./SDK/rtos/FreeRTOS_S32K/Source/tasks.o
LOAD ./SDK/rtos/FreeRTOS_S32K/Source/queue.o
LOAD ./SDK/rtos/FreeRTOS_S32K/Source/list.o
LOAD ./SDK/rtos/FreeRTOS_S32K/Source/event_groups.o
LOAD ./SDK/rtos/FreeRTOS_S32K/Source/croutine.o
LOAD ./SDK/platform/drivers/src/pins/pins_port_hw_access.o
LOAD ./SDK/platform/drivers/src/pins/pins_driver.o
LOAD ./SDK/platform/drivers/src/interrupt/interrupt_manager.o
LOAD ./SDK/platform/drivers/src/clock/clock_manager.o
LOAD ./SDK/platform/drivers/src/clock/S32K1xx/clock_S32K1xx.o
LOAD ./SDK/platform/devices/startup.o
LOAD ./SDK/platform/devices/S32K144/startup/system_S32K144.o
LOAD ./Project_Settings/Startup_Code/startup_S32K144.o
LOAD ./Generated_Code/pin_mux.o
LOAD ./Generated_Code/clockMan1.o
LOAD ./Generated_Code/Cpu.o
LOAD C:/NXP/S32DS_ARM_v2018.R1/Cross_Tools/gcc-arm-none-eabi-4_9/arm-none-eabi/newlib/lib/armv7e-m/fpu\libc_nano.a
LOAD c:/nxp/s32ds_arm_v2018.r1/cross_tools/gcc-arm-none-eabi-4_9/bin/../lib/gcc/arm-none-eabi/4.9.3/armv7e-m/fpu\libgcc.a
LOAD C:/NXP/S32DS_ARM_v2018.R1/Cross_Tools/gcc-arm-none-eabi-4_9/arm-none-eabi/newlib/lib/armv7e-m/fpu\libm.a
LOAD C:/NXP/S32DS_ARM_v2018.R1/Cross_Tools/gcc-arm-none-eabi-4_9/arm-none-eabi/newlib/lib/armv7e-m/fpu\librdimon_nano.a
START GROUP
LOAD c:/nxp/s32ds_arm_v2018.r1/cross_tools/gcc-arm-none-eabi-4_9/bin/../lib/gcc/arm-none-eabi/4.9.3/armv7e-m/fpu\libgcc.a
LOAD C:/NXP/S32DS_ARM_v2018.R1/Cross_Tools/gcc-arm-none-eabi-4_9/arm-none-eabi/newlib/lib/armv7e-m/fpu\libc_nano.a
END GROUP
START GROUP
LOAD c:/nxp/s32ds_arm_v2018.r1/cross_tools/gcc-arm-none-eabi-4_9/bin/../lib/gcc/arm-none-eabi/4.9.3/armv7e-m/fpu\libgcc.a
LOAD C:/NXP/S32DS_ARM_v2018.R1/Cross_Tools/gcc-arm-none-eabi-4_9/arm-none-eabi/newlib/lib/armv7e-m/fpu\libc_nano.a
LOAD C:/NXP/S32DS_ARM_v2018.R1/Cross_Tools/gcc-arm-none-eabi-4_9/arm-none-eabi/newlib/lib/armv7e-m/fpu\libnosys.a
END GROUP
START GROUP
LOAD c:/nxp/s32ds_arm_v2018.r1/cross_tools/gcc-arm-none-eabi-4_9/bin/../lib/gcc/arm-none-eabi/4.9.3/armv7e-m/fpu\libgcc.a
LOAD C:/NXP/S32DS_ARM_v2018.R1/Cross_Tools/gcc-arm-none-eabi-4_9/arm-none-eabi/newlib/lib/armv7e-m/fpu\libc_nano.a
LOAD C:/NXP/S32DS_ARM_v2018.R1/Cross_Tools/gcc-arm-none-eabi-4_9/arm-none-eabi/newlib/lib/armv7e-m/fpu\libnosys.a
END GROUP
LOAD c:/nxp/s32ds_arm_v2018.r1/cross_tools/gcc-arm-none-eabi-4_9/bin/../lib/gcc/arm-none-eabi/4.9.3/armv7e-m/fpu/crtend.o
LOAD c:/nxp/s32ds_arm_v2018.r1/cross_tools/gcc-arm-none-eabi-4_9/bin/../lib/gcc/arm-none-eabi/4.9.3/armv7e-m/fpu/crtn.o
                0x00000400                HEAP_SIZE = DEFINED (__heap_size__)?__heap_size__:0x400
                0x00000400                STACK_SIZE = DEFINED (__stack_size__)?__stack_size__:0x400

.interrupts     0x1fff8000      0x400
                0x1fff8000                __VECTOR_TABLE = .
                0x1fff8000                . = ALIGN (0x4)
 *(.isr_vector)
 .isr_vector    0x1fff8000      0x400 ./Project_Settings/Startup_Code/startup_S32K144.o
                0x1fff8000                __isr_vector
                0x1fff8400                . = ALIGN (0x4)
                0x1fff8000                __VECTOR_RAM = __VECTOR_TABLE
                0x00000000                __RAM_VECTOR_TABLE_SIZE = 0x0

.text           0x1fff8400     0x2d28
                0x1fff8400                . = ALIGN (0x4)
 *(.text)
 .text          0x1fff8400       0x5c c:/nxp/s32ds_arm_v2018.r1/cross_tools/gcc-arm-none-eabi-4_9/bin/../lib/gcc/arm-none-eabi/4.9.3/armv7e-m/fpu/crtbegin.o
 .text          0x1fff845c       0x44 ./Project_Settings/Startup_Code/startup_S32K144.o
                0x1fff845c                Reset_Handler
                0x1fff849c                DebugMon_Handler
                0x1fff849c                Reserved88_IRQHandler
                0x1fff849c                CAN0_ORed_IRQHandler
                0x1fff849c                HardFault_Handler
                0x1fff849c                Reserved86_IRQHandler
                0x1fff849c                Reserved103_IRQHandler
                0x1fff849c                FTM2_Ovf_Reload_IRQHandler
                0x1fff849c                Reserved50_IRQHandler
                0x1fff849c                FTFC_Fault_IRQHandler
                0x1fff849c                FTM0_Ch6_Ch7_IRQHandler
                0x1fff849c                Reserved114_IRQHandler
                0x1fff849c                NMI_Handler
                0x1fff849c                Reserved89_IRQHandler
                0x1fff849c                ERM_double_fault_IRQHandler
                0x1fff849c                DMA2_IRQHandler
                0x1fff849c                Reserved59_IRQHandler
                0x1fff849c                LPIT0_Ch0_IRQHandler
                0x1fff849c                Reserved99_IRQHandler
                0x1fff849c                FTM3_Ch6_Ch7_IRQHandler
                0x1fff849c                CAN2_ORed_0_15_MB_IRQHandler
                0x1fff849c                LPIT0_Ch3_IRQHandler
                0x1fff849c                Reserved92_IRQHandler
                0x1fff849c                FTM0_Ch4_Ch5_IRQHandler
                0x1fff849c                CAN1_Error_IRQHandler
                0x1fff849c                FTM3_Ch0_Ch1_IRQHandler
                0x1fff849c                SWI_IRQHandler
                0x1fff849c                ADC0_IRQHandler
                0x1fff849c                FTM2_Ch4_Ch5_IRQHandler
                0x1fff849c                UsageFault_Handler
                0x1fff849c                FTM0_Ovf_Reload_IRQHandler
                0x1fff849c                DefaultISR
                0x1fff849c                DMA9_IRQHandler
                0x1fff849c                Reserved58_IRQHandler
                0x1fff849c                CAN1_ORed_0_15_MB_IRQHandler
                0x1fff849c                FTM1_Ch2_Ch3_IRQHandler
                0x1fff849c                DMA14_IRQHandler
                0x1fff849c                Reserved82_IRQHandler
                0x1fff849c                CAN0_ORed_16_31_MB_IRQHandler
                0x1fff849c                LPI2C0_Slave_IRQHandler
                0x1fff849c                Reserved71_IRQHandler
                0x1fff849c                PORTD_IRQHandler
                0x1fff849c                Reserved69_IRQHandler
                0x1fff849c                PORTB_IRQHandler
                0x1fff849c                Reserved70_IRQHandler
                0x1fff849c                ADC1_IRQHandler
                0x1fff849c                FTM2_Ch2_Ch3_IRQHandler
                0x1fff849c                Reserved53_IRQHandler
                0x1fff849c                DMA5_IRQHandler
                0x1fff849c                RTC_IRQHandler
                0x1fff849c                PDB0_IRQHandler
                0x1fff849c                Reserved54_IRQHandler
                0x1fff849c                FTM2_Ch6_Ch7_IRQHandler
                0x1fff849c                FTM3_Ch2_Ch3_IRQHandler
                0x1fff849c                FTM2_Ch0_Ch1_IRQHandler
                0x1fff849c                LPSPI1_IRQHandler
                0x1fff849c                LPUART1_RxTx_IRQHandler
                0x1fff849c                RTC_Seconds_IRQHandler
                0x1fff849c                CAN2_ORed_IRQHandler
                0x1fff849c                Reserved72_IRQHandler
                0x1fff849c                Reserved110_IRQHandler
                0x1fff849c                DMA11_IRQHandler
                0x1fff849c                Reserved107_IRQHandler
                0x1fff849c                Read_Collision_IRQHandler
                0x1fff849c                CAN2_Error_IRQHandler
                0x1fff849c                FTFC_IRQHandler
                0x1fff849c                DMA7_IRQHandler
                0x1fff849c                FTM1_Ch6_Ch7_IRQHandler
                0x1fff849c                Reserved105_IRQHandler
                0x1fff849c                LPIT0_Ch1_IRQHandler
                0x1fff849c                FTM1_Ch4_Ch5_IRQHandler
                0x1fff849c                FTM3_Ovf_Reload_IRQHandler
                0x1fff849c                LPUART2_RxTx_IRQHandler
                0x1fff849c                LPSPI0_IRQHandler
                0x1fff849c                WDOG_EWM_IRQHandler
                0x1fff849c                MemManage_Handler
                0x1fff849c                Reserved90_IRQHandler
                0x1fff849c                Reserved83_IRQHandler
                0x1fff849c                FTM0_Fault_IRQHandler
                0x1fff849c                Reserved48_IRQHandler
                0x1fff849c                ERM_single_fault_IRQHandler
                0x1fff849c                FTM2_Fault_IRQHandler
                0x1fff849c                FTM0_Ch2_Ch3_IRQHandler
                0x1fff849c                DMA13_IRQHandler
                0x1fff849c                FTM0_Ch0_Ch1_IRQHandler
                0x1fff849c                FTM3_Fault_IRQHandler
                0x1fff849c                RCM_IRQHandler
                0x1fff849c                DMA3_IRQHandler
                0x1fff849c                Reserved100_IRQHandler
                0x1fff849c                DMA0_IRQHandler
                0x1fff849c                Reserved91_IRQHandler
                0x1fff849c                CAN1_ORed_IRQHandler
                0x1fff849c                DMA15_IRQHandler
                0x1fff849c                SCG_IRQHandler
                0x1fff849c                PDB1_IRQHandler
                0x1fff849c                Reserved81_IRQHandler
                0x1fff849c                Reserved46_IRQHandler
                0x1fff849c                Reserved45_IRQHandler
                0x1fff849c                CAN0_Error_IRQHandler
                0x1fff849c                Reserved112_IRQHandler
                0x1fff849c                LPI2C0_Master_IRQHandler
                0x1fff849c                DMA4_IRQHandler
                0x1fff849c                FTM1_Fault_IRQHandler
                0x1fff849c                Reserved106_IRQHandler
                0x1fff849c                DMA_Error_IRQHandler
                0x1fff849c                LVD_LVW_IRQHandler
                0x1fff849c                LPIT0_Ch2_IRQHandler
                0x1fff849c                PORTA_IRQHandler
                0x1fff849c                MCM_IRQHandler
                0x1fff849c                LPSPI2_IRQHandler
                0x1fff849c                DMA12_IRQHandler
                0x1fff849c                FTM3_Ch4_Ch5_IRQHandler
                0x1fff849c                CAN0_ORed_0_15_MB_IRQHandler
                0x1fff849c                PORTE_IRQHandler
                0x1fff849c                LPUART0_RxTx_IRQHandler
                0x1fff849c                LPTMR0_IRQHandler
                0x1fff849c                BusFault_Handler
                0x1fff849c                Reserved87_IRQHandler
                0x1fff849c                FTM1_Ovf_Reload_IRQHandler
                0x1fff849c                DMA8_IRQHandler
                0x1fff849c                Reserved93_IRQHandler
                0x1fff849c                DMA10_IRQHandler
                0x1fff849c                CAN0_Wake_Up_IRQHandler
                0x1fff849c                CMP0_IRQHandler
                0x1fff849c                Reserved52_IRQHandler
                0x1fff849c                PORTC_IRQHandler
                0x1fff849c                DMA6_IRQHandler
                0x1fff849c                FTM1_Ch0_Ch1_IRQHandler
                0x1fff849c                FLEXIO_IRQHandler
                0x1fff849c                DMA1_IRQHandler
                0x1fff849c                Reserved113_IRQHandler
 *(.text*)
 .text.tnkTask  0x1fff84a0       0x28 ./Sources/rtos.o
 .text.vPort_C_ISRHandler
                0x1fff84c8       0x54 ./Sources/rtos.o
                0x1fff84c8                vPort_C_ISRHandler
 .text.boardSetup
                0x1fff851c       0x40 ./Sources/rtos.o
                0x1fff851c                boardSetup
 .text.rtos_start
                0x1fff855c       0xa4 ./Sources/rtos.o
                0x1fff855c                rtos_start
 .text.vApplicationMallocFailedHook
                0x1fff8600       0x14 ./Sources/rtos.o
                0x1fff8600                vApplicationMallocFailedHook
 .text.vApplicationStackOverflowHook
                0x1fff8614       0x14 ./Sources/rtos.o
                0x1fff8614                vApplicationStackOverflowHook
 .text.vApplicationIdleHook
                0x1fff8628       0x14 ./Sources/rtos.o
                0x1fff8628                vApplicationIdleHook
 .text.vApplicationTickHook
                0x1fff863c        0x4 ./Sources/rtos.o
                0x1fff863c                vApplicationTickHook
 .text.main     0x1fff8640       0x18 ./Sources/main.o
                0x1fff8640                main
 .text.pvPortMalloc
                0x1fff8658       0xd0 ./SDK/rtos/FreeRTOS_S32K/Source/portable/MemMang/heap_2.o
                0x1fff8658                pvPortMalloc
 .text.vPortFree
                0x1fff8728       0x44 ./SDK/rtos/FreeRTOS_S32K/Source/portable/MemMang/heap_2.o
                0x1fff8728                vPortFree
 .text.xPortGetFreeHeapSize
                0x1fff876c        0xc ./SDK/rtos/FreeRTOS_S32K/Source/portable/MemMang/heap_2.o
                0x1fff876c                xPortGetFreeHeapSize
 .text.prvTaskExitError
                0x1fff8778       0x34 ./SDK/rtos/FreeRTOS_S32K/Source/portable/GCC/ARM_CM4F/port.o
 .text.prvPortStartFirstTask
                0x1fff87ac       0x20 ./SDK/rtos/FreeRTOS_S32K/Source/portable/GCC/ARM_CM4F/port.o
 .text.vPortEnableVFP
                0x1fff87cc       0x14 ./SDK/rtos/FreeRTOS_S32K/Source/portable/GCC/ARM_CM4F/port.o
 .text.pxPortInitialiseStack
                0x1fff87e0       0x28 ./SDK/rtos/FreeRTOS_S32K/Source/portable/GCC/ARM_CM4F/port.o
                0x1fff87e0                pxPortInitialiseStack
 .text.SVC_Handler
                0x1fff8808       0x20 ./SDK/rtos/FreeRTOS_S32K/Source/portable/GCC/ARM_CM4F/port.o
                0x1fff8808                SVC_Handler
 .text.vPortEnterCritical
                0x1fff8828       0x44 ./SDK/rtos/FreeRTOS_S32K/Source/portable/GCC/ARM_CM4F/port.o
                0x1fff8828                vPortEnterCritical
 .text.vPortExitCritical
                0x1fff886c       0x2c ./SDK/rtos/FreeRTOS_S32K/Source/portable/GCC/ARM_CM4F/port.o
                0x1fff886c                vPortExitCritical
 .text.PendSV_Handler
                0x1fff8898       0x60 ./SDK/rtos/FreeRTOS_S32K/Source/portable/GCC/ARM_CM4F/port.o
                0x1fff8898                PendSV_Handler
 .text.SysTick_Handler
                0x1fff88f8       0x30 ./SDK/rtos/FreeRTOS_S32K/Source/portable/GCC/ARM_CM4F/port.o
                0x1fff88f8                SysTick_Handler
 .text.vPortSetupTimerInterrupt
                0x1fff8928       0x14 ./SDK/rtos/FreeRTOS_S32K/Source/portable/GCC/ARM_CM4F/port.o
                0x1fff8928                vPortSetupTimerInterrupt
 .text.xPortStartScheduler
                0x1fff893c       0xf8 ./SDK/rtos/FreeRTOS_S32K/Source/portable/GCC/ARM_CM4F/port.o
                0x1fff893c                xPortStartScheduler
 .text.vPortValidateInterruptPriority
                0x1fff8a34       0x5c ./SDK/rtos/FreeRTOS_S32K/Source/portable/GCC/ARM_CM4F/port.o
                0x1fff8a34                vPortValidateInterruptPriority
 .text.prvInsertTimerInActiveList
                0x1fff8a90       0x48 ./SDK/rtos/FreeRTOS_S32K/Source/timers.o
 .text.prvCheckForValidListAndQueue
                0x1fff8ad8       0x6c ./SDK/rtos/FreeRTOS_S32K/Source/timers.o
 .text.xTimerCreateTimerTask
                0x1fff8b44       0x4c ./SDK/rtos/FreeRTOS_S32K/Source/timers.o
                0x1fff8b44                xTimerCreateTimerTask
 .text.xTimerGenericCommand
                0x1fff8b90       0x48 ./SDK/rtos/FreeRTOS_S32K/Source/timers.o
                0x1fff8b90                xTimerGenericCommand
 .text.prvSampleTimeNow
                0x1fff8bd8       0xac ./SDK/rtos/FreeRTOS_S32K/Source/timers.o
 .text.prvTimerTask
                0x1fff8c84      0x1a8 ./SDK/rtos/FreeRTOS_S32K/Source/timers.o
 .text.prvResetNextTaskUnblockTime
                0x1fff8e2c       0x2c ./SDK/rtos/FreeRTOS_S32K/Source/tasks.o
 .text.prvAddCurrentTaskToDelayedList
                0x1fff8e58       0x54 ./SDK/rtos/FreeRTOS_S32K/Source/tasks.o
 .text.xTaskGenericCreate
                0x1fff8eac      0x200 ./SDK/rtos/FreeRTOS_S32K/Source/tasks.o
                0x1fff8eac                xTaskGenericCreate
 .text.vTaskStartScheduler
                0x1fff90ac       0x7c ./SDK/rtos/FreeRTOS_S32K/Source/tasks.o
                0x1fff90ac                vTaskStartScheduler
 .text.vTaskSuspendAll
                0x1fff9128       0x10 ./SDK/rtos/FreeRTOS_S32K/Source/tasks.o
                0x1fff9128                vTaskSuspendAll
 .text.xTaskGetTickCount
                0x1fff9138        0xc ./SDK/rtos/FreeRTOS_S32K/Source/tasks.o
                0x1fff9138                xTaskGetTickCount
 .text.xTaskGetTickCountFromISR
                0x1fff9144       0x10 ./SDK/rtos/FreeRTOS_S32K/Source/tasks.o
                0x1fff9144                xTaskGetTickCountFromISR
 .text.xTaskIncrementTick
                0x1fff9154      0x134 ./SDK/rtos/FreeRTOS_S32K/Source/tasks.o
                0x1fff9154                xTaskIncrementTick
 .text.xTaskResumeAll
                0x1fff9288      0x104 ./SDK/rtos/FreeRTOS_S32K/Source/tasks.o
                0x1fff9288                xTaskResumeAll
 .text.vTaskDelayUntil
                0x1fff938c       0xc8 ./SDK/rtos/FreeRTOS_S32K/Source/tasks.o
                0x1fff938c                vTaskDelayUntil
 .text.prvIdleTask
                0x1fff9454       0x7c ./SDK/rtos/FreeRTOS_S32K/Source/tasks.o
 .text.vTaskSwitchContext
                0x1fff94d0       0xcc ./SDK/rtos/FreeRTOS_S32K/Source/tasks.o
                0x1fff94d0                vTaskSwitchContext
 .text.vTaskPlaceOnEventList
                0x1fff959c       0x70 ./SDK/rtos/FreeRTOS_S32K/Source/tasks.o
                0x1fff959c                vTaskPlaceOnEventList
 .text.vTaskPlaceOnEventListRestricted
                0x1fff960c       0x70 ./SDK/rtos/FreeRTOS_S32K/Source/tasks.o
                0x1fff960c                vTaskPlaceOnEventListRestricted
 .text.xTaskRemoveFromEventList
                0x1fff967c       0x88 ./SDK/rtos/FreeRTOS_S32K/Source/tasks.o
                0x1fff967c                xTaskRemoveFromEventList
 .text.vTaskSetTimeOutState
                0x1fff9704       0x2c ./SDK/rtos/FreeRTOS_S32K/Source/tasks.o
                0x1fff9704                vTaskSetTimeOutState
 .text.xTaskCheckForTimeOut
                0x1fff9730       0x80 ./SDK/rtos/FreeRTOS_S32K/Source/tasks.o
                0x1fff9730                xTaskCheckForTimeOut
 .text.vTaskMissedYield
                0x1fff97b0        0xc ./SDK/rtos/FreeRTOS_S32K/Source/tasks.o
                0x1fff97b0                vTaskMissedYield
 .text.xTaskGetSchedulerState
                0x1fff97bc       0x20 ./SDK/rtos/FreeRTOS_S32K/Source/tasks.o
                0x1fff97bc                xTaskGetSchedulerState
 .text.vTaskPriorityInherit
                0x1fff97dc       0xa0 ./SDK/rtos/FreeRTOS_S32K/Source/tasks.o
                0x1fff97dc                vTaskPriorityInherit
 .text.xTaskPriorityDisinherit
                0x1fff987c       0xb4 ./SDK/rtos/FreeRTOS_S32K/Source/tasks.o
                0x1fff987c                xTaskPriorityDisinherit
 .text.pvTaskIncrementMutexHeldCount
                0x1fff9930       0x1c ./SDK/rtos/FreeRTOS_S32K/Source/tasks.o
                0x1fff9930                pvTaskIncrementMutexHeldCount
 .text.prvCopyDataToQueue
                0x1fff994c       0x7c ./SDK/rtos/FreeRTOS_S32K/Source/queue.o
 .text.prvCopyDataFromQueue
                0x1fff99c8       0x24 ./SDK/rtos/FreeRTOS_S32K/Source/queue.o
 .text.prvUnlockQueue
                0x1fff99ec       0x80 ./SDK/rtos/FreeRTOS_S32K/Source/queue.o
 .text.xQueueGenericReset
                0x1fff9a6c       0x80 ./SDK/rtos/FreeRTOS_S32K/Source/queue.o
                0x1fff9a6c                xQueueGenericReset
 .text.xQueueGenericCreate
                0x1fff9aec       0x68 ./SDK/rtos/FreeRTOS_S32K/Source/queue.o
                0x1fff9aec                xQueueGenericCreate
 .text.xQueueGenericSend
                0x1fff9b54      0x180 ./SDK/rtos/FreeRTOS_S32K/Source/queue.o
                0x1fff9b54                xQueueGenericSend
 .text.xQueueGenericSendFromISR
                0x1fff9cd4       0xc8 ./SDK/rtos/FreeRTOS_S32K/Source/queue.o
                0x1fff9cd4                xQueueGenericSendFromISR
 .text.xQueueGenericReceive
                0x1fff9d9c      0x184 ./SDK/rtos/FreeRTOS_S32K/Source/queue.o
                0x1fff9d9c                xQueueGenericReceive
 .text.vQueueAddToRegistry
                0x1fff9f20       0x34 ./SDK/rtos/FreeRTOS_S32K/Source/queue.o
                0x1fff9f20                vQueueAddToRegistry
 .text.vQueueWaitForMessageRestricted
                0x1fff9f54       0x40 ./SDK/rtos/FreeRTOS_S32K/Source/queue.o
                0x1fff9f54                vQueueWaitForMessageRestricted
 .text.vListInitialise
                0x1fff9f94       0x18 ./SDK/rtos/FreeRTOS_S32K/Source/list.o
                0x1fff9f94                vListInitialise
 .text.vListInitialiseItem
                0x1fff9fac        0x8 ./SDK/rtos/FreeRTOS_S32K/Source/list.o
                0x1fff9fac                vListInitialiseItem
 .text.vListInsertEnd
                0x1fff9fb4       0x18 ./SDK/rtos/FreeRTOS_S32K/Source/list.o
                0x1fff9fb4                vListInsertEnd
 .text.vListInsert
                0x1fff9fcc       0x34 ./SDK/rtos/FreeRTOS_S32K/Source/list.o
                0x1fff9fcc                vListInsert
 .text.uxListRemove
                0x1fffa000       0x24 ./SDK/rtos/FreeRTOS_S32K/Source/list.o
                0x1fffa000                uxListRemove
 .text.PINS_DRV_SetMuxModeSel
                0x1fffa024       0x20 ./SDK/platform/drivers/src/pins/pins_driver.o
                0x1fffa024                PINS_DRV_SetMuxModeSel
 .text.PINS_DRV_SetPinIntSel
                0x1fffa044       0x20 ./SDK/platform/drivers/src/pins/pins_driver.o
                0x1fffa044                PINS_DRV_SetPinIntSel
 .text.PINS_DRV_ClearPortIntFlagCmd
                0x1fffa064        0xc ./SDK/platform/drivers/src/pins/pins_driver.o
                0x1fffa064                PINS_DRV_ClearPortIntFlagCmd
 .text.PINS_DRV_SetPinsDirection
                0x1fffa070        0x4 ./SDK/platform/drivers/src/pins/pins_driver.o
                0x1fffa070                PINS_DRV_SetPinsDirection
 .text.PINS_DRV_SetPins
                0x1fffa074        0x4 ./SDK/platform/drivers/src/pins/pins_driver.o
                0x1fffa074                PINS_DRV_SetPins
 .text.PINS_DRV_ClearPins
                0x1fffa078        0x4 ./SDK/platform/drivers/src/pins/pins_driver.o
                0x1fffa078                PINS_DRV_ClearPins
 .text.INT_SYS_InstallHandler
                0x1fffa07c       0x48 ./SDK/platform/drivers/src/interrupt/interrupt_manager.o
                0x1fffa07c                INT_SYS_InstallHandler
 .text.INT_SYS_EnableIRQ
                0x1fffa0c4       0x2c ./SDK/platform/drivers/src/interrupt/interrupt_manager.o
                0x1fffa0c4                INT_SYS_EnableIRQ
 .text.INT_SYS_EnableIRQGlobal
                0x1fffa0f0       0x1c ./SDK/platform/drivers/src/interrupt/interrupt_manager.o
                0x1fffa0f0                INT_SYS_EnableIRQGlobal
 .text.INT_SYS_DisableIRQGlobal
                0x1fffa10c       0x10 ./SDK/platform/drivers/src/interrupt/interrupt_manager.o
                0x1fffa10c                INT_SYS_DisableIRQGlobal
 .text.INT_SYS_SetPriority
                0x1fffa11c       0x6c ./SDK/platform/drivers/src/interrupt/interrupt_manager.o
                0x1fffa11c                INT_SYS_SetPriority
 .text.CLOCK_SYS_Init
                0x1fffa188       0x28 ./SDK/platform/drivers/src/clock/clock_manager.o
                0x1fffa188                CLOCK_SYS_Init
 .text.CLOCK_SYS_UpdateConfiguration
                0x1fffa1b0      0x104 ./SDK/platform/drivers/src/clock/clock_manager.o
                0x1fffa1b0                CLOCK_SYS_UpdateConfiguration
 .text.CLOCK_SYS_GetCurrentRunMode
                0x1fffa2b4       0x24 ./SDK/platform/drivers/src/clock/S32K1xx/clock_S32K1xx.o
 .text.CLOCK_SYS_GetSysOscFreq
                0x1fffa2d8       0x1c ./SDK/platform/drivers/src/clock/S32K1xx/clock_S32K1xx.o
 .text.CLOCK_SYS_ConfigureSOSC
                0x1fffa2f4      0x12c ./SDK/platform/drivers/src/clock/S32K1xx/clock_S32K1xx.o
 .text.CLOCK_SYS_GetSircFreq
                0x1fffa420       0x34 ./SDK/platform/drivers/src/clock/S32K1xx/clock_S32K1xx.o
 .text.CLOCK_SYS_ConfigureSIRC
                0x1fffa454       0xc0 ./SDK/platform/drivers/src/clock/S32K1xx/clock_S32K1xx.o
 .text.CLOCK_SYS_GetFircFreq
                0x1fffa514       0x2c ./SDK/platform/drivers/src/clock/S32K1xx/clock_S32K1xx.o
 .text.CLOCK_SYS_ConfigureFIRC
                0x1fffa540       0xb8 ./SDK/platform/drivers/src/clock/S32K1xx/clock_S32K1xx.o
 .text.CLOCK_SYS_GetSysPllFreq
                0x1fffa5f8       0x44 ./SDK/platform/drivers/src/clock/S32K1xx/clock_S32K1xx.o
 .text.CLOCK_SYS_ConfigureSPLL
                0x1fffa63c      0x130 ./SDK/platform/drivers/src/clock/S32K1xx/clock_S32K1xx.o
 .text.CLOCK_SYS_SetSystemClockConfig
                0x1fffa76c      0x178 ./SDK/platform/drivers/src/clock/S32K1xx/clock_S32K1xx.o
 .text.CLOCK_SYS_TransitionSystemClock
                0x1fffa8e4       0x54 ./SDK/platform/drivers/src/clock/S32K1xx/clock_S32K1xx.o
 .text.CLOCK_SYS_SetConfiguration
                0x1fffa938      0x5a0 ./SDK/platform/drivers/src/clock/S32K1xx/clock_S32K1xx.o
                0x1fffa938                CLOCK_SYS_SetConfiguration
 .text.init_data_bss
                0x1fffaed8       0xb0 ./SDK/platform/devices/startup.o
                0x1fffaed8                init_data_bss
 .text.SystemInit
                0x1fffaf88       0x3c ./SDK/platform/devices/S32K144/startup/system_S32K144.o
                0x1fffaf88                SystemInit
 .text.memcmp   0x1fffafc4       0x20 C:/NXP/S32DS_ARM_v2018.R1/Cross_Tools/gcc-arm-none-eabi-4_9/arm-none-eabi/newlib/lib/armv7e-m/fpu\libc_nano.a(lib_a-memcmp.o)
                0x1fffafc4                memcmp
 .text.memcpy   0x1fffafe4       0x16 C:/NXP/S32DS_ARM_v2018.R1/Cross_Tools/gcc-arm-none-eabi-4_9/arm-none-eabi/newlib/lib/armv7e-m/fpu\libc_nano.a(lib_a-memcpy.o)
                0x1fffafe4                memcpy
 .text.memset   0x1fffaffa       0x10 C:/NXP/S32DS_ARM_v2018.R1/Cross_Tools/gcc-arm-none-eabi-4_9/arm-none-eabi/newlib/lib/armv7e-m/fpu\libc_nano.a(lib_a-memset.o)
                0x1fffaffa                memset
 *(.rodata)
 *(.rodata*)
 *fill*         0x1fffb00a        0x2 
 .rodata.str1.4
                0x1fffb00c        0x4 ./Sources/rtos.o
 .rodata.str1.4
                0x1fffb010       0x10 ./SDK/rtos/FreeRTOS_S32K/Source/timers.o
 .rodata.ucExpectedStackBytes.5686
                0x1fffb020       0x14 ./SDK/rtos/FreeRTOS_S32K/Source/tasks.o
 .rodata.str1.4
                0x1fffb034        0x8 ./SDK/rtos/FreeRTOS_S32K/Source/tasks.o
                                  0x5 (size before relaxing)
 .rodata.maxClocksFreq.6282
                0x1fffb03c       0x24 ./SDK/platform/drivers/src/clock/S32K1xx/clock_S32K1xx.o
 .rodata.clockNameMappings
                0x1fffb060       0x9e ./SDK/platform/drivers/src/clock/S32K1xx/clock_S32K1xx.o
                0x1fffb060                clockNameMappings
 *fill*         0x1fffb0fe        0x2 
 .rodata.fircFreq.6337
                0x1fffb100       0x10 ./SDK/platform/drivers/src/clock/S32K1xx/clock_S32K1xx.o
 *(.glue_7)
 .glue_7        0x00000000        0x0 linker stubs
 *(.glue_7t)
 .glue_7t       0x00000000        0x0 linker stubs
 *(.eh_frame)
 .eh_frame      0x1fffb110        0x0 c:/nxp/s32ds_arm_v2018.r1/cross_tools/gcc-arm-none-eabi-4_9/bin/../lib/gcc/arm-none-eabi/4.9.3/armv7e-m/fpu/crtbegin.o
 *(.init)
 .init          0x1fffb110        0x4 c:/nxp/s32ds_arm_v2018.r1/cross_tools/gcc-arm-none-eabi-4_9/bin/../lib/gcc/arm-none-eabi/4.9.3/armv7e-m/fpu/crti.o
                0x1fffb110                _init
 .init          0x1fffb114        0x8 c:/nxp/s32ds_arm_v2018.r1/cross_tools/gcc-arm-none-eabi-4_9/bin/../lib/gcc/arm-none-eabi/4.9.3/armv7e-m/fpu/crtn.o
 *(.fini)
 .fini          0x1fffb11c        0x4 c:/nxp/s32ds_arm_v2018.r1/cross_tools/gcc-arm-none-eabi-4_9/bin/../lib/gcc/arm-none-eabi/4.9.3/armv7e-m/fpu/crti.o
                0x1fffb11c                _fini
 .fini          0x1fffb120        0x8 c:/nxp/s32ds_arm_v2018.r1/cross_tools/gcc-arm-none-eabi-4_9/bin/../lib/gcc/arm-none-eabi/4.9.3/armv7e-m/fpu/crtn.o
                0x1fffb128                . = ALIGN (0x4)

.vfp11_veneer   0x1fffb128        0x0
 .vfp11_veneer  0x00000000        0x0 linker stubs

.v4_bx          0x1fffb128        0x0
 .v4_bx         0x00000000        0x0 linker stubs

.iplt           0x1fffb128        0x0
 .iplt          0x00000000        0x0 c:/nxp/s32ds_arm_v2018.r1/cross_tools/gcc-arm-none-eabi-4_9/bin/../lib/gcc/arm-none-eabi/4.9.3/armv7e-m/fpu/crtbegin.o

.rel.dyn        0x1fffb128        0x0
 .rel.iplt      0x00000000        0x0 c:/nxp/s32ds_arm_v2018.r1/cross_tools/gcc-arm-none-eabi-4_9/bin/../lib/gcc/arm-none-eabi/4.9.3/armv7e-m/fpu/crtbegin.o

.code_ram       0x1fffb128        0x0
                0x1fffb128                . = ALIGN (0x4)
                0x1fffb128                __CODE_RAM = .
 *(.code_ram)
                0x1fffb128                __CODE_ROM = .
                0x1fffb128                __CODE_END = .
                0x1fffb128                . = ALIGN (0x4)

.ARM.extab
 *(.ARM.extab* .gnu.linkonce.armextab.*)

.ARM            0x1fffb128        0x0
                0x1fffb128                __exidx_start = .
 *(.ARM.exidx*)
                0x1fffb128                __exidx_end = .

.ctors          0x1fffb128        0x0
                0x1fffb128                __CTOR_LIST__ = .
 *crtbegin.o(.ctors)
 *crtbegin?.o(.ctors)
 *(EXCLUDE_FILE(*crtend.o *crtend?.o) .ctors)
 *(SORT(.ctors.*))
 *(.ctors)
                0x1fffb128                __CTOR_END__ = .

.dtors          0x1fffb128        0x0
                0x1fffb128                __DTOR_LIST__ = .
 *crtbegin.o(.dtors)
 *crtbegin?.o(.dtors)
 *(EXCLUDE_FILE(*crtend.o *crtend?.o) .dtors)
 *(SORT(.dtors.*))
 *(.dtors)
                0x1fffb128                __DTOR_END__ = .

.preinit_array  0x1fffb128        0x0
                0x1fffb128                PROVIDE (__preinit_array_start, .)
 *(.preinit_array*)
                0x1fffb128                PROVIDE (__preinit_array_end, .)

.init_array     0x1fffb128        0x4
                0x1fffb128                PROVIDE (__init_array_start, .)
 *(SORT(.init_array.*))
 *(.init_array*)
 .init_array    0x1fffb128        0x4 c:/nxp/s32ds_arm_v2018.r1/cross_tools/gcc-arm-none-eabi-4_9/bin/../lib/gcc/arm-none-eabi/4.9.3/armv7e-m/fpu/crtbegin.o
                0x1fffb12c                PROVIDE (__init_array_end, .)

.fini_array     0x1fffb12c        0x4
                0x1fffb12c                PROVIDE (__fini_array_start, .)
 *(SORT(.fini_array.*))
 *(.fini_array*)
 .fini_array    0x1fffb12c        0x4 c:/nxp/s32ds_arm_v2018.r1/cross_tools/gcc-arm-none-eabi-4_9/bin/../lib/gcc/arm-none-eabi/4.9.3/armv7e-m/fpu/crtbegin.o
                0x1fffb130                PROVIDE (__fini_array_end, .)
                0x1fffb130                __etext = .
                0x1fffb130                __DATA_ROM = .
                0x1fffb130                __DATA_END = __DATA_ROM

.customSectionBlock
 *(.customSection)

.data           0x20000000      0x144
                0x20000000                . = ALIGN (0x4)
                0x20000000                __DATA_RAM = .
                0x20000000                __data_start__ = .
 *(.data)
 *(.data*)
 .data.xFreeBytesRemaining
                0x20000000        0x4 ./SDK/rtos/FreeRTOS_S32K/Source/portable/MemMang/heap_2.o
 .data.uxCriticalNesting
                0x20000004        0x4 ./SDK/rtos/FreeRTOS_S32K/Source/portable/GCC/ARM_CM4F/port.o
 .data.peripheralClockConfig.6062
                0x20000008       0xa0 ./SDK/platform/drivers/src/clock/S32K1xx/clock_S32K1xx.o
 .data.clockMan1_InitConfig0
                0x200000a8       0x78 ./Generated_Code/clockMan1.o
                0x200000a8                clockMan1_InitConfig0
 .data.peripheralClockConfig0
                0x20000120       0x19 ./Generated_Code/clockMan1.o
                0x20000120                peripheralClockConfig0
 *fill*         0x20000139        0x3 
 .data.g_clockManConfigsArr
                0x2000013c        0x4 ./Generated_Code/clockMan1.o
                0x2000013c                g_clockManConfigsArr
 *(.jcr*)
 .jcr           0x20000140        0x0 c:/nxp/s32ds_arm_v2018.r1/cross_tools/gcc-arm-none-eabi-4_9/bin/../lib/gcc/arm-none-eabi/4.9.3/armv7e-m/fpu/crtbegin.o
 .jcr           0x20000140        0x4 c:/nxp/s32ds_arm_v2018.r1/cross_tools/gcc-arm-none-eabi-4_9/bin/../lib/gcc/arm-none-eabi/4.9.3/armv7e-m/fpu/crtend.o
                0x20000144                . = ALIGN (0x4)
                0x20000144                __data_end__ = .

.igot.plt       0x20000144        0x0
 .igot.plt      0x00000000        0x0 c:/nxp/s32ds_arm_v2018.r1/cross_tools/gcc-arm-none-eabi-4_9/bin/../lib/gcc/arm-none-eabi/4.9.3/armv7e-m/fpu/crtbegin.o

.bss            0x20000144     0x21e4
                0x20000144                . = ALIGN (0x4)
                0x20000144                __BSS_START = .
                0x20000144                __bss_start__ = .
 *(.bss)
 .bss           0x20000144       0x1c c:/nxp/s32ds_arm_v2018.r1/cross_tools/gcc-arm-none-eabi-4_9/bin/../lib/gcc/arm-none-eabi/4.9.3/armv7e-m/fpu/crtbegin.o
 *(.bss*)
 .bss.xQueue    0x20000160        0x4 ./Sources/rtos.o
 .bss.exit_code
                0x20000164        0x4 ./Sources/main.o
                0x20000164                exit_code
 .bss.xHeapHasBeenInitialised.4655
                0x20000168        0x4 ./SDK/rtos/FreeRTOS_S32K/Source/portable/MemMang/heap_2.o
 .bss.xStart    0x2000016c        0x8 ./SDK/rtos/FreeRTOS_S32K/Source/portable/MemMang/heap_2.o
 .bss.ucHeap    0x20000174     0x2000 ./SDK/rtos/FreeRTOS_S32K/Source/portable/MemMang/heap_2.o
 .bss.xEnd      0x20002174        0x8 ./SDK/rtos/FreeRTOS_S32K/Source/portable/MemMang/heap_2.o
 .bss.ucMaxSysCallPriority
                0x2000217c        0x1 ./SDK/rtos/FreeRTOS_S32K/Source/portable/GCC/ARM_CM4F/port.o
 *fill*         0x2000217d        0x3 
 .bss.ulMaxPRIGROUPValue
                0x20002180        0x4 ./SDK/rtos/FreeRTOS_S32K/Source/portable/GCC/ARM_CM4F/port.o
 .bss.pxCurrentTimerList
                0x20002184        0x4 ./SDK/rtos/FreeRTOS_S32K/Source/timers.o
 .bss.xActiveTimerList1
                0x20002188       0x14 ./SDK/rtos/FreeRTOS_S32K/Source/timers.o
 .bss.xActiveTimerList2
                0x2000219c       0x14 ./SDK/rtos/FreeRTOS_S32K/Source/timers.o
 .bss.xLastTime.4900
                0x200021b0        0x4 ./SDK/rtos/FreeRTOS_S32K/Source/timers.o
 .bss.xTimerQueue
                0x200021b4        0x4 ./SDK/rtos/FreeRTOS_S32K/Source/timers.o
 .bss.pxOverflowTimerList
                0x200021b8        0x4 ./SDK/rtos/FreeRTOS_S32K/Source/timers.o
 .bss.xNumOfOverflows
                0x200021bc        0x4 ./SDK/rtos/FreeRTOS_S32K/Source/tasks.o
 .bss.pxDelayedTaskList
                0x200021c0        0x4 ./SDK/rtos/FreeRTOS_S32K/Source/tasks.o
 .bss.xSchedulerRunning
                0x200021c4        0x4 ./SDK/rtos/FreeRTOS_S32K/Source/tasks.o
 .bss.uxTasksDeleted
                0x200021c8        0x4 ./SDK/rtos/FreeRTOS_S32K/Source/tasks.o
 .bss.xDelayedTaskList1
                0x200021cc       0x14 ./SDK/rtos/FreeRTOS_S32K/Source/tasks.o
 .bss.pxOverflowDelayedTaskList
                0x200021e0        0x4 ./SDK/rtos/FreeRTOS_S32K/Source/tasks.o
 .bss.uxPendedTicks
                0x200021e4        0x4 ./SDK/rtos/FreeRTOS_S32K/Source/tasks.o
 .bss.pxReadyTasksLists
                0x200021e8       0x64 ./SDK/rtos/FreeRTOS_S32K/Source/tasks.o
 .bss.xTasksWaitingTermination
                0x2000224c       0x14 ./SDK/rtos/FreeRTOS_S32K/Source/tasks.o
 .bss.pxCurrentTCB
                0x20002260        0x4 ./SDK/rtos/FreeRTOS_S32K/Source/tasks.o
                0x20002260                pxCurrentTCB
 .bss.xPendingReadyList
                0x20002264       0x14 ./SDK/rtos/FreeRTOS_S32K/Source/tasks.o
 .bss.uxSchedulerSuspended
                0x20002278        0x4 ./SDK/rtos/FreeRTOS_S32K/Source/tasks.o
 .bss.xTickCount
                0x2000227c        0x4 ./SDK/rtos/FreeRTOS_S32K/Source/tasks.o
 .bss.xNextTaskUnblockTime
                0x20002280        0x4 ./SDK/rtos/FreeRTOS_S32K/Source/tasks.o
 .bss.uxTaskNumber
                0x20002284        0x4 ./SDK/rtos/FreeRTOS_S32K/Source/tasks.o
 .bss.uxCurrentNumberOfTasks
                0x20002288        0x4 ./SDK/rtos/FreeRTOS_S32K/Source/tasks.o
 .bss.xDelayedTaskList2
                0x2000228c       0x14 ./SDK/rtos/FreeRTOS_S32K/Source/tasks.o
 .bss.xSuspendedTaskList
                0x200022a0       0x14 ./SDK/rtos/FreeRTOS_S32K/Source/tasks.o
 .bss.uxTopReadyPriority
                0x200022b4        0x4 ./SDK/rtos/FreeRTOS_S32K/Source/tasks.o
 .bss.xYieldPending
                0x200022b8        0x4 ./SDK/rtos/FreeRTOS_S32K/Source/tasks.o
 .bss.g_interruptDisableCount
                0x200022bc        0x4 ./SDK/platform/drivers/src/interrupt/interrupt_manager.o
 .bss.g_clockState
                0x200022c0       0x10 ./SDK/platform/drivers/src/clock/clock_manager.o
 .bss.g_clockManCallbacksArr
                0x200022d0        0x4 ./Generated_Code/clockMan1.o
                0x200022d0                g_clockManCallbacksArr
 *(COMMON)
 COMMON         0x200022d4       0x40 ./SDK/rtos/FreeRTOS_S32K/Source/queue.o
                0x200022d4                xQueueRegistry
 COMMON         0x20002314       0x14 ./SDK/platform/drivers/src/clock/S32K1xx/clock_S32K1xx.o
                0x20002314                g_xtal0ClkFreq
                0x20002318                g_RtcClkInFreq
                0x2000231c                g_TClkFreq
                0x20002328                . = ALIGN (0x4)
                0x20002328                __bss_end__ = .
                0x20002328                __BSS_END = .

.heap           0x20002328      0x400
                0x20002328                . = ALIGN (0x8)
                0x20002328                __end__ = .
                0x20002328                PROVIDE (end, .)
                0x20002328                PROVIDE (_end, .)
                0x20002328                PROVIDE (__end, .)
                0x20002328                __HeapBase = .
                0x20002728                . = (. + HEAP_SIZE)
 *fill*         0x20002328      0x400 
                0x20002728                __HeapLimit = .
                0x20002728                __heap_limit = .

.stack          0x20002728      0x400
                0x20002728                . = ALIGN (0x8)
                0x20002b28                . = (. + STACK_SIZE)
 *fill*         0x20002728      0x400 
                0x20007000                __StackTop = (ORIGIN (m_data) + 0x7000)
                0x20006c00                __StackLimit = (__StackTop - STACK_SIZE)
                0x20007000                PROVIDE (__stack, __StackTop)

.ARM.attributes
                0x00000000       0x30
 *(.ARM.attributes)
 .ARM.attributes
                0x00000000       0x22 c:/nxp/s32ds_arm_v2018.r1/cross_tools/gcc-arm-none-eabi-4_9/bin/../lib/gcc/arm-none-eabi/4.9.3/armv7e-m/fpu/crti.o
 .ARM.attributes
                0x00000022       0x34 c:/nxp/s32ds_arm_v2018.r1/cross_tools/gcc-arm-none-eabi-4_9/bin/../lib/gcc/arm-none-eabi/4.9.3/armv7e-m/fpu/crtbegin.o
 .ARM.attributes
                0x00000056       0x39 ./Sources/rtos.o
 .ARM.attributes
                0x0000008f       0x39 ./Sources/main.o
 .ARM.attributes
                0x000000c8       0x39 ./SDK/rtos/FreeRTOS_S32K/Source/portable/MemMang/heap_2.o
 .ARM.attributes
                0x00000101       0x39 ./SDK/rtos/FreeRTOS_S32K/Source/portable/GCC/ARM_CM4F/port.o
 .ARM.attributes
                0x0000013a       0x39 ./SDK/rtos/FreeRTOS_S32K/Source/timers.o
 .ARM.attributes
                0x00000173       0x39 ./SDK/rtos/FreeRTOS_S32K/Source/tasks.o
 .ARM.attributes
                0x000001ac       0x39 ./SDK/rtos/FreeRTOS_S32K/Source/queue.o
 .ARM.attributes
                0x000001e5       0x39 ./SDK/rtos/FreeRTOS_S32K/Source/list.o
 .ARM.attributes
                0x0000021e       0x39 ./SDK/platform/drivers/src/pins/pins_driver.o
 .ARM.attributes
                0x00000257       0x39 ./SDK/platform/drivers/src/interrupt/interrupt_manager.o
 .ARM.attributes
                0x00000290       0x39 ./SDK/platform/drivers/src/clock/clock_manager.o
 .ARM.attributes
                0x000002c9       0x39 ./SDK/platform/drivers/src/clock/S32K1xx/clock_S32K1xx.o
 .ARM.attributes
                0x00000302       0x39 ./SDK/platform/devices/startup.o
 .ARM.attributes
                0x0000033b       0x39 ./SDK/platform/devices/S32K144/startup/system_S32K144.o
 .ARM.attributes
                0x00000374       0x1f ./Project_Settings/Startup_Code/startup_S32K144.o
 .ARM.attributes
                0x00000393       0x39 ./Generated_Code/clockMan1.o
 .ARM.attributes
                0x000003cc       0x34 C:/NXP/S32DS_ARM_v2018.R1/Cross_Tools/gcc-arm-none-eabi-4_9/arm-none-eabi/newlib/lib/armv7e-m/fpu\libc_nano.a(lib_a-memcmp.o)
 .ARM.attributes
                0x00000400       0x34 C:/NXP/S32DS_ARM_v2018.R1/Cross_Tools/gcc-arm-none-eabi-4_9/arm-none-eabi/newlib/lib/armv7e-m/fpu\libc_nano.a(lib_a-memcpy.o)
 .ARM.attributes
                0x00000434       0x34 C:/NXP/S32DS_ARM_v2018.R1/Cross_Tools/gcc-arm-none-eabi-4_9/arm-none-eabi/newlib/lib/armv7e-m/fpu\libc_nano.a(lib_a-memset.o)
 .ARM.attributes
                0x00000468       0x34 c:/nxp/s32ds_arm_v2018.r1/cross_tools/gcc-arm-none-eabi-4_9/bin/../lib/gcc/arm-none-eabi/4.9.3/armv7e-m/fpu/crtend.o
 .ARM.attributes
                0x0000049c       0x22 c:/nxp/s32ds_arm_v2018.r1/cross_tools/gcc-arm-none-eabi-4_9/bin/../lib/gcc/arm-none-eabi/4.9.3/armv7e-m/fpu/crtn.o
                0x00000001                ASSERT ((__StackLimit >= __HeapLimit), region m_data overflowed with stack and heap)

/DISCARD/
 *(.FlashConfig)
OUTPUT(freertos_s32k144_new.elf elf32-littlearm)

.debug_info     0x00000000    0x121e8
 .debug_info    0x00000000     0x1c99 ./Sources/rtos.o
 .debug_info    0x00001c99      0x294 ./Sources/main.o
 .debug_info    0x00001f2d      0x37b ./SDK/rtos/FreeRTOS_S32K/Source/portable/MemMang/heap_2.o
 .debug_info    0x000022a8      0x542 ./SDK/rtos/FreeRTOS_S32K/Source/portable/GCC/ARM_CM4F/port.o
 .debug_info    0x000027ea     0x1250 ./SDK/rtos/FreeRTOS_S32K/Source/timers.o
 .debug_info    0x00003a3a     0x25a5 ./SDK/rtos/FreeRTOS_S32K/Source/tasks.o
 .debug_info    0x00005fdf     0x1997 ./SDK/rtos/FreeRTOS_S32K/Source/queue.o
 .debug_info    0x00007976      0x29a ./SDK/rtos/FreeRTOS_S32K/Source/list.o
 .debug_info    0x00007c10     0x153d ./SDK/platform/drivers/src/pins/pins_driver.o
 .debug_info    0x0000914d      0xb39 ./SDK/platform/drivers/src/interrupt/interrupt_manager.o
 .debug_info    0x00009c86     0x12e3 ./SDK/platform/drivers/src/clock/clock_manager.o
 .debug_info    0x0000af69     0x5677 ./SDK/platform/drivers/src/clock/S32K1xx/clock_S32K1xx.o
 .debug_info    0x000105e0      0x430 ./SDK/platform/devices/startup.o
 .debug_info    0x00010a10      0x516 ./SDK/platform/devices/S32K144/startup/system_S32K144.o
 .debug_info    0x00010f26       0xd9 ./Project_Settings/Startup_Code/startup_S32K144.o
 .debug_info    0x00010fff     0x11e9 ./Generated_Code/clockMan1.o

.debug_abbrev   0x00000000     0x2099
 .debug_abbrev  0x00000000      0x304 ./Sources/rtos.o
 .debug_abbrev  0x00000304       0x93 ./Sources/main.o
 .debug_abbrev  0x00000397      0x1dc ./SDK/rtos/FreeRTOS_S32K/Source/portable/MemMang/heap_2.o
 .debug_abbrev  0x00000573      0x210 ./SDK/rtos/FreeRTOS_S32K/Source/portable/GCC/ARM_CM4F/port.o
 .debug_abbrev  0x00000783      0x354 ./SDK/rtos/FreeRTOS_S32K/Source/timers.o
 .debug_abbrev  0x00000ad7      0x3a5 ./SDK/rtos/FreeRTOS_S32K/Source/tasks.o
 .debug_abbrev  0x00000e7c      0x316 ./SDK/rtos/FreeRTOS_S32K/Source/queue.o
 .debug_abbrev  0x00001192       0xdd ./SDK/rtos/FreeRTOS_S32K/Source/list.o
 .debug_abbrev  0x0000126f      0x327 ./SDK/platform/drivers/src/pins/pins_driver.o
 .debug_abbrev  0x00001596      0x237 ./SDK/platform/drivers/src/interrupt/interrupt_manager.o
 .debug_abbrev  0x000017cd      0x20a ./SDK/platform/drivers/src/clock/clock_manager.o
 .debug_abbrev  0x000019d7      0x346 ./SDK/platform/drivers/src/clock/S32K1xx/clock_S32K1xx.o
 .debug_abbrev  0x00001d1d      0x12a ./SDK/platform/devices/startup.o
 .debug_abbrev  0x00001e47      0x134 ./SDK/platform/devices/S32K144/startup/system_S32K144.o
 .debug_abbrev  0x00001f7b       0x14 ./Project_Settings/Startup_Code/startup_S32K144.o
 .debug_abbrev  0x00001f8f      0x10a ./Generated_Code/clockMan1.o

.debug_loc      0x00000000     0x9335
 .debug_loc     0x00000000       0x21 ./Sources/rtos.o
 .debug_loc     0x00000021      0x297 ./SDK/rtos/FreeRTOS_S32K/Source/portable/MemMang/heap_2.o
 .debug_loc     0x000002b8       0xa7 ./SDK/rtos/FreeRTOS_S32K/Source/portable/GCC/ARM_CM4F/port.o
 .debug_loc     0x0000035f      0x9f9 ./SDK/rtos/FreeRTOS_S32K/Source/timers.o
 .debug_loc     0x00000d58     0x1650 ./SDK/rtos/FreeRTOS_S32K/Source/tasks.o
 .debug_loc     0x000023a8      0xc9d ./SDK/rtos/FreeRTOS_S32K/Source/queue.o
 .debug_loc     0x00003045       0x65 ./SDK/rtos/FreeRTOS_S32K/Source/list.o
 .debug_loc     0x000030aa      0x49c ./SDK/platform/drivers/src/pins/pins_driver.o
 .debug_loc     0x00003546      0x62b ./SDK/platform/drivers/src/interrupt/interrupt_manager.o
 .debug_loc     0x00003b71      0x21f ./SDK/platform/drivers/src/clock/clock_manager.o
 .debug_loc     0x00003d90     0x53e2 ./SDK/platform/drivers/src/clock/S32K1xx/clock_S32K1xx.o
 .debug_loc     0x00009172       0xae ./SDK/platform/devices/startup.o
 .debug_loc     0x00009220      0x115 ./SDK/platform/devices/S32K144/startup/system_S32K144.o

.debug_aranges  0x00000000      0x760
 .debug_aranges
                0x00000000       0x68 ./Sources/rtos.o
 .debug_aranges
                0x00000068       0x20 ./Sources/main.o
 .debug_aranges
                0x00000088       0x38 ./SDK/rtos/FreeRTOS_S32K/Source/portable/MemMang/heap_2.o
 .debug_aranges
                0x000000c0       0x80 ./SDK/rtos/FreeRTOS_S32K/Source/portable/GCC/ARM_CM4F/port.o
 .debug_aranges
                0x00000140       0x80 ./SDK/rtos/FreeRTOS_S32K/Source/timers.o
 .debug_aranges
                0x000001c0      0x178 ./SDK/rtos/FreeRTOS_S32K/Source/tasks.o
 .debug_aranges
                0x00000338       0xe0 ./SDK/rtos/FreeRTOS_S32K/Source/queue.o
 .debug_aranges
                0x00000418       0x40 ./SDK/rtos/FreeRTOS_S32K/Source/list.o
 .debug_aranges
                0x00000458       0xe0 ./SDK/platform/drivers/src/pins/pins_driver.o
 .debug_aranges
                0x00000538       0x70 ./SDK/platform/drivers/src/interrupt/interrupt_manager.o
 .debug_aranges
                0x000005a8       0x38 ./SDK/platform/drivers/src/clock/clock_manager.o
 .debug_aranges
                0x000005e0       0xf8 ./SDK/platform/drivers/src/clock/S32K1xx/clock_S32K1xx.o
 .debug_aranges
                0x000006d8       0x20 ./SDK/platform/devices/startup.o
 .debug_aranges
                0x000006f8       0x30 ./SDK/platform/devices/S32K144/startup/system_S32K144.o
 .debug_aranges
                0x00000728       0x20 ./Project_Settings/Startup_Code/startup_S32K144.o
 .debug_aranges
                0x00000748       0x18 ./Generated_Code/clockMan1.o

.debug_ranges   0x00000000      0x8e0
 .debug_ranges  0x00000000       0x58 ./Sources/rtos.o
 .debug_ranges  0x00000058       0x10 ./Sources/main.o
 .debug_ranges  0x00000068       0x28 ./SDK/rtos/FreeRTOS_S32K/Source/portable/MemMang/heap_2.o
 .debug_ranges  0x00000090       0x70 ./SDK/rtos/FreeRTOS_S32K/Source/portable/GCC/ARM_CM4F/port.o
 .debug_ranges  0x00000100       0xb8 ./SDK/rtos/FreeRTOS_S32K/Source/timers.o
 .debug_ranges  0x000001b8      0x210 ./SDK/rtos/FreeRTOS_S32K/Source/tasks.o
 .debug_ranges  0x000003c8       0xd0 ./SDK/rtos/FreeRTOS_S32K/Source/queue.o
 .debug_ranges  0x00000498       0x30 ./SDK/rtos/FreeRTOS_S32K/Source/list.o
 .debug_ranges  0x000004c8       0xd0 ./SDK/platform/drivers/src/pins/pins_driver.o
 .debug_ranges  0x00000598       0x78 ./SDK/platform/drivers/src/interrupt/interrupt_manager.o
 .debug_ranges  0x00000610       0x28 ./SDK/platform/drivers/src/clock/clock_manager.o
 .debug_ranges  0x00000638      0x278 ./SDK/platform/drivers/src/clock/S32K1xx/clock_S32K1xx.o
 .debug_ranges  0x000008b0       0x10 ./SDK/platform/devices/startup.o
 .debug_ranges  0x000008c0       0x20 ./SDK/platform/devices/S32K144/startup/system_S32K144.o

.debug_macro    0x00000000    0x2a013
 .debug_macro   0x00000000      0xb55 ./Sources/rtos.o
 .debug_macro   0x00000b55      0x166 ./Sources/rtos.o
 .debug_macro   0x00000cbb       0x22 ./Sources/rtos.o
 .debug_macro   0x00000cdd       0x44 ./Sources/rtos.o
 .debug_macro   0x00000d21       0xe3 ./Sources/rtos.o
 .debug_macro   0x00000e04       0x22 ./Sources/rtos.o
 .debug_macro   0x00000e26      0x1df ./Sources/rtos.o
 .debug_macro   0x00001005      0x160 ./Sources/rtos.o
 .debug_macro   0x00001165      0x15d ./Sources/rtos.o
 .debug_macro   0x000012c2       0xe4 ./Sources/rtos.o
 .debug_macro   0x000013a6       0x10 ./Sources/rtos.o
 .debug_macro   0x000013b6       0x1f ./Sources/rtos.o
 .debug_macro   0x000013d5      0x337 ./Sources/rtos.o
 .debug_macro   0x0000170c       0xc0 ./Sources/rtos.o
 .debug_macro   0x000017cc       0x8c ./Sources/rtos.o
 .debug_macro   0x00001858       0xb0 ./Sources/rtos.o
 .debug_macro   0x00001908       0x91 ./Sources/rtos.o
 .debug_macro   0x00001999       0x10 ./Sources/rtos.o
 .debug_macro   0x000019a9       0x73 ./Sources/rtos.o
 .debug_macro   0x00001a1c     0xecc2 ./Sources/rtos.o
 .debug_macro   0x000106de      0xa20 ./Sources/rtos.o
 .debug_macro   0x000110fe       0x22 ./Sources/rtos.o
 .debug_macro   0x00011120       0x71 ./Sources/rtos.o
 .debug_macro   0x00011191       0x28 ./Sources/rtos.o
 .debug_macro   0x000111b9       0x16 ./Sources/rtos.o
 .debug_macro   0x000111cf       0x52 ./Sources/rtos.o
 .debug_macro   0x00011221      0xace ./Sources/main.o
 .debug_macro   0x00011cef       0x19 ./Sources/main.o
 .debug_macro   0x00011d08     0xecad ./Sources/main.o
 .debug_macro   0x000209b5      0xaea ./SDK/rtos/FreeRTOS_S32K/Source/portable/MemMang/heap_2.o
 .debug_macro   0x0002149f       0x58 ./SDK/rtos/FreeRTOS_S32K/Source/portable/MemMang/heap_2.o
 .debug_macro   0x000214f7       0x35 ./SDK/rtos/FreeRTOS_S32K/Source/portable/MemMang/heap_2.o
 .debug_macro   0x0002152c       0x9c ./SDK/rtos/FreeRTOS_S32K/Source/portable/MemMang/heap_2.o
 .debug_macro   0x000215c8       0x16 ./SDK/rtos/FreeRTOS_S32K/Source/portable/MemMang/heap_2.o
 .debug_macro   0x000215de      0x10e ./SDK/rtos/FreeRTOS_S32K/Source/portable/MemMang/heap_2.o
 .debug_macro   0x000216ec       0x7f ./SDK/rtos/FreeRTOS_S32K/Source/portable/MemMang/heap_2.o
 .debug_macro   0x0002176b       0x4a ./SDK/rtos/FreeRTOS_S32K/Source/portable/MemMang/heap_2.o
 .debug_macro   0x000217b5       0x52 ./SDK/rtos/FreeRTOS_S32K/Source/portable/MemMang/heap_2.o
 .debug_macro   0x00021807       0x16 ./SDK/rtos/FreeRTOS_S32K/Source/portable/MemMang/heap_2.o
 .debug_macro   0x0002181d       0x43 ./SDK/rtos/FreeRTOS_S32K/Source/portable/MemMang/heap_2.o
 .debug_macro   0x00021860      0x180 ./SDK/rtos/FreeRTOS_S32K/Source/portable/MemMang/heap_2.o
 .debug_macro   0x000219e0      0x29d ./SDK/rtos/FreeRTOS_S32K/Source/portable/MemMang/heap_2.o
 .debug_macro   0x00021c7d       0x22 ./SDK/rtos/FreeRTOS_S32K/Source/portable/MemMang/heap_2.o
 .debug_macro   0x00021c9f      0xae6 ./SDK/rtos/FreeRTOS_S32K/Source/portable/GCC/ARM_CM4F/port.o
 .debug_macro   0x00022785      0xaf9 ./SDK/rtos/FreeRTOS_S32K/Source/timers.o
 .debug_macro   0x0002327e      0xbba ./SDK/rtos/FreeRTOS_S32K/Source/tasks.o
 .debug_macro   0x00023e38       0x16 ./SDK/rtos/FreeRTOS_S32K/Source/tasks.o
 .debug_macro   0x00023e4e       0x35 ./SDK/rtos/FreeRTOS_S32K/Source/tasks.o
 .debug_macro   0x00023e83       0x17 ./SDK/rtos/FreeRTOS_S32K/Source/tasks.o
 .debug_macro   0x00023e9a       0x1c ./SDK/rtos/FreeRTOS_S32K/Source/tasks.o
 .debug_macro   0x00023eb6       0x10 ./SDK/rtos/FreeRTOS_S32K/Source/tasks.o
 .debug_macro   0x00023ec6       0x10 ./SDK/rtos/FreeRTOS_S32K/Source/tasks.o
 .debug_macro   0x00023ed6       0x22 ./SDK/rtos/FreeRTOS_S32K/Source/tasks.o
 .debug_macro   0x00023ef8       0xbe ./SDK/rtos/FreeRTOS_S32K/Source/tasks.o
 .debug_macro   0x00023fb6       0x16 ./SDK/rtos/FreeRTOS_S32K/Source/tasks.o
 .debug_macro   0x00023fcc      0x166 ./SDK/rtos/FreeRTOS_S32K/Source/tasks.o
 .debug_macro   0x00024132      0xb2e ./SDK/rtos/FreeRTOS_S32K/Source/queue.o
 .debug_macro   0x00024c60      0xabc ./SDK/rtos/FreeRTOS_S32K/Source/list.o
 .debug_macro   0x0002571c      0xa2d ./SDK/platform/drivers/src/pins/pins_driver.o
 .debug_macro   0x00026149      0xa06 ./SDK/platform/drivers/src/interrupt/interrupt_manager.o
 .debug_macro   0x00026b4f      0xa2c ./SDK/platform/drivers/src/clock/clock_manager.o
 .debug_macro   0x0002757b      0xbca ./SDK/platform/drivers/src/clock/S32K1xx/clock_S32K1xx.o
 .debug_macro   0x00028145      0xa06 ./SDK/platform/devices/startup.o
 .debug_macro   0x00028b4b      0xa05 ./SDK/platform/devices/S32K144/startup/system_S32K144.o
 .debug_macro   0x00029550      0xab3 ./Generated_Code/clockMan1.o
 .debug_macro   0x0002a003       0x10 ./Generated_Code/clockMan1.o

.debug_line     0x00000000     0x704d
 .debug_line    0x00000000      0x7ae ./Sources/rtos.o
 .debug_line    0x000007ae      0x682 ./Sources/main.o
 .debug_line    0x00000e30      0x501 ./SDK/rtos/FreeRTOS_S32K/Source/portable/MemMang/heap_2.o
 .debug_line    0x00001331      0x54b ./SDK/rtos/FreeRTOS_S32K/Source/portable/GCC/ARM_CM4F/port.o
 .debug_line    0x0000187c      0x6b1 ./SDK/rtos/FreeRTOS_S32K/Source/timers.o
 .debug_line    0x00001f2d      0xe08 ./SDK/rtos/FreeRTOS_S32K/Source/tasks.o
 .debug_line    0x00002d35      0xaa1 ./SDK/rtos/FreeRTOS_S32K/Source/queue.o
 .debug_line    0x000037d6      0x4c7 ./SDK/rtos/FreeRTOS_S32K/Source/list.o
 .debug_line    0x00003c9d      0x6d6 ./SDK/platform/drivers/src/pins/pins_driver.o
 .debug_line    0x00004373      0x5af ./SDK/platform/drivers/src/interrupt/interrupt_manager.o
 .debug_line    0x00004922      0x560 ./SDK/platform/drivers/src/clock/clock_manager.o
 .debug_line    0x00004e82     0x1313 ./SDK/platform/drivers/src/clock/S32K1xx/clock_S32K1xx.o
 .debug_line    0x00006195      0x37d ./SDK/platform/devices/startup.o
 .debug_line    0x00006512      0x403 ./SDK/platform/devices/S32K144/startup/system_S32K144.o
 .debug_line    0x00006915       0xc0 ./Project_Settings/Startup_Code/startup_S32K144.o
 .debug_line    0x000069d5      0x678 ./Generated_Code/clockMan1.o

.debug_str      0x00000000    0x771e3
 .debug_str     0x00000000    0x6ec9f ./Sources/rtos.o
                              0x6f1ad (size before relaxing)
 .debug_str     0x0006ec9f       0x3b ./Sources/main.o
                              0x6ab91 (size before relaxing)
 .debug_str     0x0006ecda     0x261e ./SDK/rtos/FreeRTOS_S32K/Source/portable/MemMang/heap_2.o
                               0x8f23 (size before relaxing)
 .debug_str     0x000712f8      0x850 ./SDK/rtos/FreeRTOS_S32K/Source/portable/GCC/ARM_CM4F/port.o
                               0x718b (size before relaxing)
 .debug_str     0x00071b48      0x5fe ./SDK/rtos/FreeRTOS_S32K/Source/timers.o
                               0xa4f0 (size before relaxing)
 .debug_str     0x00072146     0x1dc9 ./SDK/rtos/FreeRTOS_S32K/Source/tasks.o
                               0xb4f0 (size before relaxing)
 .debug_str     0x00073f0f      0x62b ./SDK/rtos/FreeRTOS_S32K/Source/queue.o
                               0x9fb1 (size before relaxing)
 .debug_str     0x0007453a       0x97 ./SDK/rtos/FreeRTOS_S32K/Source/list.o
                               0x86af (size before relaxing)
 .debug_str     0x000745d1      0x799 ./SDK/platform/drivers/src/pins/pins_driver.o
                              0x68ffc (size before relaxing)
 .debug_str     0x00074d6a      0x263 ./SDK/platform/drivers/src/interrupt/interrupt_manager.o
                              0x68377 (size before relaxing)
 .debug_str     0x00074fcd      0x1ba ./SDK/platform/drivers/src/clock/clock_manager.o
                              0x69d53 (size before relaxing)
 .debug_str     0x00075187     0x1ddd ./SDK/platform/drivers/src/clock/S32K1xx/clock_S32K1xx.o
                              0x6b7e8 (size before relaxing)
 .debug_str     0x00076f64      0x14b ./SDK/platform/devices/startup.o
                              0x67cb7 (size before relaxing)
 .debug_str     0x000770af       0xe9 ./SDK/platform/devices/S32K144/startup/system_S32K144.o
                              0x67d91 (size before relaxing)
 .debug_str     0x00077198       0x4b ./Generated_Code/clockMan1.o
                              0x6c8bd (size before relaxing)

.comment        0x00000000       0x70
 .comment       0x00000000       0x70 ./Sources/rtos.o
                                 0x71 (size before relaxing)
 .comment       0x00000000       0x71 ./Sources/main.o
 .comment       0x00000000       0x71 ./SDK/rtos/FreeRTOS_S32K/Source/portable/MemMang/heap_2.o
 .comment       0x00000000       0x71 ./SDK/rtos/FreeRTOS_S32K/Source/portable/GCC/ARM_CM4F/port.o
 .comment       0x00000000       0x71 ./SDK/rtos/FreeRTOS_S32K/Source/timers.o
 .comment       0x00000000       0x71 ./SDK/rtos/FreeRTOS_S32K/Source/tasks.o
 .comment       0x00000000       0x71 ./SDK/rtos/FreeRTOS_S32K/Source/queue.o
 .comment       0x00000000       0x71 ./SDK/rtos/FreeRTOS_S32K/Source/list.o
 .comment       0x00000000       0x71 ./SDK/platform/drivers/src/pins/pins_driver.o
 .comment       0x00000000       0x71 ./SDK/platform/drivers/src/interrupt/interrupt_manager.o
 .comment       0x00000000       0x71 ./SDK/platform/drivers/src/clock/clock_manager.o
 .comment       0x00000000       0x71 ./SDK/platform/drivers/src/clock/S32K1xx/clock_S32K1xx.o
 .comment       0x00000000       0x71 ./SDK/platform/devices/startup.o
 .comment       0x00000000       0x71 ./SDK/platform/devices/S32K144/startup/system_S32K144.o
 .comment       0x00000000       0x71 ./Generated_Code/clockMan1.o

.debug_frame    0x00000000     0x12ac
 .debug_frame   0x00000000       0xec ./Sources/rtos.o
 .debug_frame   0x000000ec       0x28 ./Sources/main.o
 .debug_frame   0x00000114       0x70 ./SDK/rtos/FreeRTOS_S32K/Source/portable/MemMang/heap_2.o
 .debug_frame   0x00000184       0xf0 ./SDK/rtos/FreeRTOS_S32K/Source/portable/GCC/ARM_CM4F/port.o
 .debug_frame   0x00000274      0x1a4 ./SDK/rtos/FreeRTOS_S32K/Source/timers.o
 .debug_frame   0x00000418      0x484 ./SDK/rtos/FreeRTOS_S32K/Source/tasks.o
 .debug_frame   0x0000089c      0x2b4 ./SDK/rtos/FreeRTOS_S32K/Source/queue.o
 .debug_frame   0x00000b50       0x6c ./SDK/rtos/FreeRTOS_S32K/Source/list.o
 .debug_frame   0x00000bbc      0x1d8 ./SDK/platform/drivers/src/pins/pins_driver.o
 .debug_frame   0x00000d94       0xe8 ./SDK/platform/drivers/src/interrupt/interrupt_manager.o
 .debug_frame   0x00000e7c       0x74 ./SDK/platform/drivers/src/clock/clock_manager.o
 .debug_frame   0x00000ef0      0x2e0 ./SDK/platform/drivers/src/clock/S32K1xx/clock_S32K1xx.o
 .debug_frame   0x000011d0       0x2c ./SDK/platform/devices/startup.o
 .debug_frame   0x000011fc       0x40 ./SDK/platform/devices/S32K144/startup/system_S32K144.o
 .debug_frame   0x0000123c       0x28 C:/NXP/S32DS_ARM_v2018.R1/Cross_Tools/gcc-arm-none-eabi-4_9/arm-none-eabi/newlib/lib/armv7e-m/fpu\libc_nano.a(lib_a-memcmp.o)
 .debug_frame   0x00001264       0x28 C:/NXP/S32DS_ARM_v2018.R1/Cross_Tools/gcc-arm-none-eabi-4_9/arm-none-eabi/newlib/lib/armv7e-m/fpu\libc_nano.a(lib_a-memcpy.o)
 .debug_frame   0x0000128c       0x20 C:/NXP/S32DS_ARM_v2018.R1/Cross_Tools/gcc-arm-none-eabi-4_9/arm-none-eabi/newlib/lib/armv7e-m/fpu\libc_nano.a(lib_a-memset.o)
